RegionEU868.c:112:13:VerifyTxFreq	16	static
RegionEU868.c:195:6:RegionEU868GetPhyParam	8	static
RegionEU868.c:319:6:RegionEU868SetBandTxDone	0	static
RegionEU868.c:324:6:RegionEU868InitDefaults	8	static
RegionEU868.c:354:6:RegionEU868Verify	8	static
RegionEU868.c:430:6:RegionEU868ChanMaskSet	8	static
RegionEU868.c:450:6:RegionEU868AdrNext	16	static
RegionEU868.c:515:6:RegionEU868RxConfig	88	static
RegionEU868.c:575:6:RegionEU868TxConfig	88	static
RegionEU868.c:605:9:RegionEU868LinkAdrReq	64	static
RegionEU868.c:707:9:RegionEU868RxParamSetupReq	16	static
RegionEU868.c:785:8:RegionEU868TxParamSetupReq	0	static
RegionEU868.c:790:9:RegionEU868DlChannelReq	16	static
RegionEU868.c:816:8:RegionEU868AlternateDr	0	static
RegionEU868.c:847:6:RegionEU868CalcBackOff	24	static
RegionEU868.c:874:6:RegionEU868NextChannel	72	static
RegionEU868.c:925:17:RegionEU868ChannelAdd	32	static
RegionEU868.c:1000:6:RegionEU868ChannelsRemove	4	static
RegionEU868.c:390:6:RegionEU868ApplyCFList	48	static
RegionEU868.c:732:9:RegionEU868NewChannelReq	16	static
RegionEU868.c:1015:6:RegionEU868SetContinuousWave	4	static
