RegionCommon.c:54:10:RegionCommonGetJoinDc	0	static
RegionCommon.c:73:6:RegionCommonChanVerifyDr	24	static
RegionCommon.c:97:9:RegionCommonValueInRange	0	static
RegionCommon.c:106:6:RegionCommonChanDisable	8	static
RegionCommon.c:121:9:RegionCommonCountChannels	20	static
RegionCommon.c:138:6:RegionCommonChanMaskCopy	8	static
RegionCommon.c:149:6:RegionCommonSetBandTxDone	0	static
RegionCommon.c:154:13:RegionCommonUpdateBandTimeOff	32	static
RegionCommon.c:182:9:RegionCommonParseLinkAdrReq	0	static
