Archive member included to satisfy reference by file (symbol)

c:/st/stm32cubeide_1.5.0/stm32cubeide/plugins/com.st.stm32cube.ide.mcu.externaltools.gnu-tools-for-stm32.7-2018-q2-update.win32_1.5.0.202011040924/tools/bin/../lib/gcc/arm-none-eabi/7.3.1/../../../../arm-none-eabi/lib/thumb/v7e-m/fpv4-sp/hard\libc_nano.a(lib_a-errno.o)
                              Src/syscalls.o (__errno)
c:/st/stm32cubeide_1.5.0/stm32cubeide/plugins/com.st.stm32cube.ide.mcu.externaltools.gnu-tools-for-stm32.7-2018-q2-update.win32_1.5.0.202011040924/tools/bin/../lib/gcc/arm-none-eabi/7.3.1/../../../../arm-none-eabi/lib/thumb/v7e-m/fpv4-sp/hard\libc_nano.a(lib_a-exit.o)
                              c:/st/stm32cubeide_1.5.0/stm32cubeide/plugins/com.st.stm32cube.ide.mcu.externaltools.gnu-tools-for-stm32.7-2018-q2-update.win32_1.5.0.202011040924/tools/bin/../lib/gcc/arm-none-eabi/7.3.1/../../../../arm-none-eabi/lib/thumb/v7e-m/fpv4-sp/hard/crt0.o (exit)
c:/st/stm32cubeide_1.5.0/stm32cubeide/plugins/com.st.stm32cube.ide.mcu.externaltools.gnu-tools-for-stm32.7-2018-q2-update.win32_1.5.0.202011040924/tools/bin/../lib/gcc/arm-none-eabi/7.3.1/../../../../arm-none-eabi/lib/thumb/v7e-m/fpv4-sp/hard\libc_nano.a(lib_a-impure.o)
                              c:/st/stm32cubeide_1.5.0/stm32cubeide/plugins/com.st.stm32cube.ide.mcu.externaltools.gnu-tools-for-stm32.7-2018-q2-update.win32_1.5.0.202011040924/tools/bin/../lib/gcc/arm-none-eabi/7.3.1/../../../../arm-none-eabi/lib/thumb/v7e-m/fpv4-sp/hard\libc_nano.a(lib_a-exit.o) (_global_impure_ptr)
c:/st/stm32cubeide_1.5.0/stm32cubeide/plugins/com.st.stm32cube.ide.mcu.externaltools.gnu-tools-for-stm32.7-2018-q2-update.win32_1.5.0.202011040924/tools/bin/../lib/gcc/arm-none-eabi/7.3.1/../../../../arm-none-eabi/lib/thumb/v7e-m/fpv4-sp/hard\libc_nano.a(lib_a-init.o)
                              c:/st/stm32cubeide_1.5.0/stm32cubeide/plugins/com.st.stm32cube.ide.mcu.externaltools.gnu-tools-for-stm32.7-2018-q2-update.win32_1.5.0.202011040924/tools/bin/../lib/gcc/arm-none-eabi/7.3.1/../../../../arm-none-eabi/lib/thumb/v7e-m/fpv4-sp/hard/crt0.o (__libc_init_array)
c:/st/stm32cubeide_1.5.0/stm32cubeide/plugins/com.st.stm32cube.ide.mcu.externaltools.gnu-tools-for-stm32.7-2018-q2-update.win32_1.5.0.202011040924/tools/bin/../lib/gcc/arm-none-eabi/7.3.1/../../../../arm-none-eabi/lib/thumb/v7e-m/fpv4-sp/hard\libc_nano.a(lib_a-memcpy-stub.o)
                              Lora/Mac/region/RegionEU868.o (memcpy)
c:/st/stm32cubeide_1.5.0/stm32cubeide/plugins/com.st.stm32cube.ide.mcu.externaltools.gnu-tools-for-stm32.7-2018-q2-update.win32_1.5.0.202011040924/tools/bin/../lib/gcc/arm-none-eabi/7.3.1/../../../../arm-none-eabi/lib/thumb/v7e-m/fpv4-sp/hard\libc_nano.a(lib_a-memset.o)
                              c:/st/stm32cubeide_1.5.0/stm32cubeide/plugins/com.st.stm32cube.ide.mcu.externaltools.gnu-tools-for-stm32.7-2018-q2-update.win32_1.5.0.202011040924/tools/bin/../lib/gcc/arm-none-eabi/7.3.1/../../../../arm-none-eabi/lib/thumb/v7e-m/fpv4-sp/hard/crt0.o (memset)
c:/st/stm32cubeide_1.5.0/stm32cubeide/plugins/com.st.stm32cube.ide.mcu.externaltools.gnu-tools-for-stm32.7-2018-q2-update.win32_1.5.0.202011040924/tools/bin/../lib/gcc/arm-none-eabi/7.3.1/../../../../arm-none-eabi/lib/thumb/v7e-m/fpv4-sp/hard\libc_nano.a(lib_a-vsprintf.o)
                              Src/vcom.o (vsprintf)
c:/st/stm32cubeide_1.5.0/stm32cubeide/plugins/com.st.stm32cube.ide.mcu.externaltools.gnu-tools-for-stm32.7-2018-q2-update.win32_1.5.0.202011040924/tools/bin/../lib/gcc/arm-none-eabi/7.3.1/../../../../arm-none-eabi/lib/thumb/v7e-m/fpv4-sp/hard\libc_nano.a(lib_a-nano-svfprintf.o)
                              c:/st/stm32cubeide_1.5.0/stm32cubeide/plugins/com.st.stm32cube.ide.mcu.externaltools.gnu-tools-for-stm32.7-2018-q2-update.win32_1.5.0.202011040924/tools/bin/../lib/gcc/arm-none-eabi/7.3.1/../../../../arm-none-eabi/lib/thumb/v7e-m/fpv4-sp/hard\libc_nano.a(lib_a-vsprintf.o) (_svfprintf_r)
c:/st/stm32cubeide_1.5.0/stm32cubeide/plugins/com.st.stm32cube.ide.mcu.externaltools.gnu-tools-for-stm32.7-2018-q2-update.win32_1.5.0.202011040924/tools/bin/../lib/gcc/arm-none-eabi/7.3.1/../../../../arm-none-eabi/lib/thumb/v7e-m/fpv4-sp/hard\libc_nano.a(lib_a-nano-vfprintf_i.o)
                              c:/st/stm32cubeide_1.5.0/stm32cubeide/plugins/com.st.stm32cube.ide.mcu.externaltools.gnu-tools-for-stm32.7-2018-q2-update.win32_1.5.0.202011040924/tools/bin/../lib/gcc/arm-none-eabi/7.3.1/../../../../arm-none-eabi/lib/thumb/v7e-m/fpv4-sp/hard\libc_nano.a(lib_a-nano-svfprintf.o) (_printf_i)
c:/st/stm32cubeide_1.5.0/stm32cubeide/plugins/com.st.stm32cube.ide.mcu.externaltools.gnu-tools-for-stm32.7-2018-q2-update.win32_1.5.0.202011040924/tools/bin/../lib/gcc/arm-none-eabi/7.3.1/../../../../arm-none-eabi/lib/thumb/v7e-m/fpv4-sp/hard\libc_nano.a(lib_a-memchr.o)
[...]
Memory Configuration

Name             Origin             Length             Attributes
RAM              0x0000000020000000 0x0000000000018000 xrw
FLASH            0x0000000008000000 0x0000000000080000 xr
*default*        0x0000000000000000 0xffffffffffffffff

Linker script and memory map

LOAD c:/st/stm32cubeide_1.5.0/stm32cubeide/plugins/com.st.stm32cube.ide.mcu.externaltools.gnu-tools-for-stm32.7-2018-q2-update.win32_1.5.0.202011040924/tools/bin/../lib/gcc/arm-none-eabi/7.3.1/thumb/v7e-m/fpv4-sp/hard/crti.o
LOAD c:/st/stm32cubeide_1.5.0/stm32cubeide/plugins/com.st.stm32cube.ide.mcu.externaltools.gnu-tools-for-stm32.7-2018-q2-update.win32_1.5.0.202011040924/tools/bin/../lib/gcc/arm-none-eabi/7.3.1/thumb/v7e-m/fpv4-sp/hard/crtbegin.o
LOAD c:/st/stm32cubeide_1.5.0/stm32cubeide/plugins/com.st.stm32cube.ide.mcu.externaltools.gnu-tools-for-stm32.7-2018-q2-update.win32_1.5.0.202011040924/tools/bin/../lib/gcc/arm-none-eabi/7.3.1/../../../../arm-none-eabi/lib/thumb/v7e-m/fpv4-sp/hard/crt0.o
LOAD Drivers/STM32F4xx_HAL_Driver/Src/stm32f4xx_hal.o
LOAD Drivers/STM32F4xx_HAL_Driver/Src/stm32f4xx_hal_cortex.o
LOAD Drivers/STM32F4xx_HAL_Driver/Src/stm32f4xx_hal_dma.o
LOAD Drivers/STM32F4xx_HAL_Driver/Src/stm32f4xx_hal_dma_ex.o
LOAD Drivers/STM32F4xx_HAL_Driver/Src/stm32f4xx_hal_exti.o
LOAD Drivers/STM32F4xx_HAL_Driver/Src/stm32f4xx_hal_flash.o
LOAD Drivers/STM32F4xx_HAL_Driver/Src/stm32f4xx_hal_flash_ex.o
LOAD Drivers/STM32F4xx_HAL_Driver/Src/stm32f4xx_hal_flash_ramfunc.o
LOAD Drivers/STM32F4xx_HAL_Driver/Src/stm32f4xx_hal_gpio.o
LOAD Drivers/STM32F4xx_HAL_Driver/Src/stm32f4xx_hal_pwr.o
LOAD Drivers/STM32F4xx_HAL_Driver/Src/stm32f4xx_hal_pwr_ex.o
LOAD Drivers/STM32F4xx_HAL_Driver/Src/stm32f4xx_hal_rcc.o
LOAD Drivers/STM32F4xx_HAL_Driver/Src/stm32f4xx_hal_rcc_ex.o
LOAD Drivers/STM32F4xx_HAL_Driver/Src/stm32f4xx_hal_rtc.o
LOAD Drivers/STM32F4xx_HAL_Driver/Src/stm32f4xx_hal_rtc_ex.o
LOAD Drivers/STM32F4xx_HAL_Driver/Src/stm32f4xx_hal_spi.o
LOAD Drivers/STM32F4xx_HAL_Driver/Src/stm32f4xx_hal_tim.o
LOAD Drivers/STM32F4xx_HAL_Driver/Src/stm32f4xx_hal_tim_ex.o
LOAD Drivers/STM32F4xx_HAL_Driver/Src/stm32f4xx_hal_uart.o
LOAD Lora/Core/lora.o
LOAD Lora/Crypto/aes.o
LOAD Lora/Crypto/cmac.o
LOAD Lora/Mac/LoRaMac.o
LOAD Lora/Mac/LoRaMacCrypto.o
LOAD Lora/Mac/region/Region.o
LOAD Lora/Mac/region/RegionCommon.o
LOAD Lora/Mac/region/RegionEU868.o
LOAD Lora/Phy/sx1272/sx1272.o
LOAD Lora/Utilities/delay.o
LOAD Lora/Utilities/low_power.o
LOAD Lora/Utilities/timeServer.o
LOAD Lora/Utilities/utilities.o
LOAD Src/debug.o
LOAD Src/gpio.o
LOAD Src/hw_gpio.o
LOAD Src/hw_rtc.o
LOAD Src/hw_spi.o
LOAD Src/lora_init.o
LOAD Src/main.o
LOAD Src/spi.o
LOAD Src/stm32f4xx_hal_msp.o
LOAD Src/stm32f4xx_it.o
LOAD Src/syscalls.o
LOAD Src/sysmem.o
LOAD Src/system_stm32f4xx.o
LOAD Src/uart.o
LOAD Src/vcom.o
LOAD Startup/startup_stm32f411vetx.o
START GROUP
LOAD c:/st/stm32cubeide_1.5.0/stm32cubeide/plugins/com.st.stm32cube.ide.mcu.externaltools.gnu-tools-for-stm32.7-2018-q2-update.win32_1.5.0.202011040924/tools/bin/../lib/gcc/arm-none-eabi/7.3.1/../../../../arm-none-eabi/lib/thumb/v7e-m/fpv4-sp/hard\libc_nano.a
LOAD c:/st/stm32cubeide_1.5.0/stm32cubeide/plugins/com.st.stm32cube.ide.mcu.externaltools.gnu-tools-for-stm32.7-2018-q2-update.win32_1.5.0.202011040924/tools/bin/../lib/gcc/arm-none-eabi/7.3.1/../../../../arm-none-eabi/lib/thumb/v7e-m/fpv4-sp/hard\libm.a
END GROUP
START GROUP
LOAD c:/st/stm32cubeide_1.5.0/stm32cubeide/plugins/com.st.stm32cube.ide.mcu.externaltools.gnu-tools-for-stm32.7-2018-q2-update.win32_1.5.0.202011040924/tools/bin/../lib/gcc/arm-none-eabi/7.3.1/thumb/v7e-m/fpv4-sp/hard\libgcc.a
LOAD c:/st/stm32cubeide_1.5.0/stm32cubeide/plugins/com.st.stm32cube.ide.mcu.externaltools.gnu-tools-for-stm32.7-2018-q2-update.win32_1.5.0.202011040924/tools/bin/../lib/gcc/arm-none-eabi/7.3.1/../../../../arm-none-eabi/lib/thumb/v7e-m/fpv4-sp/hard\libc_nano.a
END GROUP
START GROUP
LOAD c:/st/stm32cubeide_1.5.0/stm32cubeide/plugins/com.st.stm32cube.ide.mcu.externaltools.gnu-tools-for-stm32.7-2018-q2-update.win32_1.5.0.202011040924/tools/bin/../lib/gcc/arm-none-eabi/7.3.1/thumb/v7e-m/fpv4-sp/hard\libgcc.a
LOAD c:/st/stm32cubeide_1.5.0/stm32cubeide/plugins/com.st.stm32cube.ide.mcu.externaltools.gnu-tools-for-stm32.7-2018-q2-update.win32_1.5.0.202011040924/tools/bin/../lib/gcc/arm-none-eabi/7.3.1/../../../../arm-none-eabi/lib/thumb/v7e-m/fpv4-sp/hard\libc_nano.a
LOAD c:/st/stm32cubeide_1.5.0/stm32cubeide/plugins/com.st.stm32cube.ide.mcu.externaltools.gnu-tools-for-stm32.7-2018-q2-update.win32_1.5.0.202011040924/tools/bin/../lib/gcc/arm-none-eabi/7.3.1/../../../../arm-none-eabi/lib/thumb/v7e-m/fpv4-sp/hard\libnosys.a
END GROUP
START GROUP
LOAD c:/st/stm32cubeide_1.5.0/stm32cubeide/plugins/com.st.stm32cube.ide.mcu.externaltools.gnu-tools-for-stm32.7-2018-q2-update.win32_1.5.0.202011040924/tools/bin/../lib/gcc/arm-none-eabi/7.3.1/thumb/v7e-m/fpv4-sp/hard\libgcc.a
LOAD c:/st/stm32cubeide_1.5.0/stm32cubeide/plugins/com.st.stm32cube.ide.mcu.externaltools.gnu-tools-for-stm32.7-2018-q2-update.win32_1.5.0.202011040924/tools/bin/../lib/gcc/arm-none-eabi/7.3.1/../../../../arm-none-eabi/lib/thumb/v7e-m/fpv4-sp/hard\libc_nano.a
LOAD c:/st/stm32cubeide_1.5.0/stm32cubeide/plugins/com.st.stm32cube.ide.mcu.externaltools.gnu-tools-for-stm32.7-2018-q2-update.win32_1.5.0.202011040924/tools/bin/../lib/gcc/arm-none-eabi/7.3.1/../../../../arm-none-eabi/lib/thumb/v7e-m/fpv4-sp/hard\libnosys.a
END GROUP
LOAD c:/st/stm32cubeide_1.5.0/stm32cubeide/plugins/com.st.stm32cube.ide.mcu.externaltools.gnu-tools-for-stm32.7-2018-q2-update.win32_1.5.0.202011040924/tools/bin/../lib/gcc/arm-none-eabi/7.3.1/thumb/v7e-m/fpv4-sp/hard/crtend.o
LOAD c:/st/stm32cubeide_1.5.0/stm32cubeide/plugins/com.st.stm32cube.ide.mcu.externaltools.gnu-tools-for-stm32.7-2018-q2-update.win32_1.5.0.202011040924/tools/bin/../lib/gcc/arm-none-eabi/7.3.1/thumb/v7e-m/fpv4-sp/hard/crtn.o
                0x0000000020018000                _estack = 0x20018000
                0x0000000000000200                _Min_Heap_Size = 0x200
                0x0000000000000400                _Min_Stack_Size = 0x400

.isr_vector     0x0000000008000000      0x198
                0x0000000008000000                . = ALIGN (0x4)
 *(.isr_vector)
 .isr_vector    0x0000000008000000      0x198 Startup/startup_stm32f411vetx.o
                0x0000000008000000                g_pfnVectors
                0x0000000008000198                . = ALIGN (0x4)

.text           0x00000000080001a0     0x739c
                0x00000000080001a0                . = ALIGN (0x4)
 *(.text)
 .text          0x00000000080001a0       0x40 c:/st/stm32cubeide_1.5.0/stm32cubeide/plugins/com.st.stm32cube.ide.mcu.externaltools.gnu-tools-for-stm32.7-2018-q2-update.win32_1.5.0.202011040924/tools/bin/../lib/gcc/arm-none-eabi/7.3.1/thumb/v7e-m/fpv4-sp/hard/crtbegin.o
 .text          0x00000000080001e0       0xa0 c:/st/stm32cubeide_1.5.0/stm32cubeide/plugins/com.st.stm32cube.ide.mcu.externaltools.gnu-tools-for-stm32.7-2018-q2-update.win32_1.5.0.202011040924/tools/bin/../lib/gcc/arm-none-eabi/7.3.1/../../../../arm-none-eabi/lib/thumb/v7e-m/fpv4-sp/hard\libc_nano.a(lib_a-memchr.o)
                0x00000000080001e0                memchr
 .text          0x0000000008000280      0x378 c:/st/stm32cubeide_1.5.0/stm32cubeide/plugins/com.st.stm32cube.ide.mcu.externaltools.gnu-tools-for-stm32.7-2018-q2-update.win32_1.5.0.202011040924/tools/bin/../lib/gcc/arm-none-eabi/7.3.1/thumb/v7e-m/fpv4-sp/hard\libgcc.a(_arm_addsubdf3.o)
                0x0000000008000280                __aeabi_drsub
                0x0000000008000288                __aeabi_dsub
                0x0000000008000288                __subdf3
                0x000000000800028c                __aeabi_dadd
                0x000000000800028c                __adddf3
                0x0000000008000504                __floatunsidf
                0x0000000008000504                __aeabi_ui2d
                0x0000000008000524                __floatsidf
                0x0000000008000524                __aeabi_i2d
                0x0000000008000548                __aeabi_f2d
                0x0000000008000548                __extendsfdf2
                0x000000000800058c                __floatundidf
                0x000000000800058c                __aeabi_ul2d
                0x000000000800059c                __floatdidf
                0x000000000800059c                __aeabi_l2d
 .text          0x00000000080005f8      0x424 c:/st/stm32cubeide_1.5.0/stm32cubeide/plugins/com.st.stm32cube.ide.mcu.externaltools.gnu-tools-for-stm32.7-2018-q2-update.win32_1.5.0.202011040924/tools/bin/../lib/gcc/arm-none-eabi/7.3.1/thumb/v7e-m/fpv4-sp/hard\libgcc.a(_arm_muldivdf3.o)
                0x00000000080005f8                __aeabi_dmul
                0x00000000080005f8                __muldf3
                0x000000000800084c                __divdf3
                0x000000000800084c                __aeabi_ddiv
 .text          0x0000000008000a1c      0x110 c:/st/stm32cubeide_1.5.0/stm32cubeide/plugins/com.st.stm32cube.ide.mcu.externaltools.gnu-tools-for-stm32.7-2018-q2-update.win32_1.5.0.202011040924/tools/bin/../lib/gcc/arm-none-eabi/7.3.1/thumb/v7e-m/fpv4-sp/hard\libgcc.a(_arm_cmpdf2.o)
                0x0000000008000a1c                __gtdf2
                0x0000000008000a1c                __gedf2
                0x0000000008000a24                __ltdf2
                0x0000000008000a24                __ledf2
                0x0000000008000a2c                __nedf2
                0x0000000008000a2c                __eqdf2
                0x0000000008000a2c                __cmpdf2
                0x0000000008000aa8                __aeabi_cdrcmple
                0x0000000008000ab8                __aeabi_cdcmpeq
                0x0000000008000ab8                __aeabi_cdcmple
                0x0000000008000ac8                __aeabi_dcmpeq
                0x0000000008000adc                __aeabi_dcmplt
                0x0000000008000af0                __aeabi_dcmple
                0x0000000008000b04                __aeabi_dcmpge
                0x0000000008000b18                __aeabi_dcmpgt
 .text          0x0000000008000b2c       0x40 c:/st/stm32cubeide_1.5.0/stm32cubeide/plugins/com.st.stm32cube.ide.mcu.externaltools.gnu-tools-for-stm32.7-2018-q2-update.win32_1.5.0.202011040924/tools/bin/../lib/gcc/arm-none-eabi/7.3.1/thumb/v7e-m/fpv4-sp/hard\libgcc.a(_arm_fixunsdfsi.o)
                0x0000000008000b2c                __aeabi_d2uiz
                0x0000000008000b2c                __fixunsdfsi
 .text          0x0000000008000b6c       0x30 c:/st/stm32cubeide_1.5.0/stm32cubeide/plugins/com.st.stm32cube.ide.mcu.externaltools.gnu-tools-for-stm32.7-2018-q2-update.win32_1.5.0.202011040924/tools/bin/../lib/gcc/arm-none-eabi/7.3.1/thumb/v7e-m/fpv4-sp/hard\libgcc.a(_aeabi_uldivmod.o)
                0x0000000008000b6c                __aeabi_uldivmod
 .text          0x0000000008000b9c      0x2cc c:/st/stm32cubeide_1.5.0/stm32cubeide/plugins/com.st.stm32cube.ide.mcu.externaltools.gnu-tools-for-stm32.7-2018-q2-update.win32_1.5.0.202011040924/tools/bin/../lib/gcc/arm-none-eabi/7.3.1/thumb/v7e-m/fpv4-sp/hard\libgcc.a(_udivmoddi4.o)
                0x0000000008000b9c                __udivmoddi4
 .text          0x0000000008000e68        0x4 c:/st/stm32cubeide_1.5.0/stm32cubeide/plugins/com.st.stm32cube.ide.mcu.externaltools.gnu-tools-for-stm32.7-2018-q2-update.win32_1.5.0.202011040924/tools/bin/../lib/gcc/arm-none-eabi/7.3.1/thumb/v7e-m/fpv4-sp/hard\libgcc.a(_dvmd_tls.o)
                0x0000000008000e68                __aeabi_idiv0
                0x0000000008000e68                __aeabi_ldiv0
 *(.text*)
 .text.HAL_Init
                0x0000000008000e6c       0x44 Drivers/STM32F4xx_HAL_Driver/Src/stm32f4xx_hal.o
                0x0000000008000e6c                HAL_Init
 .text.HAL_InitTick
                0x0000000008000eb0       0x60 Drivers/STM32F4xx_HAL_Driver/Src/stm32f4xx_hal.o
                0x0000000008000eb0                HAL_InitTick
 .text.HAL_IncTick
                0x0000000008000f10       0x28 Drivers/STM32F4xx_HAL_Driver/Src/stm32f4xx_hal.o
                0x0000000008000f10                HAL_IncTick
 .text.HAL_GetTick
                0x0000000008000f38       0x18 Drivers/STM32F4xx_HAL_Driver/Src/stm32f4xx_hal.o
                0x0000000008000f38                HAL_GetTick
 .text.__NVIC_SetPriorityGrouping
                0x0000000008000f50       0x48 Drivers/STM32F4xx_HAL_Driver/Src/stm32f4xx_hal_cortex.o
 .text.__NVIC_GetPriorityGrouping
                0x0000000008000f98       0x1c Drivers/STM32F4xx_HAL_Driver/Src/stm32f4xx_hal_cortex.o
 .text.__NVIC_EnableIRQ
                0x0000000008000fb4       0x3c Drivers/STM32F4xx_HAL_Driver/Src/stm32f4xx_hal_cortex.o
 .text.__NVIC_SetPendingIRQ
                0x0000000008000ff0       0x3c Drivers/STM32F4xx_HAL_Driver/Src/stm32f4xx_hal_cortex.o
 .text.__NVIC_ClearPendingIRQ
                0x000000000800102c       0x3c Drivers/STM32F4xx_HAL_Driver/Src/stm32f4xx_hal_cortex.o
 .text.__NVIC_SetPriority
                0x0000000008001068       0x54 Drivers/STM32F4xx_HAL_Driver/Src/stm32f4xx_hal_cortex.o
 .text.NVIC_EncodePriority
                0x00000000080010bc       0x66 Drivers/STM32F4xx_HAL_Driver/Src/stm32f4xx_hal_cortex.o
 *fill*         0x0000000008001122        0x2 
 .text.SysTick_Config
                0x0000000008001124       0x44 Drivers/STM32F4xx_HAL_Driver/Src/stm32f4xx_hal_cortex.o
 .text.HAL_NVIC_SetPriorityGrouping
                0x0000000008001168       0x16 Drivers/STM32F4xx_HAL_Driver/Src/stm32f4xx_hal_cortex.o
                0x0000000008001168                HAL_NVIC_SetPriorityGrouping
 .text.HAL_NVIC_SetPriority
                0x000000000800117e       0x38 Drivers/STM32F4xx_HAL_Driver/Src/stm32f4xx_hal_cortex.o
                0x000000000800117e                HAL_NVIC_SetPriority
 .text.HAL_NVIC_EnableIRQ
                0x00000000080011b6       0x1c Drivers/STM32F4xx_HAL_Driver/Src/stm32f4xx_hal_cortex.o
                0x00000000080011b6                HAL_NVIC_EnableIRQ
 .text.HAL_SYSTICK_Config
                0x00000000080011d2       0x18 Drivers/STM32F4xx_HAL_Driver/Src/stm32f4xx_hal_cortex.o
                0x00000000080011d2                HAL_SYSTICK_Config
 .text.HAL_NVIC_SetPendingIRQ
                0x00000000080011ea       0x1c Drivers/STM32F4xx_HAL_Driver/Src/stm32f4xx_hal_cortex.o
                0x00000000080011ea                HAL_NVIC_SetPendingIRQ
 .text.HAL_NVIC_ClearPendingIRQ
                0x0000000008001206       0x1c Drivers/STM32F4xx_HAL_Driver/Src/stm32f4xx_hal_cortex.o
                0x0000000008001206                HAL_NVIC_ClearPendingIRQ
 *fill*         0x0000000008001222        0x2 
 .text.HAL_GPIO_Init
                0x0000000008001224      0x304 Drivers/STM32F4xx_HAL_Driver/Src/stm32f4xx_hal_gpio.o
                0x0000000008001224                HAL_GPIO_Init
 .text.HAL_GPIO_WritePin
                0x0000000008001528       0x32 Drivers/STM32F4xx_HAL_Driver/Src/stm32f4xx_hal_gpio.o
                0x0000000008001528                HAL_GPIO_WritePin
 *fill*         0x000000000800155a        0x2 
 .text.HAL_GPIO_EXTI_IRQHandler
                0x000000000800155c       0x30 Drivers/STM32F4xx_HAL_Driver/Src/stm32f4xx_hal_gpio.o
                0x000000000800155c                HAL_GPIO_EXTI_IRQHandler
 .text.HAL_RCC_OscConfig
                0x000000000800158c      0x484 Drivers/STM32F4xx_HAL_Driver/Src/stm32f4xx_hal_rcc.o
                0x000000000800158c                HAL_RCC_OscConfig
 .text.HAL_RCC_ClockConfig
                0x0000000008001a10      0x1c4 Drivers/STM32F4xx_HAL_Driver/Src/stm32f4xx_hal_rcc.o
                0x0000000008001a10                HAL_RCC_ClockConfig
 .text.HAL_RCC_GetSysClockFreq
                0x0000000008001bd4      0x164 Drivers/STM32F4xx_HAL_Driver/Src/stm32f4xx_hal_rcc.o
                0x0000000008001bd4                HAL_RCC_GetSysClockFreq
 .text.HAL_RCC_GetHCLKFreq
                0x0000000008001d38       0x18 Drivers/STM32F4xx_HAL_Driver/Src/stm32f4xx_hal_rcc.o
                0x0000000008001d38                HAL_RCC_GetHCLKFreq
 .text.HAL_RCC_GetPCLK1Freq
                0x0000000008001d50       0x28 Drivers/STM32F4xx_HAL_Driver/Src/stm32f4xx_hal_rcc.o
                0x0000000008001d50                HAL_RCC_GetPCLK1Freq
 .text.HAL_RCC_GetPCLK2Freq
                0x0000000008001d78       0x28 Drivers/STM32F4xx_HAL_Driver/Src/stm32f4xx_hal_rcc.o
                0x0000000008001d78                HAL_RCC_GetPCLK2Freq
 .text.HAL_RTC_GetTime
                0x0000000008001da0       0xbc Drivers/STM32F4xx_HAL_Driver/Src/stm32f4xx_hal_rtc.o
                0x0000000008001da0                HAL_RTC_GetTime
 .text.HAL_RTC_SetAlarm_IT
                0x0000000008001e5c      0x2a8 Drivers/STM32F4xx_HAL_Driver/Src/stm32f4xx_hal_rtc.o
                0x0000000008001e5c                HAL_RTC_SetAlarm_IT
 .text.HAL_RTC_DeactivateAlarm
                0x0000000008002104      0x11a Drivers/STM32F4xx_HAL_Driver/Src/stm32f4xx_hal_rtc.o
                0x0000000008002104                HAL_RTC_DeactivateAlarm
 .text.RTC_ByteToBcd2
                0x000000000800221e       0x3c Drivers/STM32F4xx_HAL_Driver/Src/stm32f4xx_hal_rtc.o
                0x000000000800221e                RTC_ByteToBcd2
 .text.RTC_Bcd2ToByte
                0x000000000800225a       0x3c Drivers/STM32F4xx_HAL_Driver/Src/stm32f4xx_hal_rtc.o
                0x000000000800225a                RTC_Bcd2ToByte
 .text.HAL_SPI_Init
                0x0000000008002296       0xc8 Drivers/STM32F4xx_HAL_Driver/Src/stm32f4xx_hal_spi.o
                0x0000000008002296                HAL_SPI_Init
 .text.HAL_SPI_TransmitReceive
                0x000000000800235e      0x344 Drivers/STM32F4xx_HAL_Driver/Src/stm32f4xx_hal_spi.o
                0x000000000800235e                HAL_SPI_TransmitReceive
 .text.SPI_WaitFlagStateUntilTimeout
                0x00000000080026a2       0xd4 Drivers/STM32F4xx_HAL_Driver/Src/stm32f4xx_hal_spi.o
 *fill*         0x0000000008002776        0x2 
 .text.SPI_EndRxTxTransaction
                0x0000000008002778       0x84 Drivers/STM32F4xx_HAL_Driver/Src/stm32f4xx_hal_spi.o
 .text.HAL_UART_Init
                0x00000000080027fc       0x9a Drivers/STM32F4xx_HAL_Driver/Src/stm32f4xx_hal_uart.o
                0x00000000080027fc                HAL_UART_Init
 .text.HAL_UART_Transmit
                0x0000000008002896      0x132 Drivers/STM32F4xx_HAL_Driver/Src/stm32f4xx_hal_uart.o
                0x0000000008002896                HAL_UART_Transmit
 .text.UART_WaitOnFlagUntilTimeout
                0x00000000080029c8       0x94 Drivers/STM32F4xx_HAL_Driver/Src/stm32f4xx_hal_uart.o
 .text.UART_SetConfig
                0x0000000008002a5c      0x414 Drivers/STM32F4xx_HAL_Driver/Src/stm32f4xx_hal_uart.o
 .text.SX1272BoardInit
                0x0000000008002e70       0x20 Lora/Phy/sx1272/sx1272.o
                0x0000000008002e70                SX1272BoardInit
 .text.SX1272Init
                0x0000000008002e90       0xd8 Lora/Phy/sx1272/sx1272.o
                0x0000000008002e90                SX1272Init
 .text.SX1272GetStatus
                0x0000000008002f68       0x18 Lora/Phy/sx1272/sx1272.o
                0x0000000008002f68                SX1272GetStatus
 .text.SX1272SetChannel
                0x0000000008002f80       0x7c Lora/Phy/sx1272/sx1272.o
                0x0000000008002f80                SX1272SetChannel
 .text.SX1272IsChannelFree
                0x0000000008002ffc       0x88 Lora/Phy/sx1272/sx1272.o
                0x0000000008002ffc                SX1272IsChannelFree
 .text.SX1272Random
                0x0000000008003084       0x5c Lora/Phy/sx1272/sx1272.o
                0x0000000008003084                SX1272Random
 .text.GetFskBandwidthRegValue
                0x00000000080030e0       0x58 Lora/Phy/sx1272/sx1272.o
 .text.SX1272SetRxConfig
                0x0000000008003138      0x3d0 Lora/Phy/sx1272/sx1272.o
                0x0000000008003138                SX1272SetRxConfig
 .text.SX1272SetTxConfig
                0x0000000008003508      0x33c Lora/Phy/sx1272/sx1272.o
                0x0000000008003508                SX1272SetTxConfig
 *fill*         0x0000000008003844        0x4 
 .text.SX1272GetTimeOnAir
                0x0000000008003848      0x380 Lora/Phy/sx1272/sx1272.o
                0x0000000008003848                SX1272GetTimeOnAir
 .text.SX1272Send
                0x0000000008003bc8      0x160 Lora/Phy/sx1272/sx1272.o
                0x0000000008003bc8                SX1272Send
 .text.SX1272SetSleep
                0x0000000008003d28       0x3c Lora/Phy/sx1272/sx1272.o
                0x0000000008003d28                SX1272SetSleep
 .text.SX1272SetStby
                0x0000000008003d64       0x2c Lora/Phy/sx1272/sx1272.o
                0x0000000008003d64                SX1272SetStby
 .text.SX1272SetRx
                0x0000000008003d90      0x1c4 Lora/Phy/sx1272/sx1272.o
                0x0000000008003d90                SX1272SetRx
 .text.SX1272SetTx
                0x0000000008003f54       0xf4 Lora/Phy/sx1272/sx1272.o
                0x0000000008003f54                SX1272SetTx
 .text.SX1272StartCad
                0x0000000008004048       0x48 Lora/Phy/sx1272/sx1272.o
                0x0000000008004048                SX1272StartCad
 .text.SX1272SetTxContinuousWave
                0x0000000008004090       0xa8 Lora/Phy/sx1272/sx1272.o
                0x0000000008004090                SX1272SetTxContinuousWave
 .text.SX1272ReadRssi
                0x0000000008004138       0x56 Lora/Phy/sx1272/sx1272.o
                0x0000000008004138                SX1272ReadRssi
 *fill*         0x000000000800418e        0x2 
 .text.SX1272Reset
                0x0000000008004190       0x60 Lora/Phy/sx1272/sx1272.o
                0x0000000008004190                SX1272Reset
 .text.SX1272SetOpMode
                0x00000000080041f0       0x6c Lora/Phy/sx1272/sx1272.o
                0x00000000080041f0                SX1272SetOpMode
 .text.SX1272SetModem
                0x000000000800425c       0xa8 Lora/Phy/sx1272/sx1272.o
                0x000000000800425c                SX1272SetModem
 .text.SX1272Write
                0x0000000008004304       0x24 Lora/Phy/sx1272/sx1272.o
                0x0000000008004304                SX1272Write
 .text.SX1272Read
                0x0000000008004328       0x22 Lora/Phy/sx1272/sx1272.o
                0x0000000008004328                SX1272Read
 *fill*         0x000000000800434a        0x2 
 .text.SX1272WriteBuffer
                0x000000000800434c       0x64 Lora/Phy/sx1272/sx1272.o
                0x000000000800434c                SX1272WriteBuffer
 .text.SX1272ReadBuffer
                0x00000000080043b0       0x68 Lora/Phy/sx1272/sx1272.o
                0x00000000080043b0                SX1272ReadBuffer
 .text.SX1272WriteFifo
                0x0000000008004418       0x20 Lora/Phy/sx1272/sx1272.o
                0x0000000008004418                SX1272WriteFifo
 .text.SX1272ReadFifo
                0x0000000008004438       0x20 Lora/Phy/sx1272/sx1272.o
                0x0000000008004438                SX1272ReadFifo
 .text.SX1272SetMaxPayloadLength
                0x0000000008004458       0x5c Lora/Phy/sx1272/sx1272.o
                0x0000000008004458                SX1272SetMaxPayloadLength
 .text.SX1272SetPublicNetwork
                0x00000000080044b4       0x3c Lora/Phy/sx1272/sx1272.o
                0x00000000080044b4                SX1272SetPublicNetwork
 .text.SX1272OnTimeoutIrq
                0x00000000080044f0      0x144 Lora/Phy/sx1272/sx1272.o
                0x00000000080044f0                SX1272OnTimeoutIrq
 .text.SX1272OnDio0Irq
                0x0000000008004634      0x3ac Lora/Phy/sx1272/sx1272.o
                0x0000000008004634                SX1272OnDio0Irq
 .text.SX1272OnDio1Irq
                0x00000000080049e0      0x1ac Lora/Phy/sx1272/sx1272.o
                0x00000000080049e0                SX1272OnDio1Irq
 .text.SX1272OnDio2Irq
                0x0000000008004b8c      0x178 Lora/Phy/sx1272/sx1272.o
                0x0000000008004b8c                SX1272OnDio2Irq
 .text.SX1272OnDio3Irq
                0x0000000008004d04       0x88 Lora/Phy/sx1272/sx1272.o
                0x0000000008004d04                SX1272OnDio3Irq
 .text.SX1272OnDio4Irq
                0x0000000008004d8c       0x40 Lora/Phy/sx1272/sx1272.o
                0x0000000008004d8c                SX1272OnDio4Irq
 .text.DelayMs  0x0000000008004dcc       0x14 Lora/Utilities/delay.o
                0x0000000008004dcc                DelayMs
 .text.LPM_SetStopMode
                0x0000000008004de0       0x60 Lora/Utilities/low_power.o
                0x0000000008004de0                LPM_SetStopMode
 .text.LPM_GetMode
                0x0000000008004e40       0x54 Lora/Utilities/low_power.o
                0x0000000008004e40                LPM_GetMode
 .text.TimerInit
                0x0000000008004e94       0x40 Lora/Utilities/timeServer.o
                0x0000000008004e94                TimerInit
 .text.TimerStart
                0x0000000008004ed4       0xa0 Lora/Utilities/timeServer.o
                0x0000000008004ed4                TimerStart
 .text.TimerStop
                0x0000000008004f74       0xf4 Lora/Utilities/timeServer.o
                0x0000000008004f74                TimerStop
 .text.TimerSetValue
                0x0000000008005068       0x42 Lora/Utilities/timeServer.o
                0x0000000008005068                TimerSetValue
 .text.TimerGetCurrentTime
                0x00000000080050aa       0x1c Lora/Utilities/timeServer.o
                0x00000000080050aa                TimerGetCurrentTime
 .text.TimerGetElapsedTime
                0x00000000080050c6       0x36 Lora/Utilities/timeServer.o
                0x00000000080050c6                TimerGetElapsedTime
 .text.TimerExists
                0x00000000080050fc       0x3c Lora/Utilities/timeServer.o
 .text.TimerSetTimeout
                0x0000000008005138       0x48 Lora/Utilities/timeServer.o
 .text.TimerInsertTimer
                0x0000000008005180       0x60 Lora/Utilities/timeServer.o
 .text.TimerInsertNewHeadTimer
                0x00000000080051e0       0x3c Lora/Utilities/timeServer.o
 .text.memcpy1  0x000000000800521c       0x36 Lora/Utilities/utilities.o
                0x000000000800521c                memcpy1
 .text.Error_Handler
                0x0000000008005252        0x6 Src/debug.o
                0x0000000008005252                Error_Handler
 .text.HW_GPIO_Init
                0x0000000008005258       0xf0 Src/hw_gpio.o
                0x0000000008005258                HW_GPIO_Init
 .text.HW_GPIO_SetIrq
                0x0000000008005348       0x68 Src/hw_gpio.o
                0x0000000008005348                HW_GPIO_SetIrq
 .text.HW_GPIO_IrqHandler
                0x00000000080053b0       0x3c Src/hw_gpio.o
                0x00000000080053b0                HW_GPIO_IrqHandler
 .text.HW_GPIO_Write
                0x00000000080053ec       0x24 Src/hw_gpio.o
                0x00000000080053ec                HW_GPIO_Write
 .text.HW_GPIO_GetBitPos
                0x0000000008005410       0x6a Src/hw_gpio.o
 .text.HW_RTC_GetMinimumTimeout
                0x000000000800547a       0x10 Src/hw_rtc.o
                0x000000000800547a                HW_RTC_GetMinimumTimeout
 .text.HW_RTC_ms2Tick
                0x000000000800548a       0x36 Src/hw_rtc.o
                0x000000000800548a                HW_RTC_ms2Tick
 .text.HW_RTC_Tick2ms
                0x00000000080054c0       0x3a Src/hw_rtc.o
                0x00000000080054c0                HW_RTC_Tick2ms
 *fill*         0x00000000080054fa        0x2 
 .text.HW_RTC_SetAlarm
                0x00000000080054fc       0x5c Src/hw_rtc.o
                0x00000000080054fc                HW_RTC_SetAlarm
 .text.HW_RTC_GetTimerElapsedTime
                0x0000000008005558       0x30 Src/hw_rtc.o
                0x0000000008005558                HW_RTC_GetTimerElapsedTime
 .text.HW_RTC_GetTimerValue
                0x0000000008005588       0x24 Src/hw_rtc.o
                0x0000000008005588                HW_RTC_GetTimerValue
 .text.HW_RTC_StopAlarm
                0x00000000080055ac       0x34 Src/hw_rtc.o
                0x00000000080055ac                HW_RTC_StopAlarm
 .text.HW_RTC_SetTimerContext
                0x00000000080055e0       0x2c Src/hw_rtc.o
                0x00000000080055e0                HW_RTC_SetTimerContext
 .text.HW_RTC_StartWakeUpAlarm
                0x000000000800560c      0x1f0 Src/hw_rtc.o
 .text.HW_RTC_GetCalendarValue
                0x00000000080057fc      0x10c Src/hw_rtc.o
 .text.HW_SPI_Init
                0x0000000008005908       0x90 Src/hw_spi.o
                0x0000000008005908                HW_SPI_Init
 .text.HW_SPI_IoInit
                0x0000000008005998       0x78 Src/hw_spi.o
                0x0000000008005998                HW_SPI_IoInit
 .text.HW_SPI_InOut
                0x0000000008005a10       0x2c Src/hw_spi.o
                0x0000000008005a10                HW_SPI_InOut
 .text.SpiFrequency
                0x0000000008005a3c       0x7c Src/hw_spi.o
 .text.SX1272GetWakeTime
                0x0000000008005ab8       0x10 Src/lora_init.o
                0x0000000008005ab8                SX1272GetWakeTime
 .text.SX1272SetXO
                0x0000000008005ac8       0x16 Src/lora_init.o
                0x0000000008005ac8                SX1272SetXO
 *fill*         0x0000000008005ade        0x2 
 .text.SX1272IoInit
                0x0000000008005ae0       0x70 Src/lora_init.o
                0x0000000008005ae0                SX1272IoInit
 .text.SX1272IoIrqInit
                0x0000000008005b50       0x58 Src/lora_init.o
                0x0000000008005b50                SX1272IoIrqInit
 .text.SX1272IoDeInit
                0x0000000008005ba8       0x64 Src/lora_init.o
                0x0000000008005ba8                SX1272IoDeInit
 .text.SX1272SetRfTxPower
                0x0000000008005c0c      0x144 Src/lora_init.o
                0x0000000008005c0c                SX1272SetRfTxPower
 .text.SX1272GetPaSelect
                0x0000000008005d50       0x16 Src/lora_init.o
                0x0000000008005d50                SX1272GetPaSelect
 .text.SX1272SetAntSwLowPower
                0x0000000008005d66       0x16 Src/lora_init.o
                0x0000000008005d66                SX1272SetAntSwLowPower
 .text.SX1272SetAntSw
                0x0000000008005d7c       0x30 Src/lora_init.o
                0x0000000008005d7c                SX1272SetAntSw
 .text.SX1272CheckRfFrequency
                0x0000000008005dac       0x16 Src/lora_init.o
                0x0000000008005dac                SX1272CheckRfFrequency
 *fill*         0x0000000008005dc2        0x2 
 .text.main     0x0000000008005dc4      0x238 Src/main.o
                0x0000000008005dc4                main
 .text.OnTxDone
                0x0000000008005ffc       0x28 Src/main.o
                0x0000000008005ffc                OnTxDone
 .text.OnRxDone
                0x0000000008006024       0x74 Src/main.o
                0x0000000008006024                OnRxDone
 .text.OnTxTimeout
                0x0000000008006098       0x28 Src/main.o
                0x0000000008006098                OnTxTimeout
 .text.OnRxTimeout
                0x00000000080060c0       0x28 Src/main.o
                0x00000000080060c0                OnRxTimeout
 .text.OnRxError
                0x00000000080060e8       0x28 Src/main.o
                0x00000000080060e8                OnRxError
 .text.SystemClock_Config
                0x0000000008006110       0xd4 Src/main.o
                0x0000000008006110                SystemClock_Config
 .text.SPI_Init
                0x00000000080061e4       0xac Src/spi.o
                0x00000000080061e4                SPI_Init
 .text.SPI2_Init
                0x0000000008006290       0x68 Src/spi.o
                0x0000000008006290                SPI2_Init
 .text.HAL_MspInit
                0x00000000080062f8       0x50 Src/stm32f4xx_hal_msp.o
                0x00000000080062f8                HAL_MspInit
 .text.HAL_SPI_MspInit
                0x0000000008006348       0xb4 Src/stm32f4xx_hal_msp.o
                0x0000000008006348                HAL_SPI_MspInit
 .text.HAL_GPIO_EXTI_Callback
                0x00000000080063fc       0x1a Src/stm32f4xx_hal_msp.o
                0x00000000080063fc                HAL_GPIO_EXTI_Callback
 .text.MSP_GetIRQn
                0x0000000008006416       0x72 Src/stm32f4xx_hal_msp.o
                0x0000000008006416                MSP_GetIRQn
 .text.NMI_Handler
                0x0000000008006488        0xe Src/stm32f4xx_it.o
                0x0000000008006488                NMI_Handler
 .text.HardFault_Handler
                0x0000000008006496        0x6 Src/stm32f4xx_it.o
                0x0000000008006496                HardFault_Handler
 .text.MemManage_Handler
                0x000000000800649c        0x6 Src/stm32f4xx_it.o
                0x000000000800649c                MemManage_Handler
 .text.BusFault_Handler
                0x00000000080064a2        0x6 Src/stm32f4xx_it.o
                0x00000000080064a2                BusFault_Handler
 .text.UsageFault_Handler
                0x00000000080064a8        0x6 Src/stm32f4xx_it.o
                0x00000000080064a8                UsageFault_Handler
 .text.SVC_Handler
                0x00000000080064ae        0xe Src/stm32f4xx_it.o
                0x00000000080064ae                SVC_Handler
 .text.DebugMon_Handler
                0x00000000080064bc        0xe Src/stm32f4xx_it.o
                0x00000000080064bc                DebugMon_Handler
 .text.PendSV_Handler
                0x00000000080064ca        0xe Src/stm32f4xx_it.o
                0x00000000080064ca                PendSV_Handler
 .text.SysTick_Handler
                0x00000000080064d8        0xc Src/stm32f4xx_it.o
                0x00000000080064d8                SysTick_Handler
 .text.USART2_IRQHandler
                0x00000000080064e4        0xc Src/stm32f4xx_it.o
                0x00000000080064e4                USART2_IRQHandler
 .text.EXTI0_IRQHandler
                0x00000000080064f0        0xe Src/stm32f4xx_it.o
                0x00000000080064f0                EXTI0_IRQHandler
 .text.EXTI1_IRQHandler
                0x00000000080064fe        0xe Src/stm32f4xx_it.o
                0x00000000080064fe                EXTI1_IRQHandler
 .text.EXTI2_IRQHandler
                0x000000000800650c        0xe Src/stm32f4xx_it.o
                0x000000000800650c                EXTI2_IRQHandler
 .text.EXTI3_IRQHandler
                0x000000000800651a        0xe Src/stm32f4xx_it.o
                0x000000000800651a                EXTI3_IRQHandler
 .text.EXTI4_IRQHandler
                0x0000000008006528        0xe Src/stm32f4xx_it.o
                0x0000000008006528                EXTI4_IRQHandler
 .text.EXTI9_5_IRQHandler
                0x0000000008006536       0x2a Src/stm32f4xx_it.o
                0x0000000008006536                EXTI9_5_IRQHandler
 .text.EXTI15_10_IRQHandler
                0x0000000008006560       0x38 Src/stm32f4xx_it.o
                0x0000000008006560                EXTI15_10_IRQHandler
 .text._sbrk    0x0000000008006598       0x58 Src/sysmem.o
                0x0000000008006598                _sbrk
 .text.SystemInit
                0x00000000080065f0       0x6c Src/system_stm32f4xx.o
                0x00000000080065f0                SystemInit
 .text.UART_Init
                0x000000000800665c       0x70 Src/uart.o
                0x000000000800665c                UART_Init
 .text.USART2_UART_Init
                0x00000000080066cc       0x4c Src/uart.o
                0x00000000080066cc                USART2_UART_Init
 .text.vcom_Init
                0x0000000008006718       0x5c Src/vcom.o
                0x0000000008006718                vcom_Init
 .text.vcom_Send
                0x0000000008006774       0xf8 Src/vcom.o
                0x0000000008006774                vcom_Send
 .text.vcom_Print
                0x000000000800686c       0x8c Src/vcom.o
                0x000000000800686c                vcom_Print
 .text.HAL_UART_MspInit
                0x00000000080068f8       0x34 Src/vcom.o
                0x00000000080068f8                HAL_UART_MspInit
 .text.vcom_IoInit
                0x000000000800692c       0x94 Src/vcom.o
                0x000000000800692c                vcom_IoInit
 .text.Reset_Handler
                0x00000000080069c0       0x50 Startup/startup_stm32f411vetx.o
                0x00000000080069c0                Reset_Handler
 .text.Default_Handler
                0x0000000008006a10        0x2 Startup/startup_stm32f411vetx.o
                0x0000000008006a10                RTC_Alarm_IRQHandler
                0x0000000008006a10                SPI4_IRQHandler
                0x0000000008006a10                TIM1_CC_IRQHandler
                0x0000000008006a10                DMA2_Stream5_IRQHandler
                0x0000000008006a10                DMA1_Stream5_IRQHandler
                0x0000000008006a10                PVD_IRQHandler
                0x0000000008006a10                SDIO_IRQHandler
                0x0000000008006a10                TAMP_STAMP_IRQHandler
                0x0000000008006a10                TIM1_UP_TIM10_IRQHandler
                0x0000000008006a10                I2C3_ER_IRQHandler
                0x0000000008006a10                I2C2_EV_IRQHandler
                0x0000000008006a10                DMA1_Stream2_IRQHandler
                0x0000000008006a10                FPU_IRQHandler
                0x0000000008006a10                DMA2_Stream2_IRQHandler
                0x0000000008006a10                SPI1_IRQHandler
                0x0000000008006a10                TIM1_BRK_TIM9_IRQHandler
                0x0000000008006a10                DMA2_Stream3_IRQHandler
                0x0000000008006a10                USART6_IRQHandler
                0x0000000008006a10                DMA2_Stream0_IRQHandler
                0x0000000008006a10                TIM4_IRQHandler
                0x0000000008006a10                I2C1_EV_IRQHandler
                0x0000000008006a10                DMA1_Stream6_IRQHandler
                0x0000000008006a10                DMA1_Stream1_IRQHandler
                0x0000000008006a10                TIM3_IRQHandler
                0x0000000008006a10                RCC_IRQHandler
                0x0000000008006a10                Default_Handler
                0x0000000008006a10                ADC_IRQHandler
                0x0000000008006a10                DMA1_Stream7_IRQHandler
                0x0000000008006a10                SPI5_IRQHandler
                0x0000000008006a10                TIM5_IRQHandler
                0x0000000008006a10                DMA2_Stream7_IRQHandler
                0x0000000008006a10                I2C3_EV_IRQHandler
                0x0000000008006a10                RTC_WKUP_IRQHandler
                0x0000000008006a10                SPI2_IRQHandler
                0x0000000008006a10                DMA1_Stream0_IRQHandler
                0x0000000008006a10                WWDG_IRQHandler
                0x0000000008006a10                TIM2_IRQHandler
                0x0000000008006a10                OTG_FS_WKUP_IRQHandler
                0x0000000008006a10                TIM1_TRG_COM_TIM11_IRQHandler
                0x0000000008006a10                I2C2_ER_IRQHandler
                0x0000000008006a10                DMA2_Stream1_IRQHandler
                0x0000000008006a10                FLASH_IRQHandler
                0x0000000008006a10                DMA2_Stream4_IRQHandler
                0x0000000008006a10                USART1_IRQHandler
                0x0000000008006a10                OTG_FS_IRQHandler
                0x0000000008006a10                SPI3_IRQHandler
                0x0000000008006a10                DMA1_Stream4_IRQHandler
                0x0000000008006a10                I2C1_ER_IRQHandler
                0x0000000008006a10                DMA2_Stream6_IRQHandler
                0x0000000008006a10                DMA1_Stream3_IRQHandler
 *fill*         0x0000000008006a12        0x2 
 .text.__errno  0x0000000008006a14        0xc c:/st/stm32cubeide_1.5.0/stm32cubeide/plugins/com.st.stm32cube.ide.mcu.externaltools.gnu-tools-for-stm32.7-2018-q2-update.win32_1.5.0.202011040924/tools/bin/../lib/gcc/arm-none-eabi/7.3.1/../../../../arm-none-eabi/lib/thumb/v7e-m/fpv4-sp/hard\libc_nano.a(lib_a-errno.o)
                0x0000000008006a14                __errno
 .text.__libc_init_array
                0x0000000008006a20       0x48 c:/st/stm32cubeide_1.5.0/stm32cubeide/plugins/com.st.stm32cube.ide.mcu.externaltools.gnu-tools-for-stm32.7-2018-q2-update.win32_1.5.0.202011040924/tools/bin/../lib/gcc/arm-none-eabi/7.3.1/../../../../arm-none-eabi/lib/thumb/v7e-m/fpv4-sp/hard\libc_nano.a(lib_a-init.o)
                0x0000000008006a20                __libc_init_array
 .text.memcpy   0x0000000008006a68       0x16 c:/st/stm32cubeide_1.5.0/stm32cubeide/plugins/com.st.stm32cube.ide.mcu.externaltools.gnu-tools-for-stm32.7-2018-q2-update.win32_1.5.0.202011040924/tools/bin/../lib/gcc/arm-none-eabi/7.3.1/../../../../arm-none-eabi/lib/thumb/v7e-m/fpv4-sp/hard\libc_nano.a(lib_a-memcpy-stub.o)
                0x0000000008006a68                memcpy
 .text.memset   0x0000000008006a7e       0x10 c:/st/stm32cubeide_1.5.0/stm32cubeide/plugins/com.st.stm32cube.ide.mcu.externaltools.gnu-tools-for-stm32.7-2018-q2-update.win32_1.5.0.202011040924/tools/bin/../lib/gcc/arm-none-eabi/7.3.1/../../../../arm-none-eabi/lib/thumb/v7e-m/fpv4-sp/hard\libc_nano.a(lib_a-memset.o)
                0x0000000008006a7e                memset
 *fill*         0x0000000008006a8e        0x2 
 .text._vsprintf_r
                0x0000000008006a90       0x2c c:/st/stm32cubeide_1.5.0/stm32cubeide/plugins/com.st.stm32cube.ide.mcu.externaltools.gnu-tools-for-stm32.7-2018-q2-update.win32_1.5.0.202011040924/tools/bin/../lib/gcc/arm-none-eabi/7.3.1/../../../../arm-none-eabi/lib/thumb/v7e-m/fpv4-sp/hard\libc_nano.a(lib_a-vsprintf.o)
                0x0000000008006a90                _vsprintf_r
                0x0000000008006a90                _vsiprintf_r
 .text.vsprintf
                0x0000000008006abc       0x14 c:/st/stm32cubeide_1.5.0/stm32cubeide/plugins/com.st.stm32cube.ide.mcu.externaltools.gnu-tools-for-stm32.7-2018-q2-update.win32_1.5.0.202011040924/tools/bin/../lib/gcc/arm-none-eabi/7.3.1/../../../../arm-none-eabi/lib/thumb/v7e-m/fpv4-sp/hard\libc_nano.a(lib_a-vsprintf.o)
                0x0000000008006abc                vsiprintf
                0x0000000008006abc                vsprintf
 .text.__ssputs_r
                0x0000000008006ad0       0xb4 c:/st/stm32cubeide_1.5.0/stm32cubeide/plugins/com.st.stm32cube.ide.mcu.externaltools.gnu-tools-for-stm32.7-2018-q2-update.win32_1.5.0.202011040924/tools/bin/../lib/gcc/arm-none-eabi/7.3.1/../../../../arm-none-eabi/lib/thumb/v7e-m/fpv4-sp/hard\libc_nano.a(lib_a-nano-svfprintf.o)
                0x0000000008006ad0                __ssputs_r
 .text._svfprintf_r
                0x0000000008006b84      0x1f0 c:/st/stm32cubeide_1.5.0/stm32cubeide/plugins/com.st.stm32cube.ide.mcu.externaltools.gnu-tools-for-stm32.7-2018-q2-update.win32_1.5.0.202011040924/tools/bin/../lib/gcc/arm-none-eabi/7.3.1/../../../../arm-none-eabi/lib/thumb/v7e-m/fpv4-sp/hard\libc_nano.a(lib_a-nano-svfprintf.o)
                0x0000000008006b84                _svfiprintf_r
                0x0000000008006b84                _svfprintf_r
 .text._printf_common
                0x0000000008006d74       0xea c:/st/stm32cubeide_1.5.0/stm32cubeide/plugins/com.st.stm32cube.ide.mcu.externaltools.gnu-tools-for-stm32.7-2018-q2-update.win32_1.5.0.202011040924/tools/bin/../lib/gcc/arm-none-eabi/7.3.1/../../../../arm-none-eabi/lib/thumb/v7e-m/fpv4-sp/hard\libc_nano.a(lib_a-nano-vfprintf_i.o)
                0x0000000008006d74                _printf_common
 *fill*         0x0000000008006e5e        0x2 
 .text._printf_i
                0x0000000008006e60      0x224 c:/st/stm32cubeide_1.5.0/stm32cubeide/plugins/com.st.stm32cube.ide.mcu.externaltools.gnu-tools-for-stm32.7-2018-q2-update.win32_1.5.0.202011040924/tools/bin/../lib/gcc/arm-none-eabi/7.3.1/../../../../arm-none-eabi/lib/thumb/v7e-m/fpv4-sp/hard\libc_nano.a(lib_a-nano-vfprintf_i.o)
                0x0000000008006e60                _printf_i
 .text.memmove  0x0000000008007084       0x32 c:/st/stm32cubeide_1.5.0/stm32cubeide/plugins/com.st.stm32cube.ide.mcu.externaltools.gnu-tools-for-stm32.7-2018-q2-update.win32_1.5.0.202011040924/tools/bin/../lib/gcc/arm-none-eabi/7.3.1/../../../../arm-none-eabi/lib/thumb/v7e-m/fpv4-sp/hard\libc_nano.a(lib_a-memmove.o)
                0x0000000008007084                memmove
 *fill*         0x00000000080070b6        0x2 
 .text._free_r  0x00000000080070b8       0x9c c:/st/stm32cubeide_1.5.0/stm32cubeide/plugins/com.st.stm32cube.ide.mcu.externaltools.gnu-tools-for-stm32.7-2018-q2-update.win32_1.5.0.202011040924/tools/bin/../lib/gcc/arm-none-eabi/7.3.1/../../../../arm-none-eabi/lib/thumb/v7e-m/fpv4-sp/hard\libc_nano.a(lib_a-nano-freer.o)
                0x00000000080070b8                _free_r
 .text._malloc_r
                0x0000000008007154       0xb4 c:/st/stm32cubeide_1.5.0/stm32cubeide/plugins/com.st.stm32cube.ide.mcu.externaltools.gnu-tools-for-stm32.7-2018-q2-update.win32_1.5.0.202011040924/tools/bin/../lib/gcc/arm-none-eabi/7.3.1/../../../../arm-none-eabi/lib/thumb/v7e-m/fpv4-sp/hard\libc_nano.a(lib_a-nano-mallocr.o)
                0x0000000008007154                _malloc_r
 .text._realloc_r
                0x0000000008007208       0x4c c:/st/stm32cubeide_1.5.0/stm32cubeide/plugins/com.st.stm32cube.ide.mcu.externaltools.gnu-tools-for-stm32.7-2018-q2-update.win32_1.5.0.202011040924/tools/bin/../lib/gcc/arm-none-eabi/7.3.1/../../../../arm-none-eabi/lib/thumb/v7e-m/fpv4-sp/hard\libc_nano.a(lib_a-nano-reallocr.o)
                0x0000000008007208                _realloc_r
 .text._sbrk_r  0x0000000008007254       0x20 c:/st/stm32cubeide_1.5.0/stm32cubeide/plugins/com.st.stm32cube.ide.mcu.externaltools.gnu-tools-for-stm32.7-2018-q2-update.win32_1.5.0.202011040924/tools/bin/../lib/gcc/arm-none-eabi/7.3.1/../../../../arm-none-eabi/lib/thumb/v7e-m/fpv4-sp/hard\libc_nano.a(lib_a-sbrkr.o)
                0x0000000008007254                _sbrk_r
 .text.__malloc_lock
                0x0000000008007274        0x2 c:/st/stm32cubeide_1.5.0/stm32cubeide/plugins/com.st.stm32cube.ide.mcu.externaltools.gnu-tools-for-stm32.7-2018-q2-update.win32_1.5.0.202011040924/tools/bin/../lib/gcc/arm-none-eabi/7.3.1/../../../../arm-none-eabi/lib/thumb/v7e-m/fpv4-sp/hard\libc_nano.a(lib_a-mlock.o)
                0x0000000008007274                __malloc_lock
 .text.__malloc_unlock
                0x0000000008007276        0x2 c:/st/stm32cubeide_1.5.0/stm32cubeide/plugins/com.st.stm32cube.ide.mcu.externaltools.gnu-tools-for-stm32.7-2018-q2-update.win32_1.5.0.202011040924/tools/bin/../lib/gcc/arm-none-eabi/7.3.1/../../../../arm-none-eabi/lib/thumb/v7e-m/fpv4-sp/hard\libc_nano.a(lib_a-mlock.o)
                0x0000000008007276                __malloc_unlock
 .text._malloc_usable_size_r
                0x0000000008007278       0x10 c:/st/stm32cubeide_1.5.0/stm32cubeide/plugins/com.st.stm32cube.ide.mcu.externaltools.gnu-tools-for-stm32.7-2018-q2-update.win32_1.5.0.202011040924/tools/bin/../lib/gcc/arm-none-eabi/7.3.1/../../../../arm-none-eabi/lib/thumb/v7e-m/fpv4-sp/hard\libc_nano.a(lib_a-nano-msizer.o)
                0x0000000008007278                _malloc_usable_size_r
 .text.ceil     0x0000000008007288      0x100 c:/st/stm32cubeide_1.5.0/stm32cubeide/plugins/com.st.stm32cube.ide.mcu.externaltools.gnu-tools-for-stm32.7-2018-q2-update.win32_1.5.0.202011040924/tools/bin/../lib/gcc/arm-none-eabi/7.3.1/../../../../arm-none-eabi/lib/thumb/v7e-m/fpv4-sp/hard\libm.a(lib_a-s_ceil.o)
                0x0000000008007288                ceil
 .text.floor    0x0000000008007388      0x108 c:/st/stm32cubeide_1.5.0/stm32cubeide/plugins/com.st.stm32cube.ide.mcu.externaltools.gnu-tools-for-stm32.7-2018-q2-update.win32_1.5.0.202011040924/tools/bin/../lib/gcc/arm-none-eabi/7.3.1/../../../../arm-none-eabi/lib/thumb/v7e-m/fpv4-sp/hard\libm.a(lib_a-s_floor.o)
                0x0000000008007388                floor
 .text.round    0x0000000008007490       0x94 c:/st/stm32cubeide_1.5.0/stm32cubeide/plugins/com.st.stm32cube.ide.mcu.externaltools.gnu-tools-for-stm32.7-2018-q2-update.win32_1.5.0.202011040924/tools/bin/../lib/gcc/arm-none-eabi/7.3.1/../../../../arm-none-eabi/lib/thumb/v7e-m/fpv4-sp/hard\libm.a(lib_a-s_round.o)
                0x0000000008007490                round
 *(.glue_7)
 .glue_7        0x0000000008007524        0x0 linker stubs
 *(.glue_7t)
 .glue_7t       0x0000000008007524        0x0 linker stubs
 *(.eh_frame)
 .eh_frame      0x0000000008007524        0x0 c:/st/stm32cubeide_1.5.0/stm32cubeide/plugins/com.st.stm32cube.ide.mcu.externaltools.gnu-tools-for-stm32.7-2018-q2-update.win32_1.5.0.202011040924/tools/bin/../lib/gcc/arm-none-eabi/7.3.1/thumb/v7e-m/fpv4-sp/hard/crtbegin.o
 *(.init)
 .init          0x0000000008007524        0x4 c:/st/stm32cubeide_1.5.0/stm32cubeide/plugins/com.st.stm32cube.ide.mcu.externaltools.gnu-tools-for-stm32.7-2018-q2-update.win32_1.5.0.202011040924/tools/bin/../lib/gcc/arm-none-eabi/7.3.1/thumb/v7e-m/fpv4-sp/hard/crti.o
                0x0000000008007524                _init
 .init          0x0000000008007528        0x8 c:/st/stm32cubeide_1.5.0/stm32cubeide/plugins/com.st.stm32cube.ide.mcu.externaltools.gnu-tools-for-stm32.7-2018-q2-update.win32_1.5.0.202011040924/tools/bin/../lib/gcc/arm-none-eabi/7.3.1/thumb/v7e-m/fpv4-sp/hard/crtn.o
 *(.fini)
 .fini          0x0000000008007530        0x4 c:/st/stm32cubeide_1.5.0/stm32cubeide/plugins/com.st.stm32cube.ide.mcu.externaltools.gnu-tools-for-stm32.7-2018-q2-update.win32_1.5.0.202011040924/tools/bin/../lib/gcc/arm-none-eabi/7.3.1/thumb/v7e-m/fpv4-sp/hard/crti.o
                0x0000000008007530                _fini
 .fini          0x0000000008007534        0x8 c:/st/stm32cubeide_1.5.0/stm32cubeide/plugins/com.st.stm32cube.ide.mcu.externaltools.gnu-tools-for-stm32.7-2018-q2-update.win32_1.5.0.202011040924/tools/bin/../lib/gcc/arm-none-eabi/7.3.1/thumb/v7e-m/fpv4-sp/hard/crtn.o
                0x000000000800753c                . = ALIGN (0x4)
                0x000000000800753c                _etext = .

.vfp11_veneer   0x000000000800753c        0x0
 .vfp11_veneer  0x000000000800753c        0x0 linker stubs

.v4_bx          0x000000000800753c        0x0
 .v4_bx         0x000000000800753c        0x0 linker stubs

.iplt           0x000000000800753c        0x0
 .iplt          0x000000000800753c        0x0 c:/st/stm32cubeide_1.5.0/stm32cubeide/plugins/com.st.stm32cube.ide.mcu.externaltools.gnu-tools-for-stm32.7-2018-q2-update.win32_1.5.0.202011040924/tools/bin/../lib/gcc/arm-none-eabi/7.3.1/thumb/v7e-m/fpv4-sp/hard/crtbegin.o

.rodata         0x000000000800753c      0x2c0
                0x000000000800753c                . = ALIGN (0x4)
 *(.rodata)
 .rodata        0x000000000800753c      0x113 Src/main.o
 *(.rodata*)
 *fill*         0x000000000800764f        0x1 
 .rodata.RadioRegsInit
                0x0000000008007650       0x33 Lora/Phy/sx1272/sx1272.o
                0x0000000008007650                RadioRegsInit
 *fill*         0x0000000008007683        0x1 
 .rodata.FskBandwidths
                0x0000000008007684       0xb0 Lora/Phy/sx1272/sx1272.o
                0x0000000008007684                FskBandwidths
 .rodata.DaysInMonth
                0x0000000008007734        0xc Src/hw_rtc.o
 .rodata.DaysInMonthLeapYear
                0x0000000008007740        0xc Src/hw_rtc.o
 .rodata.Radio  0x000000000800774c       0x64 Src/lora_init.o
                0x000000000800774c                Radio
 .rodata.AHBPrescTable
                0x00000000080077b0       0x10 Src/system_stm32f4xx.o
                0x00000000080077b0                AHBPrescTable
 .rodata.APBPrescTable
                0x00000000080077c0        0x8 Src/system_stm32f4xx.o
                0x00000000080077c0                APBPrescTable
 .rodata._svfprintf_r.str1.1
                0x00000000080077c8       0x11 c:/st/stm32cubeide_1.5.0/stm32cubeide/plugins/com.st.stm32cube.ide.mcu.externaltools.gnu-tools-for-stm32.7-2018-q2-update.win32_1.5.0.202011040924/tools/bin/../lib/gcc/arm-none-eabi/7.3.1/../../../../arm-none-eabi/lib/thumb/v7e-m/fpv4-sp/hard\libc_nano.a(lib_a-nano-svfprintf.o)
 .rodata._printf_i.str1.1
                0x00000000080077d9       0x22 c:/st/stm32cubeide_1.5.0/stm32cubeide/plugins/com.st.stm32cube.ide.mcu.externaltools.gnu-tools-for-stm32.7-2018-q2-update.win32_1.5.0.202011040924/tools/bin/../lib/gcc/arm-none-eabi/7.3.1/../../../../arm-none-eabi/lib/thumb/v7e-m/fpv4-sp/hard\libc_nano.a(lib_a-nano-vfprintf_i.o)
                0x00000000080077fc                . = ALIGN (0x4)
 *fill*         0x00000000080077fb        0x1 

.ARM.extab      0x00000000080077fc        0x0
                0x00000000080077fc                . = ALIGN (0x4)
 *(.ARM.extab* .gnu.linkonce.armextab.*)
                0x00000000080077fc                . = ALIGN (0x4)

.ARM            0x00000000080077fc        0x8
                0x00000000080077fc                . = ALIGN (0x4)
                0x00000000080077fc                __exidx_start = .
 *(.ARM.exidx*)
 .ARM.exidx     0x00000000080077fc        0x8 c:/st/stm32cubeide_1.5.0/stm32cubeide/plugins/com.st.stm32cube.ide.mcu.externaltools.gnu-tools-for-stm32.7-2018-q2-update.win32_1.5.0.202011040924/tools/bin/../lib/gcc/arm-none-eabi/7.3.1/thumb/v7e-m/fpv4-sp/hard\libgcc.a(_udivmoddi4.o)
                0x0000000008007804                __exidx_end = .
                0x0000000008007804                . = ALIGN (0x4)

.rel.dyn        0x0000000008007804        0x0
 .rel.iplt      0x0000000008007804        0x0 c:/st/stm32cubeide_1.5.0/stm32cubeide/plugins/com.st.stm32cube.ide.mcu.externaltools.gnu-tools-for-stm32.7-2018-q2-update.win32_1.5.0.202011040924/tools/bin/../lib/gcc/arm-none-eabi/7.3.1/thumb/v7e-m/fpv4-sp/hard/crtbegin.o

.preinit_array  0x0000000008007804        0x0
                0x0000000008007804                . = ALIGN (0x4)
                0x0000000008007804                PROVIDE (__preinit_array_start = .)
 *(.preinit_array*)
                0x0000000008007804                PROVIDE (__preinit_array_end = .)
                0x0000000008007804                . = ALIGN (0x4)

.init_array     0x0000000008007804        0x4
                0x0000000008007804                . = ALIGN (0x4)
                0x0000000008007804                PROVIDE (__init_array_start = .)
 *(SORT_BY_NAME(.init_array.*))
 *(.init_array*)
 .init_array    0x0000000008007804        0x4 c:/st/stm32cubeide_1.5.0/stm32cubeide/plugins/com.st.stm32cube.ide.mcu.externaltools.gnu-tools-for-stm32.7-2018-q2-update.win32_1.5.0.202011040924/tools/bin/../lib/gcc/arm-none-eabi/7.3.1/thumb/v7e-m/fpv4-sp/hard/crtbegin.o
                0x0000000008007808                PROVIDE (__init_array_end = .)
                0x0000000008007808                . = ALIGN (0x4)

.fini_array     0x0000000008007808        0x4
                0x0000000008007808                . = ALIGN (0x4)
                [!provide]                        PROVIDE (__fini_array_start = .)
 *(SORT_BY_NAME(.fini_array.*))
 *(.fini_array*)
 .fini_array    0x0000000008007808        0x4 c:/st/stm32cubeide_1.5.0/stm32cubeide/plugins/com.st.stm32cube.ide.mcu.externaltools.gnu-tools-for-stm32.7-2018-q2-update.win32_1.5.0.202011040924/tools/bin/../lib/gcc/arm-none-eabi/7.3.1/thumb/v7e-m/fpv4-sp/hard/crtbegin.o
                [!provide]                        PROVIDE (__fini_array_end = .)
                0x000000000800780c                . = ALIGN (0x4)
                0x000000000800780c                _sidata = LOADADDR (.data)

.data           0x0000000020000000       0xa4 load address 0x000000000800780c
                0x0000000020000000                . = ALIGN (0x4)
                0x0000000020000000                _sdata = .
 *(.data)
 *(.data*)
 .data.uwTickPrio
                0x0000000020000000        0x4 Drivers/STM32F4xx_HAL_Driver/Src/stm32f4xx_hal.o
                0x0000000020000000                uwTickPrio
 .data.uwTickFreq
                0x0000000020000004        0x1 Drivers/STM32F4xx_HAL_Driver/Src/stm32f4xx_hal.o
                0x0000000020000004                uwTickFreq
 *fill*         0x0000000020000005        0x3 
 .data.DioIrq   0x0000000020000008       0x18 Lora/Phy/sx1272/sx1272.o
                0x0000000020000008                DioIrq
 .data.BoardCallbacks
                0x0000000020000020       0x18 Src/lora_init.o
 .data.BufferSize
                0x0000000020000038        0x2 Src/main.o
                0x0000000020000038                BufferSize
 *fill*         0x000000002000003a        0x2 
 .data.SystemCoreClock
                0x000000002000003c        0x4 Src/system_stm32f4xx.o
                0x000000002000003c                SystemCoreClock
 .data._impure_ptr
                0x0000000020000040        0x4 c:/st/stm32cubeide_1.5.0/stm32cubeide/plugins/com.st.stm32cube.ide.mcu.externaltools.gnu-tools-for-stm32.7-2018-q2-update.win32_1.5.0.202011040924/tools/bin/../lib/gcc/arm-none-eabi/7.3.1/../../../../arm-none-eabi/lib/thumb/v7e-m/fpv4-sp/hard\libc_nano.a(lib_a-impure.o)
                0x0000000020000040                _impure_ptr
 .data.impure_data
                0x0000000020000044       0x60 c:/st/stm32cubeide_1.5.0/stm32cubeide/plugins/com.st.stm32cube.ide.mcu.externaltools.gnu-tools-for-stm32.7-2018-q2-update.win32_1.5.0.202011040924/tools/bin/../lib/gcc/arm-none-eabi/7.3.1/../../../../arm-none-eabi/lib/thumb/v7e-m/fpv4-sp/hard\libc_nano.a(lib_a-impure.o)
                0x00000000200000a4                . = ALIGN (0x4)
                0x00000000200000a4                _edata = .

.igot.plt       0x00000000200000a4        0x0 load address 0x00000000080078b0
 .igot.plt      0x00000000200000a4        0x0 c:/st/stm32cubeide_1.5.0/stm32cubeide/plugins/com.st.stm32cube.ide.mcu.externaltools.gnu-tools-for-stm32.7-2018-q2-update.win32_1.5.0.202011040924/tools/bin/../lib/gcc/arm-none-eabi/7.3.1/thumb/v7e-m/fpv4-sp/hard/crtbegin.o
                0x00000000200000a4                . = ALIGN (0x4)

.bss            0x00000000200000a4      0x6d0 load address 0x00000000080078b0
                0x00000000200000a4                _sbss = .
                0x00000000200000a4                __bss_start__ = _sbss
 *(.bss)
 .bss           0x00000000200000a4       0x1c c:/st/stm32cubeide_1.5.0/stm32cubeide/plugins/com.st.stm32cube.ide.mcu.externaltools.gnu-tools-for-stm32.7-2018-q2-update.win32_1.5.0.202011040924/tools/bin/../lib/gcc/arm-none-eabi/7.3.1/thumb/v7e-m/fpv4-sp/hard/crtbegin.o
 *(.bss*)
 .bss.RadioEvents
                0x00000000200000c0        0x4 Lora/Phy/sx1272/sx1272.o
 .bss.RxTxBuffer
                0x00000000200000c4      0x100 Lora/Phy/sx1272/sx1272.o
 .bss.LoRaBoardCallbacks
                0x00000000200001c4        0x4 Lora/Phy/sx1272/sx1272.o
 .bss.StopModeDisable
                0x00000000200001c8        0x4 Lora/Utilities/low_power.o
 .bss.OffModeDisable
                0x00000000200001cc        0x4 Lora/Utilities/low_power.o
 .bss.TimerListHead
                0x00000000200001d0        0x4 Lora/Utilities/timeServer.o
 .bss.GpioIrq   0x00000000200001d4       0x40 Src/hw_gpio.o
 .bss.McuWakeUpTimeCal
                0x0000000020000214        0x2 Src/hw_rtc.o
 *fill*         0x0000000020000216        0x2 
 .bss.RtcHandle
                0x0000000020000218       0x20 Src/hw_rtc.o
 .bss.RTC_AlarmStructure
                0x0000000020000238       0x28 Src/hw_rtc.o
 .bss.RtcTimerContext
                0x0000000020000260       0x1c Src/hw_rtc.o
 .bss.hspi      0x000000002000027c       0x58 Src/hw_spi.o
 .bss.State     0x00000000200002d4        0x1 Src/main.o
                0x00000000200002d4                State
 .bss.RssiValue
                0x00000000200002d5        0x1 Src/main.o
                0x00000000200002d5                RssiValue
 .bss.SnrValue  0x00000000200002d6        0x1 Src/main.o
                0x00000000200002d6                SnrValue
 *fill*         0x00000000200002d7        0x1 
 .bss.RadioEvents
                0x00000000200002d8       0x1c Src/main.o
 .bss.heap_end.6424
                0x00000000200002f4        0x4 Src/sysmem.o
 .bss.buff      0x00000000200002f8      0x100 Src/vcom.o
 .bss.iw        0x00000000200003f8        0x2 Src/vcom.o
                0x00000000200003f8                iw
 .bss.ir        0x00000000200003fa        0x2 Src/vcom.o
 .bss.UartHandle
                0x00000000200003fc       0x40 Src/vcom.o
 .bss.__malloc_free_list
                0x000000002000043c        0x4 c:/st/stm32cubeide_1.5.0/stm32cubeide/plugins/com.st.stm32cube.ide.mcu.externaltools.gnu-tools-for-stm32.7-2018-q2-update.win32_1.5.0.202011040924/tools/bin/../lib/gcc/arm-none-eabi/7.3.1/../../../../arm-none-eabi/lib/thumb/v7e-m/fpv4-sp/hard\libc_nano.a(lib_a-nano-mallocr.o)
                0x000000002000043c                __malloc_free_list
 .bss.__malloc_sbrk_start
                0x0000000020000440        0x4 c:/st/stm32cubeide_1.5.0/stm32cubeide/plugins/com.st.stm32cube.ide.mcu.externaltools.gnu-tools-for-stm32.7-2018-q2-update.win32_1.5.0.202011040924/tools/bin/../lib/gcc/arm-none-eabi/7.3.1/../../../../arm-none-eabi/lib/thumb/v7e-m/fpv4-sp/hard\libc_nano.a(lib_a-nano-mallocr.o)
                0x0000000020000440                __malloc_sbrk_start
 *(COMMON)
 COMMON         0x0000000020000444        0x4 Drivers/STM32F4xx_HAL_Driver/Src/stm32f4xx_hal.o
                0x0000000020000444                uwTick
 COMMON         0x0000000020000448       0xb0 Lora/Phy/sx1272/sx1272.o
                0x0000000020000448                SX1272
                0x00000000200004b0                TxTimeoutTimer
                0x00000000200004c8                RxTimeoutSyncWord
                0x00000000200004e0                RxTimeoutTimer
 COMMON         0x00000000200004f8      0x12e Src/main.o
                0x00000000200004f8                info
                0x0000000020000504                misDat
                0x000000002000059c                aRxBuffer
                0x00000000200005dc                Buffer
                0x000000002000061c                BufferSPI
 *fill*         0x0000000020000626        0x2 
 COMMON         0x0000000020000628      0x108 Src/spi.o
                0x0000000020000628                hspi2
                0x0000000020000680                hspi4
                0x00000000200006d8                hspi1
 COMMON         0x0000000020000730       0x40 Src/uart.o
                0x0000000020000730                huart2
 COMMON         0x0000000020000770        0x4 c:/st/stm32cubeide_1.5.0/stm32cubeide/plugins/com.st.stm32cube.ide.mcu.externaltools.gnu-tools-for-stm32.7-2018-q2-update.win32_1.5.0.202011040924/tools/bin/../lib/gcc/arm-none-eabi/7.3.1/../../../../arm-none-eabi/lib/thumb/v7e-m/fpv4-sp/hard\libc_nano.a(lib_a-reent.o)
                0x0000000020000770                errno
                0x0000000020000774                . = ALIGN (0x4)
                0x0000000020000774                _ebss = .
                0x0000000020000774                __bss_end__ = _ebss

._user_heap_stack
                0x0000000020000774      0x604 load address 0x00000000080078b0
                0x0000000020000778                . = ALIGN (0x8)
 *fill*         0x0000000020000774        0x4 
                0x0000000020000778                PROVIDE (end = .)
                [!provide]                        PROVIDE (_end = .)
                0x0000000020000978                . = (. + _Min_Heap_Size)
 *fill*         0x0000000020000778      0x200 
                0x0000000020000d78                . = (. + _Min_Stack_Size)
 *fill*         0x0000000020000978      0x400 
                0x0000000020000d78                . = ALIGN (0x8)

/DISCARD/
 libc.a(*)
 libm.a(*)
 libgcc.a(*)

.ARM.attributes
                0x0000000000000000       0x30
 *(.ARM.attributes)
 .ARM.attributes
                0x0000000000000000       0x22 c:/st/stm32cubeide_1.5.0/stm32cubeide/plugins/com.st.stm32cube.ide.mcu.externaltools.gnu-tools-for-stm32.7-2018-q2-update.win32_1.5.0.202011040924/tools/bin/../lib/gcc/arm-none-eabi/7.3.1/thumb/v7e-m/fpv4-sp/hard/crti.o
 .ARM.attributes
                0x0000000000000022       0x34 c:/st/stm32cubeide_1.5.0/stm32cubeide/plugins/com.st.stm32cube.ide.mcu.externaltools.gnu-tools-for-stm32.7-2018-q2-update.win32_1.5.0.202011040924/tools/bin/../lib/gcc/arm-none-eabi/7.3.1/thumb/v7e-m/fpv4-sp/hard/crtbegin.o
 .ARM.attributes
                0x0000000000000056       0x39 Drivers/STM32F4xx_HAL_Driver/Src/stm32f4xx_hal.o
 .ARM.attributes
                0x000000000000008f       0x39 Drivers/STM32F4xx_HAL_Driver/Src/stm32f4xx_hal_cortex.o
 .ARM.attributes
                0x00000000000000c8       0x39 Drivers/STM32F4xx_HAL_Driver/Src/stm32f4xx_hal_gpio.o
 .ARM.attributes
                0x0000000000000101       0x39 Drivers/STM32F4xx_HAL_Driver/Src/stm32f4xx_hal_rcc.o
 .ARM.attributes
                0x000000000000013a       0x39 Drivers/STM32F4xx_HAL_Driver/Src/stm32f4xx_hal_rtc.o
 .ARM.attributes
                0x0000000000000173       0x39 Drivers/STM32F4xx_HAL_Driver/Src/stm32f4xx_hal_spi.o
 .ARM.attributes
                0x00000000000001ac       0x39 Drivers/STM32F4xx_HAL_Driver/Src/stm32f4xx_hal_uart.o
 .ARM.attributes
                0x00000000000001e5       0x39 Lora/Phy/sx1272/sx1272.o
 .ARM.attributes
                0x000000000000021e       0x39 Lora/Utilities/delay.o
 .ARM.attributes
                0x0000000000000257       0x39 Lora/Utilities/low_power.o
 .ARM.attributes
                0x0000000000000290       0x39 Lora/Utilities/timeServer.o
 .ARM.attributes
                0x00000000000002c9       0x39 Lora/Utilities/utilities.o
 .ARM.attributes
                0x0000000000000302       0x39 Src/debug.o
 .ARM.attributes
                0x000000000000033b       0x39 Src/hw_gpio.o
 .ARM.attributes
                0x0000000000000374       0x39 Src/hw_rtc.o
 .ARM.attributes
                0x00000000000003ad       0x39 Src/hw_spi.o
 .ARM.attributes
                0x00000000000003e6       0x39 Src/lora_init.o
 .ARM.attributes
                0x000000000000041f       0x39 Src/main.o
 .ARM.attributes
                0x0000000000000458       0x39 Src/spi.o
 .ARM.attributes
                0x0000000000000491       0x39 Src/stm32f4xx_hal_msp.o
 .ARM.attributes
                0x00000000000004ca       0x39 Src/stm32f4xx_it.o
 .ARM.attributes
                0x0000000000000503       0x39 Src/sysmem.o
 .ARM.attributes
                0x000000000000053c       0x39 Src/system_stm32f4xx.o
 .ARM.attributes
                0x0000000000000575       0x39 Src/uart.o
 .ARM.attributes
                0x00000000000005ae       0x39 Src/vcom.o
 .ARM.attributes
                0x00000000000005e7       0x21 Startup/startup_stm32f411vetx.o
 .ARM.attributes
                0x0000000000000608       0x34 c:/st/stm32cubeide_1.5.0/stm32cubeide/plugins/com.st.stm32cube.ide.mcu.externaltools.gnu-tools-for-stm32.7-2018-q2-update.win32_1.5.0.202011040924/tools/bin/../lib/gcc/arm-none-eabi/7.3.1/../../../../arm-none-eabi/lib/thumb/v7e-m/fpv4-sp/hard\libc_nano.a(lib_a-errno.o)
 .ARM.attributes
                0x000000000000063c       0x34 c:/st/stm32cubeide_1.5.0/stm32cubeide/plugins/com.st.stm32cube.ide.mcu.externaltools.gnu-tools-for-stm32.7-2018-q2-update.win32_1.5.0.202011040924/tools/bin/../lib/gcc/arm-none-eabi/7.3.1/../../../../arm-none-eabi/lib/thumb/v7e-m/fpv4-sp/hard\libc_nano.a(lib_a-impure.o)
 .ARM.attributes
                0x0000000000000670       0x34 c:/st/stm32cubeide_1.5.0/stm32cubeide/plugins/com.st.stm32cube.ide.mcu.externaltools.gnu-tools-for-stm32.7-2018-q2-update.win32_1.5.0.202011040924/tools/bin/../lib/gcc/arm-none-eabi/7.3.1/../../../../arm-none-eabi/lib/thumb/v7e-m/fpv4-sp/hard\libc_nano.a(lib_a-init.o)
 .ARM.attributes
                0x00000000000006a4       0x34 c:/st/stm32cubeide_1.5.0/stm32cubeide/plugins/com.st.stm32cube.ide.mcu.externaltools.gnu-tools-for-stm32.7-2018-q2-update.win32_1.5.0.202011040924/tools/bin/../lib/gcc/arm-none-eabi/7.3.1/../../../../arm-none-eabi/lib/thumb/v7e-m/fpv4-sp/hard\libc_nano.a(lib_a-memcpy-stub.o)
 .ARM.attributes
                0x00000000000006d8       0x34 c:/st/stm32cubeide_1.5.0/stm32cubeide/plugins/com.st.stm32cube.ide.mcu.externaltools.gnu-tools-for-stm32.7-2018-q2-update.win32_1.5.0.202011040924/tools/bin/../lib/gcc/arm-none-eabi/7.3.1/../../../../arm-none-eabi/lib/thumb/v7e-m/fpv4-sp/hard\libc_nano.a(lib_a-memset.o)
 .ARM.attributes
                0x000000000000070c       0x34 c:/st/stm32cubeide_1.5.0/stm32cubeide/plugins/com.st.stm32cube.ide.mcu.externaltools.gnu-tools-for-stm32.7-2018-q2-update.win32_1.5.0.202011040924/tools/bin/../lib/gcc/arm-none-eabi/7.3.1/../../../../arm-none-eabi/lib/thumb/v7e-m/fpv4-sp/hard\libc_nano.a(lib_a-vsprintf.o)
 .ARM.attributes
                0x0000000000000740       0x34 c:/st/stm32cubeide_1.5.0/stm32cubeide/plugins/com.st.stm32cube.ide.mcu.externaltools.gnu-tools-for-stm32.7-2018-q2-update.win32_1.5.0.202011040924/tools/bin/../lib/gcc/arm-none-eabi/7.3.1/../../../../arm-none-eabi/lib/thumb/v7e-m/fpv4-sp/hard\libc_nano.a(lib_a-nano-svfprintf.o)
 .ARM.attributes
                0x0000000000000774       0x34 c:/st/stm32cubeide_1.5.0/stm32cubeide/plugins/com.st.stm32cube.ide.mcu.externaltools.gnu-tools-for-stm32.7-2018-q2-update.win32_1.5.0.202011040924/tools/bin/../lib/gcc/arm-none-eabi/7.3.1/../../../../arm-none-eabi/lib/thumb/v7e-m/fpv4-sp/hard\libc_nano.a(lib_a-nano-vfprintf_i.o)
 .ARM.attributes
                0x00000000000007a8       0x20 c:/st/stm32cubeide_1.5.0/stm32cubeide/plugins/com.st.stm32cube.ide.mcu.externaltools.gnu-tools-for-stm32.7-2018-q2-update.win32_1.5.0.202011040924/tools/bin/../lib/gcc/arm-none-eabi/7.3.1/../../../../arm-none-eabi/lib/thumb/v7e-m/fpv4-sp/hard\libc_nano.a(lib_a-memchr.o)
 .ARM.attributes
                0x00000000000007c8       0x34 c:/st/stm32cubeide_1.5.0/stm32cubeide/plugins/com.st.stm32cube.ide.mcu.externaltools.gnu-tools-for-stm32.7-2018-q2-update.win32_1.5.0.202011040924/tools/bin/../lib/gcc/arm-none-eabi/7.3.1/../../../../arm-none-eabi/lib/thumb/v7e-m/fpv4-sp/hard\libc_nano.a(lib_a-memmove.o)
 .ARM.attributes
                0x00000000000007fc       0x34 c:/st/stm32cubeide_1.5.0/stm32cubeide/plugins/com.st.stm32cube.ide.mcu.externaltools.gnu-tools-for-stm32.7-2018-q2-update.win32_1.5.0.202011040924/tools/bin/../lib/gcc/arm-none-eabi/7.3.1/../../../../arm-none-eabi/lib/thumb/v7e-m/fpv4-sp/hard\libc_nano.a(lib_a-nano-freer.o)
 .ARM.attributes
                0x0000000000000830       0x34 c:/st/stm32cubeide_1.5.0/stm32cubeide/plugins/com.st.stm32cube.ide.mcu.externaltools.gnu-tools-for-stm32.7-2018-q2-update.win32_1.5.0.202011040924/tools/bin/../lib/gcc/arm-none-eabi/7.3.1/../../../../arm-none-eabi/lib/thumb/v7e-m/fpv4-sp/hard\libc_nano.a(lib_a-nano-mallocr.o)
 .ARM.attributes
                0x0000000000000864       0x34 c:/st/stm32cubeide_1.5.0/stm32cubeide/plugins/com.st.stm32cube.ide.mcu.externaltools.gnu-tools-for-stm32.7-2018-q2-update.win32_1.5.0.202011040924/tools/bin/../lib/gcc/arm-none-eabi/7.3.1/../../../../arm-none-eabi/lib/thumb/v7e-m/fpv4-sp/hard\libc_nano.a(lib_a-nano-reallocr.o)
 .ARM.attributes
                0x0000000000000898       0x34 c:/st/stm32cubeide_1.5.0/stm32cubeide/plugins/com.st.stm32cube.ide.mcu.externaltools.gnu-tools-for-stm32.7-2018-q2-update.win32_1.5.0.202011040924/tools/bin/../lib/gcc/arm-none-eabi/7.3.1/../../../../arm-none-eabi/lib/thumb/v7e-m/fpv4-sp/hard\libc_nano.a(lib_a-sbrkr.o)
 .ARM.attributes
                0x00000000000008cc       0x34 c:/st/stm32cubeide_1.5.0/stm32cubeide/plugins/com.st.stm32cube.ide.mcu.externaltools.gnu-tools-for-stm32.7-2018-q2-update.win32_1.5.0.202011040924/tools/bin/../lib/gcc/arm-none-eabi/7.3.1/../../../../arm-none-eabi/lib/thumb/v7e-m/fpv4-sp/hard\libc_nano.a(lib_a-mlock.o)
 .ARM.attributes
                0x0000000000000900       0x34 c:/st/stm32cubeide_1.5.0/stm32cubeide/plugins/com.st.stm32cube.ide.mcu.externaltools.gnu-tools-for-stm32.7-2018-q2-update.win32_1.5.0.202011040924/tools/bin/../lib/gcc/arm-none-eabi/7.3.1/../../../../arm-none-eabi/lib/thumb/v7e-m/fpv4-sp/hard\libc_nano.a(lib_a-nano-msizer.o)
 .ARM.attributes
                0x0000000000000934       0x34 c:/st/stm32cubeide_1.5.0/stm32cubeide/plugins/com.st.stm32cube.ide.mcu.externaltools.gnu-tools-for-stm32.7-2018-q2-update.win32_1.5.0.202011040924/tools/bin/../lib/gcc/arm-none-eabi/7.3.1/../../../../arm-none-eabi/lib/thumb/v7e-m/fpv4-sp/hard\libc_nano.a(lib_a-reent.o)
 .ARM.attributes
                0x0000000000000968       0x34 c:/st/stm32cubeide_1.5.0/stm32cubeide/plugins/com.st.stm32cube.ide.mcu.externaltools.gnu-tools-for-stm32.7-2018-q2-update.win32_1.5.0.202011040924/tools/bin/../lib/gcc/arm-none-eabi/7.3.1/../../../../arm-none-eabi/lib/thumb/v7e-m/fpv4-sp/hard\libm.a(lib_a-s_ceil.o)
 .ARM.attributes
                0x000000000000099c       0x34 c:/st/stm32cubeide_1.5.0/stm32cubeide/plugins/com.st.stm32cube.ide.mcu.externaltools.gnu-tools-for-stm32.7-2018-q2-update.win32_1.5.0.202011040924/tools/bin/../lib/gcc/arm-none-eabi/7.3.1/../../../../arm-none-eabi/lib/thumb/v7e-m/fpv4-sp/hard\libm.a(lib_a-s_floor.o)
 .ARM.attributes
                0x00000000000009d0       0x34 c:/st/stm32cubeide_1.5.0/stm32cubeide/plugins/com.st.stm32cube.ide.mcu.externaltools.gnu-tools-for-stm32.7-2018-q2-update.win32_1.5.0.202011040924/tools/bin/../lib/gcc/arm-none-eabi/7.3.1/../../../../arm-none-eabi/lib/thumb/v7e-m/fpv4-sp/hard\libm.a(lib_a-s_round.o)
 .ARM.attributes
                0x0000000000000a04       0x22 c:/st/stm32cubeide_1.5.0/stm32cubeide/plugins/com.st.stm32cube.ide.mcu.externaltools.gnu-tools-for-stm32.7-2018-q2-update.win32_1.5.0.202011040924/tools/bin/../lib/gcc/arm-none-eabi/7.3.1/thumb/v7e-m/fpv4-sp/hard\libgcc.a(_arm_addsubdf3.o)
 .ARM.attributes
                0x0000000000000a26       0x22 c:/st/stm32cubeide_1.5.0/stm32cubeide/plugins/com.st.stm32cube.ide.mcu.externaltools.gnu-tools-for-stm32.7-2018-q2-update.win32_1.5.0.202011040924/tools/bin/../lib/gcc/arm-none-eabi/7.3.1/thumb/v7e-m/fpv4-sp/hard\libgcc.a(_arm_muldivdf3.o)
 .ARM.attributes
                0x0000000000000a48       0x22 c:/st/stm32cubeide_1.5.0/stm32cubeide/plugins/com.st.stm32cube.ide.mcu.externaltools.gnu-tools-for-stm32.7-2018-q2-update.win32_1.5.0.202011040924/tools/bin/../lib/gcc/arm-none-eabi/7.3.1/thumb/v7e-m/fpv4-sp/hard\libgcc.a(_arm_cmpdf2.o)
 .ARM.attributes
                0x0000000000000a6a       0x22 c:/st/stm32cubeide_1.5.0/stm32cubeide/plugins/com.st.stm32cube.ide.mcu.externaltools.gnu-tools-for-stm32.7-2018-q2-update.win32_1.5.0.202011040924/tools/bin/../lib/gcc/arm-none-eabi/7.3.1/thumb/v7e-m/fpv4-sp/hard\libgcc.a(_arm_fixunsdfsi.o)
 .ARM.attributes
                0x0000000000000a8c       0x22 c:/st/stm32cubeide_1.5.0/stm32cubeide/plugins/com.st.stm32cube.ide.mcu.externaltools.gnu-tools-for-stm32.7-2018-q2-update.win32_1.5.0.202011040924/tools/bin/../lib/gcc/arm-none-eabi/7.3.1/thumb/v7e-m/fpv4-sp/hard\libgcc.a(_aeabi_uldivmod.o)
 .ARM.attributes
                0x0000000000000aae       0x34 c:/st/stm32cubeide_1.5.0/stm32cubeide/plugins/com.st.stm32cube.ide.mcu.externaltools.gnu-tools-for-stm32.7-2018-q2-update.win32_1.5.0.202011040924/tools/bin/../lib/gcc/arm-none-eabi/7.3.1/thumb/v7e-m/fpv4-sp/hard\libgcc.a(_udivmoddi4.o)
 .ARM.attributes
                0x0000000000000ae2       0x22 c:/st/stm32cubeide_1.5.0/stm32cubeide/plugins/com.st.stm32cube.ide.mcu.externaltools.gnu-tools-for-stm32.7-2018-q2-update.win32_1.5.0.202011040924/tools/bin/../lib/gcc/arm-none-eabi/7.3.1/thumb/v7e-m/fpv4-sp/hard\libgcc.a(_dvmd_tls.o)
 .ARM.attributes
                0x0000000000000b04       0x22 c:/st/stm32cubeide_1.5.0/stm32cubeide/plugins/com.st.stm32cube.ide.mcu.externaltools.gnu-tools-for-stm32.7-2018-q2-update.win32_1.5.0.202011040924/tools/bin/../lib/gcc/arm-none-eabi/7.3.1/thumb/v7e-m/fpv4-sp/hard/crtn.o
OUTPUT(F411.elf elf32-littlearm)

.debug_info     0x0000000000000000    0x18244
 .debug_info    0x0000000000000000      0x8b5 Drivers/STM32F4xx_HAL_Driver/Src/stm32f4xx_hal.o
 .debug_info    0x00000000000008b5      0xd46 Drivers/STM32F4xx_HAL_Driver/Src/stm32f4xx_hal_cortex.o
 .debug_info    0x00000000000015fb      0x78b Drivers/STM32F4xx_HAL_Driver/Src/stm32f4xx_hal_gpio.o
 .debug_info    0x0000000000001d86      0x8ce Drivers/STM32F4xx_HAL_Driver/Src/stm32f4xx_hal_rcc.o
 .debug_info    0x0000000000002654      0xb67 Drivers/STM32F4xx_HAL_Driver/Src/stm32f4xx_hal_rtc.o
 .debug_info    0x00000000000031bb     0x15e0 Drivers/STM32F4xx_HAL_Driver/Src/stm32f4xx_hal_spi.o
 .debug_info    0x000000000000479b     0x11cd Drivers/STM32F4xx_HAL_Driver/Src/stm32f4xx_hal_uart.o
 .debug_info    0x0000000000005968     0x1e39 Lora/Phy/sx1272/sx1272.o
 .debug_info    0x00000000000077a1      0x9b9 Lora/Utilities/delay.o
 .debug_info    0x000000000000815a      0xc72 Lora/Utilities/low_power.o
 .debug_info    0x0000000000008dcc      0xee2 Lora/Utilities/timeServer.o
 .debug_info    0x0000000000009cae      0xb1a Lora/Utilities/utilities.o
 .debug_info    0x000000000000a7c8      0xaad Src/debug.o
 .debug_info    0x000000000000b275     0x106e Src/hw_gpio.o
 .debug_info    0x000000000000c2e3     0x16aa Src/hw_rtc.o
 .debug_info    0x000000000000d98d     0x124f Src/hw_spi.o
 .debug_info    0x000000000000ebdc     0x13ff Src/lora_init.o
 .debug_info    0x000000000000ffdb     0x1c1a Src/main.o
 .debug_info    0x0000000000011bf5     0x1223 Src/spi.o
 .debug_info    0x0000000000012e18     0x13a7 Src/stm32f4xx_hal_msp.o
 .debug_info    0x00000000000141bf      0xab9 Src/stm32f4xx_it.o
 .debug_info    0x0000000000014c78      0x91c Src/sysmem.o
 .debug_info    0x0000000000015594      0x52c Src/system_stm32f4xx.o
 .debug_info    0x0000000000015ac0     0x1114 Src/uart.o
 .debug_info    0x0000000000016bd4     0x164e Src/vcom.o
 .debug_info    0x0000000000018222       0x22 Startup/startup_stm32f411vetx.o

.debug_abbrev   0x0000000000000000     0x39c2
 .debug_abbrev  0x0000000000000000      0x1f6 Drivers/STM32F4xx_HAL_Driver/Src/stm32f4xx_hal.o
 .debug_abbrev  0x00000000000001f6      0x2fa Drivers/STM32F4xx_HAL_Driver/Src/stm32f4xx_hal_cortex.o
 .debug_abbrev  0x00000000000004f0      0x1c9 Drivers/STM32F4xx_HAL_Driver/Src/stm32f4xx_hal_gpio.o
 .debug_abbrev  0x00000000000006b9      0x245 Drivers/STM32F4xx_HAL_Driver/Src/stm32f4xx_hal_rcc.o
 .debug_abbrev  0x00000000000008fe      0x1cd Drivers/STM32F4xx_HAL_Driver/Src/stm32f4xx_hal_rtc.o
 .debug_abbrev  0x0000000000000acb      0x240 Drivers/STM32F4xx_HAL_Driver/Src/stm32f4xx_hal_spi.o
 .debug_abbrev  0x0000000000000d0b      0x251 Drivers/STM32F4xx_HAL_Driver/Src/stm32f4xx_hal_uart.o
 .debug_abbrev  0x0000000000000f5c      0x34f Lora/Phy/sx1272/sx1272.o
 .debug_abbrev  0x00000000000012ab      0x1c9 Lora/Utilities/delay.o
 .debug_abbrev  0x0000000000001474      0x2c3 Lora/Utilities/low_power.o
 .debug_abbrev  0x0000000000001737      0x376 Lora/Utilities/timeServer.o
 .debug_abbrev  0x0000000000001aad      0x221 Lora/Utilities/utilities.o
 .debug_abbrev  0x0000000000001cce      0x1d4 Src/debug.o
 .debug_abbrev  0x0000000000001ea2      0x228 Src/hw_gpio.o
 .debug_abbrev  0x00000000000020ca      0x351 Src/hw_rtc.o
 .debug_abbrev  0x000000000000241b      0x25c Src/hw_spi.o
 .debug_abbrev  0x0000000000002677      0x244 Src/lora_init.o
 .debug_abbrev  0x00000000000028bb      0x2d5 Src/main.o
 .debug_abbrev  0x0000000000002b90      0x247 Src/spi.o
 .debug_abbrev  0x0000000000002dd7      0x23c Src/stm32f4xx_hal_msp.o
 .debug_abbrev  0x0000000000003013      0x1b8 Src/stm32f4xx_it.o
 .debug_abbrev  0x00000000000031cb      0x1bb Src/sysmem.o
 .debug_abbrev  0x0000000000003386      0x111 Src/system_stm32f4xx.o
 .debug_abbrev  0x0000000000003497      0x226 Src/uart.o
 .debug_abbrev  0x00000000000036bd      0x2f3 Src/vcom.o
 .debug_abbrev  0x00000000000039b0       0x12 Startup/startup_stm32f411vetx.o

.debug_aranges  0x0000000000000000      0xe50
 .debug_aranges
                0x0000000000000000       0xf0 Drivers/STM32F4xx_HAL_Driver/Src/stm32f4xx_hal.o
 .debug_aranges
                0x00000000000000f0      0x118 Drivers/STM32F4xx_HAL_Driver/Src/stm32f4xx_hal_cortex.o
 .debug_aranges
                0x0000000000000208       0x58 Drivers/STM32F4xx_HAL_Driver/Src/stm32f4xx_hal_gpio.o
 .debug_aranges
                0x0000000000000260       0x88 Drivers/STM32F4xx_HAL_Driver/Src/stm32f4xx_hal_rcc.o
 .debug_aranges
                0x00000000000002e8       0xb8 Drivers/STM32F4xx_HAL_Driver/Src/stm32f4xx_hal_rtc.o
 .debug_aranges
                0x00000000000003a0      0x1d0 Drivers/STM32F4xx_HAL_Driver/Src/stm32f4xx_hal_spi.o
 .debug_aranges
                0x0000000000000570      0x1d0 Drivers/STM32F4xx_HAL_Driver/Src/stm32f4xx_hal_uart.o
 .debug_aranges
                0x0000000000000740      0x140 Lora/Phy/sx1272/sx1272.o
 .debug_aranges
                0x0000000000000880       0x28 Lora/Utilities/delay.o
 .debug_aranges
                0x00000000000008a8       0x68 Lora/Utilities/low_power.o
 .debug_aranges
                0x0000000000000910       0x90 Lora/Utilities/timeServer.o
 .debug_aranges
                0x00000000000009a0       0x50 Lora/Utilities/utilities.o
 .debug_aranges
                0x00000000000009f0       0x28 Src/debug.o
 .debug_aranges
                0x0000000000000a18       0x48 Src/hw_gpio.o
 .debug_aranges
                0x0000000000000a60       0xc8 Src/hw_rtc.o
 .debug_aranges
                0x0000000000000b28       0x48 Src/hw_spi.o
 .debug_aranges
                0x0000000000000b70       0x68 Src/lora_init.o
 .debug_aranges
                0x0000000000000bd8       0x58 Src/main.o
 .debug_aranges
                0x0000000000000c30       0x40 Src/spi.o
 .debug_aranges
                0x0000000000000c70       0x38 Src/stm32f4xx_hal_msp.o
 .debug_aranges
                0x0000000000000ca8       0xa8 Src/stm32f4xx_it.o
 .debug_aranges
                0x0000000000000d50       0x20 Src/sysmem.o
 .debug_aranges
                0x0000000000000d70       0x28 Src/system_stm32f4xx.o
 .debug_aranges
                0x0000000000000d98       0x30 Src/uart.o
 .debug_aranges
                0x0000000000000dc8       0x60 Src/vcom.o
 .debug_aranges
                0x0000000000000e28       0x28 Startup/startup_stm32f411vetx.o

.debug_ranges   0x0000000000000000      0xcd0
 .debug_ranges  0x0000000000000000       0xe0 Drivers/STM32F4xx_HAL_Driver/Src/stm32f4xx_hal.o
 .debug_ranges  0x00000000000000e0      0x108 Drivers/STM32F4xx_HAL_Driver/Src/stm32f4xx_hal_cortex.o
 .debug_ranges  0x00000000000001e8       0x48 Drivers/STM32F4xx_HAL_Driver/Src/stm32f4xx_hal_gpio.o
 .debug_ranges  0x0000000000000230       0x78 Drivers/STM32F4xx_HAL_Driver/Src/stm32f4xx_hal_rcc.o
 .debug_ranges  0x00000000000002a8       0xa8 Drivers/STM32F4xx_HAL_Driver/Src/stm32f4xx_hal_rtc.o
 .debug_ranges  0x0000000000000350      0x1c0 Drivers/STM32F4xx_HAL_Driver/Src/stm32f4xx_hal_spi.o
 .debug_ranges  0x0000000000000510      0x1c0 Drivers/STM32F4xx_HAL_Driver/Src/stm32f4xx_hal_uart.o
 .debug_ranges  0x00000000000006d0      0x148 Lora/Phy/sx1272/sx1272.o
 .debug_ranges  0x0000000000000818       0x18 Lora/Utilities/delay.o
 .debug_ranges  0x0000000000000830       0x58 Lora/Utilities/low_power.o
 .debug_ranges  0x0000000000000888       0x80 Lora/Utilities/timeServer.o
 .debug_ranges  0x0000000000000908       0x40 Lora/Utilities/utilities.o
 .debug_ranges  0x0000000000000948       0x18 Src/debug.o
 .debug_ranges  0x0000000000000960       0x38 Src/hw_gpio.o
 .debug_ranges  0x0000000000000998       0xb8 Src/hw_rtc.o
 .debug_ranges  0x0000000000000a50       0x38 Src/hw_spi.o
 .debug_ranges  0x0000000000000a88       0x58 Src/lora_init.o
 .debug_ranges  0x0000000000000ae0       0x48 Src/main.o
 .debug_ranges  0x0000000000000b28       0x30 Src/spi.o
 .debug_ranges  0x0000000000000b58       0x28 Src/stm32f4xx_hal_msp.o
 .debug_ranges  0x0000000000000b80       0x98 Src/stm32f4xx_it.o
 .debug_ranges  0x0000000000000c18       0x10 Src/sysmem.o
 .debug_ranges  0x0000000000000c28       0x18 Src/system_stm32f4xx.o
 .debug_ranges  0x0000000000000c40       0x20 Src/uart.o
 .debug_ranges  0x0000000000000c60       0x50 Src/vcom.o
 .debug_ranges  0x0000000000000cb0       0x20 Startup/startup_stm32f411vetx.o

.debug_macro    0x0000000000000000    0x1aa25
 .debug_macro   0x0000000000000000      0x23d Drivers/STM32F4xx_HAL_Driver/Src/stm32f4xx_hal.o
 .debug_macro   0x000000000000023d      0xa66 Drivers/STM32F4xx_HAL_Driver/Src/stm32f4xx_hal.o
 .debug_macro   0x0000000000000ca3      0x190 Drivers/STM32F4xx_HAL_Driver/Src/stm32f4xx_hal.o
 .debug_macro   0x0000000000000e33       0x32 Drivers/STM32F4xx_HAL_Driver/Src/stm32f4xx_hal.o
 .debug_macro   0x0000000000000e65       0x28 Drivers/STM32F4xx_HAL_Driver/Src/stm32f4xx_hal.o
 .debug_macro   0x0000000000000e8d       0x22 Drivers/STM32F4xx_HAL_Driver/Src/stm32f4xx_hal.o
 .debug_macro   0x0000000000000eaf       0x8e Drivers/STM32F4xx_HAL_Driver/Src/stm32f4xx_hal.o
 .debug_macro   0x0000000000000f3d       0x51 Drivers/STM32F4xx_HAL_Driver/Src/stm32f4xx_hal.o
 .debug_macro   0x0000000000000f8e       0xef Drivers/STM32F4xx_HAL_Driver/Src/stm32f4xx_hal.o
 .debug_macro   0x000000000000107d       0x6a Drivers/STM32F4xx_HAL_Driver/Src/stm32f4xx_hal.o
 .debug_macro   0x00000000000010e7      0x1df Drivers/STM32F4xx_HAL_Driver/Src/stm32f4xx_hal.o
 .debug_macro   0x00000000000012c6       0x1c Drivers/STM32F4xx_HAL_Driver/Src/stm32f4xx_hal.o
 .debug_macro   0x00000000000012e2       0x22 Drivers/STM32F4xx_HAL_Driver/Src/stm32f4xx_hal.o
 .debug_macro   0x0000000000001304       0xdf Drivers/STM32F4xx_HAL_Driver/Src/stm32f4xx_hal.o
 .debug_macro   0x00000000000013e3     0x102d Drivers/STM32F4xx_HAL_Driver/Src/stm32f4xx_hal.o
 .debug_macro   0x0000000000002410      0x11f Drivers/STM32F4xx_HAL_Driver/Src/stm32f4xx_hal.o
 .debug_macro   0x000000000000252f     0xb93e Drivers/STM32F4xx_HAL_Driver/Src/stm32f4xx_hal.o
 .debug_macro   0x000000000000de6d       0x43 Drivers/STM32F4xx_HAL_Driver/Src/stm32f4xx_hal.o
 .debug_macro   0x000000000000deb0     0x35d4 Drivers/STM32F4xx_HAL_Driver/Src/stm32f4xx_hal.o
 .debug_macro   0x0000000000011484      0x174 Drivers/STM32F4xx_HAL_Driver/Src/stm32f4xx_hal.o
 .debug_macro   0x00000000000115f8       0x5a Drivers/STM32F4xx_HAL_Driver/Src/stm32f4xx_hal.o
 .debug_macro   0x0000000000011652      0x447 Drivers/STM32F4xx_HAL_Driver/Src/stm32f4xx_hal.o
 .debug_macro   0x0000000000011a99      0x9fe Drivers/STM32F4xx_HAL_Driver/Src/stm32f4xx_hal.o
 .debug_macro   0x0000000000012497       0xed Drivers/STM32F4xx_HAL_Driver/Src/stm32f4xx_hal.o
 .debug_macro   0x0000000000012584      0x117 Drivers/STM32F4xx_HAL_Driver/Src/stm32f4xx_hal.o
 .debug_macro   0x000000000001269b      0x11b Drivers/STM32F4xx_HAL_Driver/Src/stm32f4xx_hal.o
 .debug_macro   0x00000000000127b6       0x27 Drivers/STM32F4xx_HAL_Driver/Src/stm32f4xx_hal.o
 .debug_macro   0x00000000000127dd      0x287 Drivers/STM32F4xx_HAL_Driver/Src/stm32f4xx_hal.o
 .debug_macro   0x0000000000012a64       0x5f Drivers/STM32F4xx_HAL_Driver/Src/stm32f4xx_hal.o
 .debug_macro   0x0000000000012ac3      0x236 Drivers/STM32F4xx_HAL_Driver/Src/stm32f4xx_hal.o
 .debug_macro   0x0000000000012cf9      0x132 Drivers/STM32F4xx_HAL_Driver/Src/stm32f4xx_hal.o
 .debug_macro   0x0000000000012e2b      0x264 Drivers/STM32F4xx_HAL_Driver/Src/stm32f4xx_hal.o
 .debug_macro   0x000000000001308f       0x2e Drivers/STM32F4xx_HAL_Driver/Src/stm32f4xx_hal.o
 .debug_macro   0x00000000000130bd      0x11a Drivers/STM32F4xx_HAL_Driver/Src/stm32f4xx_hal.o
 .debug_macro   0x00000000000131d7       0x85 Drivers/STM32F4xx_HAL_Driver/Src/stm32f4xx_hal.o
 .debug_macro   0x000000000001325c       0x89 Drivers/STM32F4xx_HAL_Driver/Src/stm32f4xx_hal.o
 .debug_macro   0x00000000000132e5      0x31a Drivers/STM32F4xx_HAL_Driver/Src/stm32f4xx_hal.o
 .debug_macro   0x00000000000135ff      0x409 Drivers/STM32F4xx_HAL_Driver/Src/stm32f4xx_hal.o
 .debug_macro   0x0000000000013a08       0xe4 Drivers/STM32F4xx_HAL_Driver/Src/stm32f4xx_hal.o
 .debug_macro   0x0000000000013aec      0x225 Drivers/STM32F4xx_HAL_Driver/Src/stm32f4xx_hal.o
 .debug_macro   0x0000000000013d11      0x287 Drivers/STM32F4xx_HAL_Driver/Src/stm32f4xx_hal.o
 .debug_macro   0x0000000000013f98      0x126 Drivers/STM32F4xx_HAL_Driver/Src/stm32f4xx_hal.o
 .debug_macro   0x00000000000140be      0x1dd Drivers/STM32F4xx_HAL_Driver/Src/stm32f4xx_hal_cortex.o
 .debug_macro   0x000000000001429b      0x213 Drivers/STM32F4xx_HAL_Driver/Src/stm32f4xx_hal_gpio.o
 .debug_macro   0x00000000000144ae      0x201 Drivers/STM32F4xx_HAL_Driver/Src/stm32f4xx_hal_rcc.o
 .debug_macro   0x00000000000146af      0x1de Drivers/STM32F4xx_HAL_Driver/Src/stm32f4xx_hal_rtc.o
 .debug_macro   0x000000000001488d      0x1ec Drivers/STM32F4xx_HAL_Driver/Src/stm32f4xx_hal_spi.o
 .debug_macro   0x0000000000014a79      0x1de Drivers/STM32F4xx_HAL_Driver/Src/stm32f4xx_hal_uart.o
 .debug_macro   0x0000000000014c57      0x427 Lora/Phy/sx1272/sx1272.o
 .debug_macro   0x000000000001507e     0x14bc Lora/Phy/sx1272/sx1272.o
 .debug_macro   0x000000000001653a      0x73a Lora/Phy/sx1272/sx1272.o
 .debug_macro   0x0000000000016c74       0x47 Lora/Phy/sx1272/sx1272.o
 .debug_macro   0x0000000000016cbb      0x2b4 Lora/Utilities/delay.o
 .debug_macro   0x0000000000016f6f      0x3f6 Lora/Utilities/low_power.o
 .debug_macro   0x0000000000017365       0x34 Lora/Utilities/low_power.o
 .debug_macro   0x0000000000017399      0x41b Lora/Utilities/timeServer.o
 .debug_macro   0x00000000000177b4       0x10 Lora/Utilities/timeServer.o
 .debug_macro   0x00000000000177c4       0x10 Lora/Utilities/timeServer.o
 .debug_macro   0x00000000000177d4       0x10 Lora/Utilities/timeServer.o
 .debug_macro   0x00000000000177e4       0x35 Lora/Utilities/timeServer.o
 .debug_macro   0x0000000000017819       0x10 Lora/Utilities/timeServer.o
 .debug_macro   0x0000000000017829      0x3a9 Lora/Utilities/utilities.o
 .debug_macro   0x0000000000017bd2      0x3e3 Src/debug.o
 .debug_macro   0x0000000000017fb5      0x3e3 Src/hw_gpio.o
 .debug_macro   0x0000000000018398      0x492 Src/hw_rtc.o
 .debug_macro   0x000000000001882a       0x16 Src/hw_rtc.o
 .debug_macro   0x0000000000018840      0x3e3 Src/hw_spi.o
 .debug_macro   0x0000000000018c23      0x41d Src/lora_init.o
 .debug_macro   0x0000000000019040       0x16 Src/lora_init.o
 .debug_macro   0x0000000000019056      0x390 Src/main.o
 .debug_macro   0x00000000000193e6       0x3a Src/main.o
 .debug_macro   0x0000000000019420      0x2a5 Src/spi.o
 .debug_macro   0x00000000000196c5      0x2a5 Src/stm32f4xx_hal_msp.o
 .debug_macro   0x000000000001996a      0x3ed Src/stm32f4xx_it.o
 .debug_macro   0x0000000000019d57      0x1ae Src/sysmem.o
 .debug_macro   0x0000000000019f05      0x23b Src/sysmem.o
 .debug_macro   0x000000000001a140       0x16 Src/sysmem.o
 .debug_macro   0x000000000001a156      0x1e3 Src/system_stm32f4xx.o
 .debug_macro   0x000000000001a339      0x29b Src/uart.o
 .debug_macro   0x000000000001a5d4      0x405 Src/vcom.o
 .debug_macro   0x000000000001a9d9       0x4c Src/vcom.o

.debug_line     0x0000000000000000    0x1022d
 .debug_line    0x0000000000000000      0x8d5 Drivers/STM32F4xx_HAL_Driver/Src/stm32f4xx_hal.o
 .debug_line    0x00000000000008d5      0x9fc Drivers/STM32F4xx_HAL_Driver/Src/stm32f4xx_hal_cortex.o
 .debug_line    0x00000000000012d1      0x87b Drivers/STM32F4xx_HAL_Driver/Src/stm32f4xx_hal_gpio.o
 .debug_line    0x0000000000001b4c      0x91c Drivers/STM32F4xx_HAL_Driver/Src/stm32f4xx_hal_rcc.o
 .debug_line    0x0000000000002468      0xa66 Drivers/STM32F4xx_HAL_Driver/Src/stm32f4xx_hal_rtc.o
 .debug_line    0x0000000000002ece     0x1089 Drivers/STM32F4xx_HAL_Driver/Src/stm32f4xx_hal_spi.o
 .debug_line    0x0000000000003f57      0xfcf Drivers/STM32F4xx_HAL_Driver/Src/stm32f4xx_hal_uart.o
 .debug_line    0x0000000000004f26     0x1113 Lora/Phy/sx1272/sx1272.o
 .debug_line    0x0000000000006039      0x852 Lora/Utilities/delay.o
 .debug_line    0x000000000000688b      0xaa9 Lora/Utilities/low_power.o
 .debug_line    0x0000000000007334      0xb8d Lora/Utilities/timeServer.o
 .debug_line    0x0000000000007ec1      0x97e Lora/Utilities/utilities.o
 .debug_line    0x000000000000883f      0x97b Src/debug.o
 .debug_line    0x00000000000091ba      0xa02 Src/hw_gpio.o
 .debug_line    0x0000000000009bbc      0xbf5 Src/hw_rtc.o
 .debug_line    0x000000000000a7b1      0xa12 Src/hw_spi.o
 .debug_line    0x000000000000b1c3      0xaa0 Src/lora_init.o
 .debug_line    0x000000000000bc63      0xa39 Src/main.o
 .debug_line    0x000000000000c69c      0x8ab Src/spi.o
 .debug_line    0x000000000000cf47      0x879 Src/stm32f4xx_hal_msp.o
 .debug_line    0x000000000000d7c0      0xabb Src/stm32f4xx_it.o
 .debug_line    0x000000000000e27b      0x559 Src/sysmem.o
 .debug_line    0x000000000000e7d4      0x6ef Src/system_stm32f4xx.o
 .debug_line    0x000000000000eec3      0x84e Src/uart.o
 .debug_line    0x000000000000f711      0xa9b Src/vcom.o
 .debug_line    0x00000000000101ac       0x81 Startup/startup_stm32f411vetx.o

.debug_str      0x0000000000000000    0x96e1e
 .debug_str     0x0000000000000000    0x856aa Drivers/STM32F4xx_HAL_Driver/Src/stm32f4xx_hal.o
                                      0x85a3c (size before relaxing)
 .debug_str     0x00000000000856aa      0x3ed Drivers/STM32F4xx_HAL_Driver/Src/stm32f4xx_hal_cortex.o
                                      0x857a5 (size before relaxing)
 .debug_str     0x0000000000085a97      0x28b Drivers/STM32F4xx_HAL_Driver/Src/stm32f4xx_hal_gpio.o
                                      0x85292 (size before relaxing)
 .debug_str     0x0000000000085d22      0x384 Drivers/STM32F4xx_HAL_Driver/Src/stm32f4xx_hal_rcc.o
                                      0x85435 (size before relaxing)
 .debug_str     0x00000000000860a6      0x48d Drivers/STM32F4xx_HAL_Driver/Src/stm32f4xx_hal_rtc.o
                                      0x853ee (size before relaxing)
 .debug_str     0x0000000000086533      0x925 Drivers/STM32F4xx_HAL_Driver/Src/stm32f4xx_hal_spi.o
                                      0x858af (size before relaxing)
 .debug_str     0x0000000000086e58      0x67d Drivers/STM32F4xx_HAL_Driver/Src/stm32f4xx_hal_uart.o
                                      0x85874 (size before relaxing)
 .debug_str     0x00000000000874d5     0xd791 Lora/Phy/sx1272/sx1272.o
                                      0x928e8 (size before relaxing)