Archive member included to satisfy reference by file (symbol)

c:/st/stm32cubeide_1.5.0/stm32cubeide/plugins/com.st.stm32cube.ide.mcu.externaltools.gnu-tools-for-stm32.7-2018-q2-update.win32_1.5.0.202011040924/tools/bin/../lib/gcc/arm-none-eabi/7.3.1/../../../../arm-none-eabi/lib/thumb/v7e-m/fpv4-sp/hard\libc_nano.a(lib_a-errno.o)
                              Core/Src/syscalls.o (__errno)
c:/st/stm32cubeide_1.5.0/stm32cubeide/plugins/com.st.stm32cube.ide.mcu.externaltools.gnu-tools-for-stm32.7-2018-q2-update.win32_1.5.0.202011040924/tools/bin/../lib/gcc/arm-none-eabi/7.3.1/../../../../arm-none-eabi/lib/thumb/v7e-m/fpv4-sp/hard\libc_nano.a(lib_a-exit.o)
                              c:/st/stm32cubeide_1.5.0/stm32cubeide/plugins/com.st.stm32cube.ide.mcu.externaltools.gnu-tools-for-stm32.7-2018-q2-update.win32_1.5.0.202011040924/tools/bin/../lib/gcc/arm-none-eabi/7.3.1/../../../../arm-none-eabi/lib/thumb/v7e-m/fpv4-sp/hard/crt0.o (exit)
c:/st/stm32cubeide_1.5.0/stm32cubeide/plugins/com.st.stm32cube.ide.mcu.externaltools.gnu-tools-for-stm32.7-2018-q2-update.win32_1.5.0.202011040924/tools/bin/../lib/gcc/arm-none-eabi/7.3.1/../../../../arm-none-eabi/lib/thumb/v7e-m/fpv4-sp/hard\libc_nano.a(lib_a-impure.o)
                              c:/st/stm32cubeide_1.5.0/stm32cubeide/plugins/com.st.stm32cube.ide.mcu.externaltools.gnu-tools-for-stm32.7-2018-q2-update.win32_1.5.0.202011040924/tools/bin/../lib/gcc/arm-none-eabi/7.3.1/../../../../arm-none-eabi/lib/thumb/v7e-m/fpv4-sp/hard\libc_nano.a(lib_a-exit.o) (_global_impure_ptr)
c:/st/stm32cubeide_1.5.0/stm32cubeide/plugins/com.st.stm32cube.ide.mcu.externaltools.gnu-tools-for-stm32.7-2018-q2-update.win32_1.5.0.202011040924/tools/bin/../lib/gcc/arm-none-eabi/7.3.1/../../../../arm-none-eabi/lib/thumb/v7e-m/fpv4-sp/hard\libc_nano.a(lib_a-init.o)
                              c:/st/stm32cubeide_1.5.0/stm32cubeide/plugins/com.st.stm32cube.ide.mcu.externaltools.gnu-tools-for-stm32.7-2018-q2-update.win32_1.5.0.202011040924/tools/bin/../lib/gcc/arm-none-eabi/7.3.1/../../../../arm-none-eabi/lib/thumb/v7e-m/fpv4-sp/hard/crt0.o (__libc_init_array)
c:/st/stm32cubeide_1.5.0/stm32cubeide/plugins/com.st.stm32cube.ide.mcu.externaltools.gnu-tools-for-stm32.7-2018-q2-update.win32_1.5.0.202011040924/tools/bin/../lib/gcc/arm-none-eabi/7.3.1/../../../../arm-none-eabi/lib/thumb/v7e-m/fpv4-sp/hard\libc_nano.a(lib_a-memcpy-stub.o)
                              Core/Lora/Mac/region/RegionEU868.o (memcpy)
c:/st/stm32cubeide_1.5.0/stm32cubeide/plugins/com.st.stm32cube.ide.mcu.externaltools.gnu-tools-for-stm32.7-2018-q2-update.win32_1.5.0.202011040924/tools/bin/../lib/gcc/arm-none-eabi/7.3.1/../../../../arm-none-eabi/lib/thumb/v7e-m/fpv4-sp/hard\libc_nano.a(lib_a-memset.o)
                              c:/st/stm32cubeide_1.5.0/stm32cubeide/plugins/com.st.stm32cube.ide.mcu.externaltools.gnu-tools-for-stm32.7-2018-q2-update.win32_1.5.0.202011040924/tools/bin/../lib/gcc/arm-none-eabi/7.3.1/../../../../arm-none-eabi/lib/thumb/v7e-m/fpv4-sp/hard/crt0.o (memset)
c:/st/stm32cubeide_1.5.0/stm32cubeide/plugins/com.st.stm32cube.ide.mcu.externaltools.gnu-tools-for-stm32.7-2018-q2-update.win32_1.5.0.202011040924/tools/bin/../lib/gcc/arm-none-eabi/7.3.1/../../../../arm-none-eabi/lib/thumb/v7e-m/fpv4-sp/hard\libm.a(lib_a-s_ceil.o)
                              Core/Lora/Phy/sx1272/sx1272.o (ceil)
c:/st/stm32cubeide_1.5.0/stm32cubeide/plugins/com.st.stm32cube.ide.mcu.externaltools.gnu-tools-for-stm32.7-2018-q2-update.win32_1.5.0.202011040924/tools/bin/../lib/gcc/arm-none-eabi/7.3.1/../../../../arm-none-eabi/lib/thumb/v7e-m/fpv4-sp/hard\libm.a(lib_a-s_floor.o)
                              Core/Lora/Phy/sx1272/sx1272.o (floor)
c:/st/stm32cubeide_1.5.0/stm32cubeide/plugins/com.st.stm32cube.ide.mcu.externaltools.gnu-tools-for-stm32.7-2018-q2-update.win32_1.5.0.202011040924/tools/bin/../lib/gcc/arm-none-eabi/7.3.1/../../../../arm-none-eabi/lib/thumb/v7e-m/fpv4-sp/hard\libm.a(lib_a-s_round.o)
                              Core/Lora/Phy/sx1272/sx1272.o (round)
c:/st/stm32cubeide_1.5.0/stm32cubeide/plugins/com.st.stm32cube.ide.mcu.externaltools.gnu-tools-for-stm32.7-2018-q2-update.win32_1.5.0.202011040924/tools/bin/../lib/gcc/arm-none-eabi/7.3.1/thumb/v7e-m/fpv4-sp/hard\libgcc.a(_arm_addsubdf3.o)
                              Core/Lora/Phy/sx1272/sx1272.o (__aeabi_dadd)
c:/st/stm32cubeide_1.5.0/stm32cubeide/plugins/com.st.stm32cube.ide.mcu.externaltools.gnu-tools-for-stm32.7-2018-q2-update.win32_1.5.0.202011040924/tools/bin/../lib/gcc/arm-none-eabi/7.3.1/thumb/v7e-m/fpv4-sp/hard\libgcc.a(_arm_muldivdf3.o)
                              Core/Lora/Phy/sx1272/sx1272.o (__aeabi_dmul)
c:/st/stm32cubeide_1.5.0/stm32cubeide/plugins/com.st.stm32cube.ide.mcu.externaltools.gnu-tools-for-stm32.7-2018-q2-update.win32_1.5.0.202011040924/tools/bin/../lib/gcc/arm-none-eabi/7.3.1/thumb/v7e-m/fpv4-sp/hard\libgcc.a(_arm_cmpdf2.o)
                              Core/Lora/Phy/sx1272/sx1272.o (__aeabi_dcmpgt)
[...]
Memory Configuration

Name             Origin             Length             Attributes
RAM              0x0000000020000000 0x0000000000020000 xrw
FLASH            0x0000000008000000 0x0000000000040000 xr
*default*        0x0000000000000000 0xffffffffffffffff

Linker script and memory map

LOAD c:/st/stm32cubeide_1.5.0/stm32cubeide/plugins/com.st.stm32cube.ide.mcu.externaltools.gnu-tools-for-stm32.7-2018-q2-update.win32_1.5.0.202011040924/tools/bin/../lib/gcc/arm-none-eabi/7.3.1/thumb/v7e-m/fpv4-sp/hard/crti.o
LOAD c:/st/stm32cubeide_1.5.0/stm32cubeide/plugins/com.st.stm32cube.ide.mcu.externaltools.gnu-tools-for-stm32.7-2018-q2-update.win32_1.5.0.202011040924/tools/bin/../lib/gcc/arm-none-eabi/7.3.1/thumb/v7e-m/fpv4-sp/hard/crtbegin.o
LOAD c:/st/stm32cubeide_1.5.0/stm32cubeide/plugins/com.st.stm32cube.ide.mcu.externaltools.gnu-tools-for-stm32.7-2018-q2-update.win32_1.5.0.202011040924/tools/bin/../lib/gcc/arm-none-eabi/7.3.1/../../../../arm-none-eabi/lib/thumb/v7e-m/fpv4-sp/hard/crt0.o
LOAD Core/Lora/Core/lora.o
LOAD Core/Lora/Crypto/aes.o
LOAD Core/Lora/Crypto/cmac.o
LOAD Core/Lora/Mac/LoRaMac.o
LOAD Core/Lora/Mac/LoRaMacCrypto.o
LOAD Core/Lora/Mac/region/Region.o
LOAD Core/Lora/Mac/region/RegionCommon.o
LOAD Core/Lora/Mac/region/RegionEU868.o
LOAD Core/Lora/Phy/sx1272/sx1272.o
LOAD Core/Lora/Utilities/delay.o
LOAD Core/Lora/Utilities/low_power.o
LOAD Core/Lora/Utilities/timeServer.o
LOAD Core/Lora/Utilities/utilities.o
LOAD Core/Src/debug.o
LOAD Core/Src/gpio.o
LOAD Core/Src/hw_gpio.o
LOAD Core/Src/hw_rtc.o
LOAD Core/Src/hw_spi.o
LOAD Core/Src/lora_init.o
LOAD Core/Src/main.o
LOAD Core/Src/spi.o
LOAD Core/Src/stm32f4xx_hal_msp.o
LOAD Core/Src/stm32f4xx_it.o
LOAD Core/Src/syscalls.o
LOAD Core/Src/sysmem.o
LOAD Core/Src/system_stm32f4xx.o
LOAD Core/Src/uart.o
LOAD Core/Src/vcom.o
LOAD Core/Startup/startup_stm32f411vctx.o
LOAD Drivers/STM32F4xx_HAL_Driver/Src/stm32f4xx_hal.o
LOAD Drivers/STM32F4xx_HAL_Driver/Src/stm32f4xx_hal_cortex.o
LOAD Drivers/STM32F4xx_HAL_Driver/Src/stm32f4xx_hal_dma.o
LOAD Drivers/STM32F4xx_HAL_Driver/Src/stm32f4xx_hal_dma_ex.o
LOAD Drivers/STM32F4xx_HAL_Driver/Src/stm32f4xx_hal_exti.o
LOAD Drivers/STM32F4xx_HAL_Driver/Src/stm32f4xx_hal_flash.o
LOAD Drivers/STM32F4xx_HAL_Driver/Src/stm32f4xx_hal_flash_ex.o
LOAD Drivers/STM32F4xx_HAL_Driver/Src/stm32f4xx_hal_flash_ramfunc.o
LOAD Drivers/STM32F4xx_HAL_Driver/Src/stm32f4xx_hal_gpio.o
LOAD Drivers/STM32F4xx_HAL_Driver/Src/stm32f4xx_hal_pwr.o
LOAD Drivers/STM32F4xx_HAL_Driver/Src/stm32f4xx_hal_pwr_ex.o
LOAD Drivers/STM32F4xx_HAL_Driver/Src/stm32f4xx_hal_rcc.o
LOAD Drivers/STM32F4xx_HAL_Driver/Src/stm32f4xx_hal_rcc_ex.o
LOAD Drivers/STM32F4xx_HAL_Driver/Src/stm32f4xx_hal_rtc.o
LOAD Drivers/STM32F4xx_HAL_Driver/Src/stm32f4xx_hal_rtc_ex.o
LOAD Drivers/STM32F4xx_HAL_Driver/Src/stm32f4xx_hal_spi.o
LOAD Drivers/STM32F4xx_HAL_Driver/Src/stm32f4xx_hal_tim.o
LOAD Drivers/STM32F4xx_HAL_Driver/Src/stm32f4xx_hal_tim_ex.o
START GROUP
LOAD c:/st/stm32cubeide_1.5.0/stm32cubeide/plugins/com.st.stm32cube.ide.mcu.externaltools.gnu-tools-for-stm32.7-2018-q2-update.win32_1.5.0.202011040924/tools/bin/../lib/gcc/arm-none-eabi/7.3.1/../../../../arm-none-eabi/lib/thumb/v7e-m/fpv4-sp/hard\libc_nano.a
LOAD c:/st/stm32cubeide_1.5.0/stm32cubeide/plugins/com.st.stm32cube.ide.mcu.externaltools.gnu-tools-for-stm32.7-2018-q2-update.win32_1.5.0.202011040924/tools/bin/../lib/gcc/arm-none-eabi/7.3.1/../../../../arm-none-eabi/lib/thumb/v7e-m/fpv4-sp/hard\libm.a
END GROUP
START GROUP
LOAD c:/st/stm32cubeide_1.5.0/stm32cubeide/plugins/com.st.stm32cube.ide.mcu.externaltools.gnu-tools-for-stm32.7-2018-q2-update.win32_1.5.0.202011040924/tools/bin/../lib/gcc/arm-none-eabi/7.3.1/thumb/v7e-m/fpv4-sp/hard\libgcc.a
LOAD c:/st/stm32cubeide_1.5.0/stm32cubeide/plugins/com.st.stm32cube.ide.mcu.externaltools.gnu-tools-for-stm32.7-2018-q2-update.win32_1.5.0.202011040924/tools/bin/../lib/gcc/arm-none-eabi/7.3.1/../../../../arm-none-eabi/lib/thumb/v7e-m/fpv4-sp/hard\libc_nano.a
END GROUP
START GROUP
LOAD c:/st/stm32cubeide_1.5.0/stm32cubeide/plugins/com.st.stm32cube.ide.mcu.externaltools.gnu-tools-for-stm32.7-2018-q2-update.win32_1.5.0.202011040924/tools/bin/../lib/gcc/arm-none-eabi/7.3.1/thumb/v7e-m/fpv4-sp/hard\libgcc.a
LOAD c:/st/stm32cubeide_1.5.0/stm32cubeide/plugins/com.st.stm32cube.ide.mcu.externaltools.gnu-tools-for-stm32.7-2018-q2-update.win32_1.5.0.202011040924/tools/bin/../lib/gcc/arm-none-eabi/7.3.1/../../../../arm-none-eabi/lib/thumb/v7e-m/fpv4-sp/hard\libc_nano.a
LOAD c:/st/stm32cubeide_1.5.0/stm32cubeide/plugins/com.st.stm32cube.ide.mcu.externaltools.gnu-tools-for-stm32.7-2018-q2-update.win32_1.5.0.202011040924/tools/bin/../lib/gcc/arm-none-eabi/7.3.1/../../../../arm-none-eabi/lib/thumb/v7e-m/fpv4-sp/hard\libnosys.a
END GROUP
START GROUP
LOAD c:/st/stm32cubeide_1.5.0/stm32cubeide/plugins/com.st.stm32cube.ide.mcu.externaltools.gnu-tools-for-stm32.7-2018-q2-update.win32_1.5.0.202011040924/tools/bin/../lib/gcc/arm-none-eabi/7.3.1/thumb/v7e-m/fpv4-sp/hard\libgcc.a
LOAD c:/st/stm32cubeide_1.5.0/stm32cubeide/plugins/com.st.stm32cube.ide.mcu.externaltools.gnu-tools-for-stm32.7-2018-q2-update.win32_1.5.0.202011040924/tools/bin/../lib/gcc/arm-none-eabi/7.3.1/../../../../arm-none-eabi/lib/thumb/v7e-m/fpv4-sp/hard\libc_nano.a
LOAD c:/st/stm32cubeide_1.5.0/stm32cubeide/plugins/com.st.stm32cube.ide.mcu.externaltools.gnu-tools-for-stm32.7-2018-q2-update.win32_1.5.0.202011040924/tools/bin/../lib/gcc/arm-none-eabi/7.3.1/../../../../arm-none-eabi/lib/thumb/v7e-m/fpv4-sp/hard\libnosys.a
END GROUP
LOAD c:/st/stm32cubeide_1.5.0/stm32cubeide/plugins/com.st.stm32cube.ide.mcu.externaltools.gnu-tools-for-stm32.7-2018-q2-update.win32_1.5.0.202011040924/tools/bin/../lib/gcc/arm-none-eabi/7.3.1/thumb/v7e-m/fpv4-sp/hard/crtend.o
LOAD c:/st/stm32cubeide_1.5.0/stm32cubeide/plugins/com.st.stm32cube.ide.mcu.externaltools.gnu-tools-for-stm32.7-2018-q2-update.win32_1.5.0.202011040924/tools/bin/../lib/gcc/arm-none-eabi/7.3.1/thumb/v7e-m/fpv4-sp/hard/crtn.o
                0x0000000020020000                _estack = (ORIGIN (RAM) + LENGTH (RAM))
                0x0000000000000200                _Min_Heap_Size = 0x200
                0x0000000000000400                _Min_Stack_Size = 0x400

.isr_vector     0x0000000008000000      0x198
                0x0000000008000000                . = ALIGN (0x4)
 *(.isr_vector)
 .isr_vector    0x0000000008000000      0x198 Core/Startup/startup_stm32f411vctx.o
                0x0000000008000000                g_pfnVectors
                0x0000000008000198                . = ALIGN (0x4)

.text           0x0000000008000198     0x6a84
                0x0000000008000198                . = ALIGN (0x4)
 *(.text)
 .text          0x0000000008000198       0x40 c:/st/stm32cubeide_1.5.0/stm32cubeide/plugins/com.st.stm32cube.ide.mcu.externaltools.gnu-tools-for-stm32.7-2018-q2-update.win32_1.5.0.202011040924/tools/bin/../lib/gcc/arm-none-eabi/7.3.1/thumb/v7e-m/fpv4-sp/hard/crtbegin.o
 .text          0x00000000080001d8      0x378 c:/st/stm32cubeide_1.5.0/stm32cubeide/plugins/com.st.stm32cube.ide.mcu.externaltools.gnu-tools-for-stm32.7-2018-q2-update.win32_1.5.0.202011040924/tools/bin/../lib/gcc/arm-none-eabi/7.3.1/thumb/v7e-m/fpv4-sp/hard\libgcc.a(_arm_addsubdf3.o)
                0x00000000080001d8                __aeabi_drsub
                0x00000000080001e0                __aeabi_dsub
                0x00000000080001e0                __subdf3
                0x00000000080001e4                __aeabi_dadd
                0x00000000080001e4                __adddf3
                0x000000000800045c                __floatunsidf
                0x000000000800045c                __aeabi_ui2d
                0x000000000800047c                __floatsidf
                0x000000000800047c                __aeabi_i2d
                0x00000000080004a0                __aeabi_f2d
                0x00000000080004a0                __extendsfdf2
                0x00000000080004e4                __floatundidf
                0x00000000080004e4                __aeabi_ul2d
                0x00000000080004f4                __floatdidf
                0x00000000080004f4                __aeabi_l2d
 .text          0x0000000008000550      0x424 c:/st/stm32cubeide_1.5.0/stm32cubeide/plugins/com.st.stm32cube.ide.mcu.externaltools.gnu-tools-for-stm32.7-2018-q2-update.win32_1.5.0.202011040924/tools/bin/../lib/gcc/arm-none-eabi/7.3.1/thumb/v7e-m/fpv4-sp/hard\libgcc.a(_arm_muldivdf3.o)
                0x0000000008000550                __aeabi_dmul
                0x0000000008000550                __muldf3
                0x00000000080007a4                __divdf3
                0x00000000080007a4                __aeabi_ddiv
 .text          0x0000000008000974      0x110 c:/st/stm32cubeide_1.5.0/stm32cubeide/plugins/com.st.stm32cube.ide.mcu.externaltools.gnu-tools-for-stm32.7-2018-q2-update.win32_1.5.0.202011040924/tools/bin/../lib/gcc/arm-none-eabi/7.3.1/thumb/v7e-m/fpv4-sp/hard\libgcc.a(_arm_cmpdf2.o)
                0x0000000008000974                __gtdf2
                0x0000000008000974                __gedf2
                0x000000000800097c                __ltdf2
                0x000000000800097c                __ledf2
                0x0000000008000984                __nedf2
                0x0000000008000984                __eqdf2
                0x0000000008000984                __cmpdf2
                0x0000000008000a00                __aeabi_cdrcmple
                0x0000000008000a10                __aeabi_cdcmpeq
                0x0000000008000a10                __aeabi_cdcmple
                0x0000000008000a20                __aeabi_dcmpeq
                0x0000000008000a34                __aeabi_dcmplt
                0x0000000008000a48                __aeabi_dcmple
                0x0000000008000a5c                __aeabi_dcmpge
                0x0000000008000a70                __aeabi_dcmpgt
 .text          0x0000000008000a84       0x40 c:/st/stm32cubeide_1.5.0/stm32cubeide/plugins/com.st.stm32cube.ide.mcu.externaltools.gnu-tools-for-stm32.7-2018-q2-update.win32_1.5.0.202011040924/tools/bin/../lib/gcc/arm-none-eabi/7.3.1/thumb/v7e-m/fpv4-sp/hard\libgcc.a(_arm_fixunsdfsi.o)
                0x0000000008000a84                __aeabi_d2uiz
                0x0000000008000a84                __fixunsdfsi
 .text          0x0000000008000ac4       0x30 c:/st/stm32cubeide_1.5.0/stm32cubeide/plugins/com.st.stm32cube.ide.mcu.externaltools.gnu-tools-for-stm32.7-2018-q2-update.win32_1.5.0.202011040924/tools/bin/../lib/gcc/arm-none-eabi/7.3.1/thumb/v7e-m/fpv4-sp/hard\libgcc.a(_aeabi_uldivmod.o)
                0x0000000008000ac4                __aeabi_uldivmod
 .text          0x0000000008000af4      0x2cc c:/st/stm32cubeide_1.5.0/stm32cubeide/plugins/com.st.stm32cube.ide.mcu.externaltools.gnu-tools-for-stm32.7-2018-q2-update.win32_1.5.0.202011040924/tools/bin/../lib/gcc/arm-none-eabi/7.3.1/thumb/v7e-m/fpv4-sp/hard\libgcc.a(_udivmoddi4.o)
                0x0000000008000af4                __udivmoddi4
 .text          0x0000000008000dc0        0x4 c:/st/stm32cubeide_1.5.0/stm32cubeide/plugins/com.st.stm32cube.ide.mcu.externaltools.gnu-tools-for-stm32.7-2018-q2-update.win32_1.5.0.202011040924/tools/bin/../lib/gcc/arm-none-eabi/7.3.1/thumb/v7e-m/fpv4-sp/hard\libgcc.a(_dvmd_tls.o)
                0x0000000008000dc0                __aeabi_idiv0
                0x0000000008000dc0                __aeabi_ldiv0
 *(.text*)
 .text.SX1272BoardInit
                0x0000000008000dc4       0x20 Core/Lora/Phy/sx1272/sx1272.o
                0x0000000008000dc4                SX1272BoardInit
 .text.SX1272Init
                0x0000000008000de4       0xcc Core/Lora/Phy/sx1272/sx1272.o
                0x0000000008000de4                SX1272Init
 .text.SX1272GetStatus
                0x0000000008000eb0       0x18 Core/Lora/Phy/sx1272/sx1272.o
                0x0000000008000eb0                SX1272GetStatus
 .text.SX1272SetChannel
                0x0000000008000ec8       0x7c Core/Lora/Phy/sx1272/sx1272.o
                0x0000000008000ec8                SX1272SetChannel
 .text.SX1272IsChannelFree
                0x0000000008000f44       0x88 Core/Lora/Phy/sx1272/sx1272.o
                0x0000000008000f44                SX1272IsChannelFree
 .text.SX1272Random
                0x0000000008000fcc       0x5c Core/Lora/Phy/sx1272/sx1272.o
                0x0000000008000fcc                SX1272Random
 .text.GetFskBandwidthRegValue
                0x0000000008001028       0x58 Core/Lora/Phy/sx1272/sx1272.o
 .text.SX1272SetRxConfig
                0x0000000008001080      0x3d0 Core/Lora/Phy/sx1272/sx1272.o
                0x0000000008001080                SX1272SetRxConfig
 .text.SX1272SetTxConfig
                0x0000000008001450      0x33c Core/Lora/Phy/sx1272/sx1272.o
                0x0000000008001450                SX1272SetTxConfig
 *fill*         0x000000000800178c        0x4 
 .text.SX1272GetTimeOnAir
                0x0000000008001790      0x380 Core/Lora/Phy/sx1272/sx1272.o
                0x0000000008001790                SX1272GetTimeOnAir
 .text.SX1272Send
                0x0000000008001b10      0x160 Core/Lora/Phy/sx1272/sx1272.o
                0x0000000008001b10                SX1272Send
 .text.SX1272SetSleep
                0x0000000008001c70       0x3c Core/Lora/Phy/sx1272/sx1272.o
                0x0000000008001c70                SX1272SetSleep
 .text.SX1272SetStby
                0x0000000008001cac       0x2c Core/Lora/Phy/sx1272/sx1272.o
                0x0000000008001cac                SX1272SetStby
 .text.SX1272SetRx
                0x0000000008001cd8      0x1c4 Core/Lora/Phy/sx1272/sx1272.o
                0x0000000008001cd8                SX1272SetRx
 .text.SX1272SetTx
                0x0000000008001e9c       0xf4 Core/Lora/Phy/sx1272/sx1272.o
                0x0000000008001e9c                SX1272SetTx
 .text.SX1272StartCad
                0x0000000008001f90       0x48 Core/Lora/Phy/sx1272/sx1272.o
                0x0000000008001f90                SX1272StartCad
 .text.SX1272SetTxContinuousWave
                0x0000000008001fd8       0xa8 Core/Lora/Phy/sx1272/sx1272.o
                0x0000000008001fd8                SX1272SetTxContinuousWave
 .text.SX1272ReadRssi
                0x0000000008002080       0x56 Core/Lora/Phy/sx1272/sx1272.o
                0x0000000008002080                SX1272ReadRssi
 *fill*         0x00000000080020d6        0x2 
 .text.SX1272Reset
                0x00000000080020d8       0x60 Core/Lora/Phy/sx1272/sx1272.o
                0x00000000080020d8                SX1272Reset
 .text.SX1272SetOpMode
                0x0000000008002138       0x6c Core/Lora/Phy/sx1272/sx1272.o
                0x0000000008002138                SX1272SetOpMode
 .text.SX1272SetModem
                0x00000000080021a4       0xa8 Core/Lora/Phy/sx1272/sx1272.o
                0x00000000080021a4                SX1272SetModem
 .text.SX1272Write
                0x000000000800224c       0x24 Core/Lora/Phy/sx1272/sx1272.o
                0x000000000800224c                SX1272Write
 .text.SX1272Read
                0x0000000008002270       0x22 Core/Lora/Phy/sx1272/sx1272.o
                0x0000000008002270                SX1272Read
 *fill*         0x0000000008002292        0x2 
 .text.SX1272WriteBuffer
                0x0000000008002294       0x64 Core/Lora/Phy/sx1272/sx1272.o
                0x0000000008002294                SX1272WriteBuffer
 .text.SX1272ReadBuffer
                0x00000000080022f8       0x68 Core/Lora/Phy/sx1272/sx1272.o
                0x00000000080022f8                SX1272ReadBuffer
 .text.SX1272WriteFifo
                0x0000000008002360       0x20 Core/Lora/Phy/sx1272/sx1272.o
                0x0000000008002360                SX1272WriteFifo
 .text.SX1272ReadFifo
                0x0000000008002380       0x20 Core/Lora/Phy/sx1272/sx1272.o
                0x0000000008002380                SX1272ReadFifo
 .text.SX1272SetMaxPayloadLength
                0x00000000080023a0       0x5c Core/Lora/Phy/sx1272/sx1272.o
                0x00000000080023a0                SX1272SetMaxPayloadLength
 .text.SX1272SetPublicNetwork
                0x00000000080023fc       0x3c Core/Lora/Phy/sx1272/sx1272.o
                0x00000000080023fc                SX1272SetPublicNetwork
 .text.SX1272OnTimeoutIrq
                0x0000000008002438      0x144 Core/Lora/Phy/sx1272/sx1272.o
                0x0000000008002438                SX1272OnTimeoutIrq
 .text.SX1272OnDio0Irq
                0x000000000800257c      0x3ac Core/Lora/Phy/sx1272/sx1272.o
                0x000000000800257c                SX1272OnDio0Irq
 .text.SX1272OnDio1Irq
                0x0000000008002928      0x1ac Core/Lora/Phy/sx1272/sx1272.o
                0x0000000008002928                SX1272OnDio1Irq
 .text.SX1272OnDio2Irq
                0x0000000008002ad4      0x178 Core/Lora/Phy/sx1272/sx1272.o
                0x0000000008002ad4                SX1272OnDio2Irq
 .text.SX1272OnDio3Irq
                0x0000000008002c4c       0x88 Core/Lora/Phy/sx1272/sx1272.o
                0x0000000008002c4c                SX1272OnDio3Irq
 .text.SX1272OnDio4Irq
                0x0000000008002cd4       0x40 Core/Lora/Phy/sx1272/sx1272.o
                0x0000000008002cd4                SX1272OnDio4Irq
 .text.DelayMs  0x0000000008002d14       0x14 Core/Lora/Utilities/delay.o
                0x0000000008002d14                DelayMs
 .text.LPM_SetStopMode
                0x0000000008002d28       0x60 Core/Lora/Utilities/low_power.o
                0x0000000008002d28                LPM_SetStopMode
 .text.LPM_GetMode
                0x0000000008002d88       0x54 Core/Lora/Utilities/low_power.o
                0x0000000008002d88                LPM_GetMode
 .text.TimerInit
                0x0000000008002ddc       0x40 Core/Lora/Utilities/timeServer.o
                0x0000000008002ddc                TimerInit
 .text.TimerStart
                0x0000000008002e1c       0xa0 Core/Lora/Utilities/timeServer.o
                0x0000000008002e1c                TimerStart
 .text.TimerIrqHandler
                0x0000000008002ebc      0x104 Core/Lora/Utilities/timeServer.o
                0x0000000008002ebc                TimerIrqHandler
 .text.TimerStop
                0x0000000008002fc0       0xf4 Core/Lora/Utilities/timeServer.o
                0x0000000008002fc0                TimerStop
 .text.TimerSetValue
                0x00000000080030b4       0x42 Core/Lora/Utilities/timeServer.o
                0x00000000080030b4                TimerSetValue
 .text.TimerGetCurrentTime
                0x00000000080030f6       0x1c Core/Lora/Utilities/timeServer.o
                0x00000000080030f6                TimerGetCurrentTime
 .text.TimerGetElapsedTime
                0x0000000008003112       0x36 Core/Lora/Utilities/timeServer.o
                0x0000000008003112                TimerGetElapsedTime
 .text.TimerExists
                0x0000000008003148       0x3c Core/Lora/Utilities/timeServer.o
 .text.TimerSetTimeout
                0x0000000008003184       0x48 Core/Lora/Utilities/timeServer.o
 .text.TimerInsertTimer
                0x00000000080031cc       0x60 Core/Lora/Utilities/timeServer.o
 .text.TimerInsertNewHeadTimer
                0x000000000800322c       0x3c Core/Lora/Utilities/timeServer.o
 .text.memcpy1  0x0000000008003268       0x36 Core/Lora/Utilities/utilities.o
                0x0000000008003268                memcpy1
 .text.Error_Handler
                0x000000000800329e        0x6 Core/Src/debug.o
                0x000000000800329e                Error_Handler
 .text.HW_GPIO_Init
                0x00000000080032a4       0xf0 Core/Src/hw_gpio.o
                0x00000000080032a4                HW_GPIO_Init
 .text.HW_GPIO_SetIrq
                0x0000000008003394       0x68 Core/Src/hw_gpio.o
                0x0000000008003394                HW_GPIO_SetIrq
 .text.HW_GPIO_IrqHandler
                0x00000000080033fc       0x3c Core/Src/hw_gpio.o
                0x00000000080033fc                HW_GPIO_IrqHandler
 .text.HW_GPIO_Write
                0x0000000008003438       0x24 Core/Src/hw_gpio.o
                0x0000000008003438                HW_GPIO_Write
 .text.HW_GPIO_GetBitPos
                0x000000000800345c       0x6a Core/Src/hw_gpio.o
 *fill*         0x00000000080034c6        0x2 
 .text.HW_RTC_Init
                0x00000000080034c8       0x34 Core/Src/hw_rtc.o
                0x00000000080034c8                HW_RTC_Init
 .text.HW_RTC_SetConfig
                0x00000000080034fc       0x98 Core/Src/hw_rtc.o
 .text.HW_RTC_GetMinimumTimeout
                0x0000000008003594       0x10 Core/Src/hw_rtc.o
                0x0000000008003594                HW_RTC_GetMinimumTimeout
 .text.HW_RTC_ms2Tick
                0x00000000080035a4       0x36 Core/Src/hw_rtc.o
                0x00000000080035a4                HW_RTC_ms2Tick
 .text.HW_RTC_Tick2ms
                0x00000000080035da       0x3a Core/Src/hw_rtc.o
                0x00000000080035da                HW_RTC_Tick2ms
 .text.HW_RTC_SetAlarm
                0x0000000008003614       0x5c Core/Src/hw_rtc.o
                0x0000000008003614                HW_RTC_SetAlarm
 .text.HW_RTC_GetTimerElapsedTime
                0x0000000008003670       0x30 Core/Src/hw_rtc.o
                0x0000000008003670                HW_RTC_GetTimerElapsedTime
 .text.HW_RTC_GetTimerValue
                0x00000000080036a0       0x24 Core/Src/hw_rtc.o
                0x00000000080036a0                HW_RTC_GetTimerValue
 .text.HW_RTC_StopAlarm
                0x00000000080036c4       0x34 Core/Src/hw_rtc.o
                0x00000000080036c4                HW_RTC_StopAlarm
 .text.HW_RTC_IrqHandler
                0x00000000080036f8       0x60 Core/Src/hw_rtc.o
                0x00000000080036f8                HW_RTC_IrqHandler
 .text.HW_RTC_SetTimerContext
                0x0000000008003758       0x2c Core/Src/hw_rtc.o
                0x0000000008003758                HW_RTC_SetTimerContext
 .text.HW_RTC_GetTimerContext
                0x0000000008003784       0x18 Core/Src/hw_rtc.o
                0x0000000008003784                HW_RTC_GetTimerContext
 .text.HW_RTC_SetAlarmConfig
                0x000000000800379c       0x18 Core/Src/hw_rtc.o
 .text.HW_RTC_StartWakeUpAlarm
                0x00000000080037b4      0x1f0 Core/Src/hw_rtc.o
 .text.HW_RTC_GetCalendarValue
                0x00000000080039a4      0x130 Core/Src/hw_rtc.o
 .text.HW_SPI_Init
                0x0000000008003ad4       0x68 Core/Src/hw_spi.o
                0x0000000008003ad4                HW_SPI_Init
 .text.HW_SPI_IoInit
                0x0000000008003b3c       0xb8 Core/Src/hw_spi.o
                0x0000000008003b3c                HW_SPI_IoInit
 .text.HW_SPI_InOut
                0x0000000008003bf4       0x2c Core/Src/hw_spi.o
                0x0000000008003bf4                HW_SPI_InOut
 .text.SX1272GetWakeTime
                0x0000000008003c20       0x10 Core/Src/lora_init.o
                0x0000000008003c20                SX1272GetWakeTime
 .text.SX1272SetXO
                0x0000000008003c30       0x16 Core/Src/lora_init.o
                0x0000000008003c30                SX1272SetXO
 *fill*         0x0000000008003c46        0x2 
 .text.SX1272IoInit
                0x0000000008003c48       0x70 Core/Src/lora_init.o
                0x0000000008003c48                SX1272IoInit
 .text.SX1272IoIrqInit
                0x0000000008003cb8       0x58 Core/Src/lora_init.o
                0x0000000008003cb8                SX1272IoIrqInit
 .text.SX1272IoDeInit
                0x0000000008003d10       0x60 Core/Src/lora_init.o
                0x0000000008003d10                SX1272IoDeInit
 .text.SX1272SetRfTxPower
                0x0000000008003d70      0x144 Core/Src/lora_init.o
                0x0000000008003d70                SX1272SetRfTxPower
 .text.SX1272GetPaSelect
                0x0000000008003eb4       0x16 Core/Src/lora_init.o
                0x0000000008003eb4                SX1272GetPaSelect
 .text.SX1272SetAntSwLowPower
                0x0000000008003eca       0x16 Core/Src/lora_init.o
                0x0000000008003eca                SX1272SetAntSwLowPower
 .text.SX1272SetAntSw
                0x0000000008003ee0       0x30 Core/Src/lora_init.o
                0x0000000008003ee0                SX1272SetAntSw
 .text.SX1272CheckRfFrequency
                0x0000000008003f10       0x16 Core/Src/lora_init.o
                0x0000000008003f10                SX1272CheckRfFrequency
 *fill*         0x0000000008003f26        0x2 
 .text.main     0x0000000008003f28      0x268 Core/Src/main.o
                0x0000000008003f28                main
 .text.SystemClock_Config
                0x0000000008004190       0xf0 Core/Src/main.o
                0x0000000008004190                SystemClock_Config
 .text.OnTxDone
                0x0000000008004280       0x1c Core/Src/main.o
                0x0000000008004280                OnTxDone
 .text.OnRxDone
                0x000000000800429c       0x68 Core/Src/main.o
                0x000000000800429c                OnRxDone
 .text.OnTxTimeout
                0x0000000008004304       0x1c Core/Src/main.o
                0x0000000008004304                OnTxTimeout
 .text.OnRxTimeout
                0x0000000008004320       0x1c Core/Src/main.o
                0x0000000008004320                OnRxTimeout
 .text.OnRxError
                0x000000000800433c       0x1c Core/Src/main.o
                0x000000000800433c                OnRxError
 .text.MX_GPIO_Init
                0x0000000008004358      0x14c Core/Src/main.o
 .text.HAL_MspInit
                0x00000000080044a4       0x50 Core/Src/stm32f4xx_hal_msp.o
                0x00000000080044a4                HAL_MspInit
 .text.HAL_RTC_MspInit
                0x00000000080044f4       0x2c Core/Src/stm32f4xx_hal_msp.o
                0x00000000080044f4                HAL_RTC_MspInit
 .text.HAL_SPI_MspInit
                0x0000000008004520      0x168 Core/Src/stm32f4xx_hal_msp.o
                0x0000000008004520                HAL_SPI_MspInit
 .text.HAL_RTC_AlarmAEventCallback
                0x0000000008004688       0x14 Core/Src/stm32f4xx_hal_msp.o
                0x0000000008004688                HAL_RTC_AlarmAEventCallback
 .text.HAL_GPIO_EXTI_Callback
                0x000000000800469c       0x1a Core/Src/stm32f4xx_hal_msp.o
                0x000000000800469c                HAL_GPIO_EXTI_Callback
 .text.MSP_GetIRQn
                0x00000000080046b6       0x72 Core/Src/stm32f4xx_hal_msp.o
                0x00000000080046b6                MSP_GetIRQn
 .text.NMI_Handler
                0x0000000008004728        0x6 Core/Src/stm32f4xx_it.o
                0x0000000008004728                NMI_Handler
 .text.HardFault_Handler
                0x000000000800472e        0x6 Core/Src/stm32f4xx_it.o
                0x000000000800472e                HardFault_Handler
 .text.MemManage_Handler
                0x0000000008004734        0x6 Core/Src/stm32f4xx_it.o
                0x0000000008004734                MemManage_Handler
 .text.BusFault_Handler
                0x000000000800473a        0x6 Core/Src/stm32f4xx_it.o
                0x000000000800473a                BusFault_Handler
 .text.UsageFault_Handler
                0x0000000008004740        0x6 Core/Src/stm32f4xx_it.o
                0x0000000008004740                UsageFault_Handler
 .text.SVC_Handler
                0x0000000008004746        0xe Core/Src/stm32f4xx_it.o
                0x0000000008004746                SVC_Handler
 .text.DebugMon_Handler
                0x0000000008004754        0xe Core/Src/stm32f4xx_it.o
                0x0000000008004754                DebugMon_Handler
 .text.PendSV_Handler
                0x0000000008004762        0xe Core/Src/stm32f4xx_it.o
                0x0000000008004762                PendSV_Handler
 .text.SysTick_Handler
                0x0000000008004770        0xc Core/Src/stm32f4xx_it.o
                0x0000000008004770                SysTick_Handler
 .text.RTC_Alarm_IRQHandler
                0x000000000800477c        0xc Core/Src/stm32f4xx_it.o
                0x000000000800477c                RTC_Alarm_IRQHandler
 .text.EXTI0_IRQHandler
                0x0000000008004788        0xe Core/Src/stm32f4xx_it.o
                0x0000000008004788                EXTI0_IRQHandler
 .text.EXTI1_IRQHandler
                0x0000000008004796        0xe Core/Src/stm32f4xx_it.o
                0x0000000008004796                EXTI1_IRQHandler
 .text.EXTI2_IRQHandler
                0x00000000080047a4        0xe Core/Src/stm32f4xx_it.o
                0x00000000080047a4                EXTI2_IRQHandler
 .text.EXTI3_IRQHandler
                0x00000000080047b2        0xe Core/Src/stm32f4xx_it.o
                0x00000000080047b2                EXTI3_IRQHandler
 .text.EXTI4_IRQHandler
                0x00000000080047c0        0xe Core/Src/stm32f4xx_it.o
                0x00000000080047c0                EXTI4_IRQHandler
 .text.EXTI9_5_IRQHandler
                0x00000000080047ce       0x2a Core/Src/stm32f4xx_it.o
                0x00000000080047ce                EXTI9_5_IRQHandler
 .text.EXTI15_10_IRQHandler
                0x00000000080047f8       0x38 Core/Src/stm32f4xx_it.o
                0x00000000080047f8                EXTI15_10_IRQHandler
 .text.SystemInit
                0x0000000008004830       0x2c Core/Src/system_stm32f4xx.o
                0x0000000008004830                SystemInit
 .text.Reset_Handler
                0x000000000800485c       0x50 Core/Startup/startup_stm32f411vctx.o
                0x000000000800485c                Reset_Handler
 .text.Default_Handler
                0x00000000080048ac        0x2 Core/Startup/startup_stm32f411vctx.o
                0x00000000080048ac                SPI4_IRQHandler
                0x00000000080048ac                TIM1_CC_IRQHandler
                0x00000000080048ac                DMA2_Stream5_IRQHandler
                0x00000000080048ac                DMA1_Stream5_IRQHandler
                0x00000000080048ac                PVD_IRQHandler
                0x00000000080048ac                SDIO_IRQHandler
                0x00000000080048ac                TAMP_STAMP_IRQHandler
                0x00000000080048ac                TIM1_UP_TIM10_IRQHandler
                0x00000000080048ac                I2C3_ER_IRQHandler
                0x00000000080048ac                I2C2_EV_IRQHandler
                0x00000000080048ac                DMA1_Stream2_IRQHandler
                0x00000000080048ac                FPU_IRQHandler
                0x00000000080048ac                DMA2_Stream2_IRQHandler
                0x00000000080048ac                SPI1_IRQHandler
                0x00000000080048ac                TIM1_BRK_TIM9_IRQHandler
                0x00000000080048ac                DMA2_Stream3_IRQHandler
                0x00000000080048ac                USART6_IRQHandler
                0x00000000080048ac                DMA2_Stream0_IRQHandler
                0x00000000080048ac                TIM4_IRQHandler
                0x00000000080048ac                I2C1_EV_IRQHandler
                0x00000000080048ac                DMA1_Stream6_IRQHandler
                0x00000000080048ac                DMA1_Stream1_IRQHandler
                0x00000000080048ac                TIM3_IRQHandler
                0x00000000080048ac                RCC_IRQHandler
                0x00000000080048ac                Default_Handler
                0x00000000080048ac                ADC_IRQHandler
                0x00000000080048ac                DMA1_Stream7_IRQHandler
                0x00000000080048ac                SPI5_IRQHandler
                0x00000000080048ac                TIM5_IRQHandler
                0x00000000080048ac                DMA2_Stream7_IRQHandler
                0x00000000080048ac                I2C3_EV_IRQHandler
                0x00000000080048ac                RTC_WKUP_IRQHandler
                0x00000000080048ac                SPI2_IRQHandler
                0x00000000080048ac                DMA1_Stream0_IRQHandler
                0x00000000080048ac                WWDG_IRQHandler
                0x00000000080048ac                TIM2_IRQHandler
                0x00000000080048ac                OTG_FS_WKUP_IRQHandler
                0x00000000080048ac                TIM1_TRG_COM_TIM11_IRQHandler
                0x00000000080048ac                USART2_IRQHandler
                0x00000000080048ac                I2C2_ER_IRQHandler
                0x00000000080048ac                DMA2_Stream1_IRQHandler
                0x00000000080048ac                FLASH_IRQHandler
                0x00000000080048ac                DMA2_Stream4_IRQHandler
                0x00000000080048ac                USART1_IRQHandler
                0x00000000080048ac                OTG_FS_IRQHandler
                0x00000000080048ac                SPI3_IRQHandler
                0x00000000080048ac                DMA1_Stream4_IRQHandler
                0x00000000080048ac                I2C1_ER_IRQHandler
                0x00000000080048ac                DMA2_Stream6_IRQHandler
                0x00000000080048ac                DMA1_Stream3_IRQHandler
 *fill*         0x00000000080048ae        0x2 
 .text.HAL_Init
                0x00000000080048b0       0x44 Drivers/STM32F4xx_HAL_Driver/Src/stm32f4xx_hal.o
                0x00000000080048b0                HAL_Init
 .text.HAL_InitTick
                0x00000000080048f4       0x60 Drivers/STM32F4xx_HAL_Driver/Src/stm32f4xx_hal.o
                0x00000000080048f4                HAL_InitTick
 .text.HAL_IncTick
                0x0000000008004954       0x28 Drivers/STM32F4xx_HAL_Driver/Src/stm32f4xx_hal.o
                0x0000000008004954                HAL_IncTick
 .text.HAL_GetTick
                0x000000000800497c       0x18 Drivers/STM32F4xx_HAL_Driver/Src/stm32f4xx_hal.o
                0x000000000800497c                HAL_GetTick
 .text.__NVIC_SetPriorityGrouping
                0x0000000008004994       0x48 Drivers/STM32F4xx_HAL_Driver/Src/stm32f4xx_hal_cortex.o
 .text.__NVIC_GetPriorityGrouping
                0x00000000080049dc       0x1c Drivers/STM32F4xx_HAL_Driver/Src/stm32f4xx_hal_cortex.o
 .text.__NVIC_EnableIRQ
                0x00000000080049f8       0x3c Drivers/STM32F4xx_HAL_Driver/Src/stm32f4xx_hal_cortex.o
 .text.__NVIC_SetPriority
                0x0000000008004a34       0x54 Drivers/STM32F4xx_HAL_Driver/Src/stm32f4xx_hal_cortex.o
 .text.NVIC_EncodePriority
                0x0000000008004a88       0x66 Drivers/STM32F4xx_HAL_Driver/Src/stm32f4xx_hal_cortex.o
 *fill*         0x0000000008004aee        0x2 
 .text.SysTick_Config
                0x0000000008004af0       0x44 Drivers/STM32F4xx_HAL_Driver/Src/stm32f4xx_hal_cortex.o
 .text.HAL_NVIC_SetPriorityGrouping
                0x0000000008004b34       0x16 Drivers/STM32F4xx_HAL_Driver/Src/stm32f4xx_hal_cortex.o
                0x0000000008004b34                HAL_NVIC_SetPriorityGrouping
 .text.HAL_NVIC_SetPriority
                0x0000000008004b4a       0x38 Drivers/STM32F4xx_HAL_Driver/Src/stm32f4xx_hal_cortex.o
                0x0000000008004b4a                HAL_NVIC_SetPriority
 .text.HAL_NVIC_EnableIRQ
                0x0000000008004b82       0x1c Drivers/STM32F4xx_HAL_Driver/Src/stm32f4xx_hal_cortex.o
                0x0000000008004b82                HAL_NVIC_EnableIRQ
 .text.HAL_SYSTICK_Config
                0x0000000008004b9e       0x18 Drivers/STM32F4xx_HAL_Driver/Src/stm32f4xx_hal_cortex.o
                0x0000000008004b9e                HAL_SYSTICK_Config
 *fill*         0x0000000008004bb6        0x2 
 .text.HAL_GPIO_Init
                0x0000000008004bb8      0x304 Drivers/STM32F4xx_HAL_Driver/Src/stm32f4xx_hal_gpio.o
                0x0000000008004bb8                HAL_GPIO_Init
 .text.HAL_GPIO_WritePin
                0x0000000008004ebc       0x32 Drivers/STM32F4xx_HAL_Driver/Src/stm32f4xx_hal_gpio.o
                0x0000000008004ebc                HAL_GPIO_WritePin
 .text.HAL_GPIO_TogglePin
                0x0000000008004eee       0x36 Drivers/STM32F4xx_HAL_Driver/Src/stm32f4xx_hal_gpio.o
                0x0000000008004eee                HAL_GPIO_TogglePin
 .text.HAL_GPIO_EXTI_IRQHandler
                0x0000000008004f24       0x30 Drivers/STM32F4xx_HAL_Driver/Src/stm32f4xx_hal_gpio.o
                0x0000000008004f24                HAL_GPIO_EXTI_IRQHandler
 .text.HAL_RCC_OscConfig
                0x0000000008004f54      0x4e0 Drivers/STM32F4xx_HAL_Driver/Src/stm32f4xx_hal_rcc.o
                0x0000000008004f54                HAL_RCC_OscConfig
 .text.HAL_RCC_ClockConfig
                0x0000000008005434      0x1cc Drivers/STM32F4xx_HAL_Driver/Src/stm32f4xx_hal_rcc.o
                0x0000000008005434                HAL_RCC_ClockConfig
 .text.HAL_RCC_GetSysClockFreq
                0x0000000008005600      0x164 Drivers/STM32F4xx_HAL_Driver/Src/stm32f4xx_hal_rcc.o
                0x0000000008005600                HAL_RCC_GetSysClockFreq
 .text.HAL_RCCEx_PeriphCLKConfig
                0x0000000008005764      0x1e0 Drivers/STM32F4xx_HAL_Driver/Src/stm32f4xx_hal_rcc_ex.o
                0x0000000008005764                HAL_RCCEx_PeriphCLKConfig
 .text.HAL_RTC_Init
                0x0000000008005944      0x122 Drivers/STM32F4xx_HAL_Driver/Src/stm32f4xx_hal_rtc.o
                0x0000000008005944                HAL_RTC_Init
 .text.HAL_RTC_SetTime
                0x0000000008005a66      0x17a Drivers/STM32F4xx_HAL_Driver/Src/stm32f4xx_hal_rtc.o
                0x0000000008005a66                HAL_RTC_SetTime
 .text.HAL_RTC_GetTime
                0x0000000008005be0       0xbc Drivers/STM32F4xx_HAL_Driver/Src/stm32f4xx_hal_rtc.o
                0x0000000008005be0                HAL_RTC_GetTime
 .text.HAL_RTC_SetDate
                0x0000000008005c9c      0x14e Drivers/STM32F4xx_HAL_Driver/Src/stm32f4xx_hal_rtc.o
                0x0000000008005c9c                HAL_RTC_SetDate
 .text.HAL_RTC_GetDate
                0x0000000008005dea       0x9e Drivers/STM32F4xx_HAL_Driver/Src/stm32f4xx_hal_rtc.o
                0x0000000008005dea                HAL_RTC_GetDate
 .text.HAL_RTC_SetAlarm_IT
                0x0000000008005e88      0x270 Drivers/STM32F4xx_HAL_Driver/Src/stm32f4xx_hal_rtc.o
                0x0000000008005e88                HAL_RTC_SetAlarm_IT
 .text.HAL_RTC_DeactivateAlarm
                0x00000000080060f8      0x11a Drivers/STM32F4xx_HAL_Driver/Src/stm32f4xx_hal_rtc.o
                0x00000000080060f8                HAL_RTC_DeactivateAlarm
 .text.HAL_RTC_WaitForSynchro
                0x0000000008006212       0x50 Drivers/STM32F4xx_HAL_Driver/Src/stm32f4xx_hal_rtc.o
                0x0000000008006212                HAL_RTC_WaitForSynchro
 .text.RTC_EnterInitMode
                0x0000000008006262       0x58 Drivers/STM32F4xx_HAL_Driver/Src/stm32f4xx_hal_rtc.o
                0x0000000008006262                RTC_EnterInitMode
 .text.RTC_ByteToBcd2
                0x00000000080062ba       0x3c Drivers/STM32F4xx_HAL_Driver/Src/stm32f4xx_hal_rtc.o
                0x00000000080062ba                RTC_ByteToBcd2
 .text.RTC_Bcd2ToByte
                0x00000000080062f6       0x3c Drivers/STM32F4xx_HAL_Driver/Src/stm32f4xx_hal_rtc.o
                0x00000000080062f6                RTC_Bcd2ToByte
 .text.HAL_RTCEx_EnableBypassShadow
                0x0000000008006332       0x62 Drivers/STM32F4xx_HAL_Driver/Src/stm32f4xx_hal_rtc_ex.o
                0x0000000008006332                HAL_RTCEx_EnableBypassShadow
 .text.HAL_SPI_Init
                0x0000000008006394       0xc8 Drivers/STM32F4xx_HAL_Driver/Src/stm32f4xx_hal_spi.o
                0x0000000008006394                HAL_SPI_Init
 .text.HAL_SPI_TransmitReceive
                0x000000000800645c      0x344 Drivers/STM32F4xx_HAL_Driver/Src/stm32f4xx_hal_spi.o
                0x000000000800645c                HAL_SPI_TransmitReceive
 .text.SPI_WaitFlagStateUntilTimeout
                0x00000000080067a0       0xd4 Drivers/STM32F4xx_HAL_Driver/Src/stm32f4xx_hal_spi.o
 .text.SPI_EndRxTxTransaction
                0x0000000008006874       0x84 Drivers/STM32F4xx_HAL_Driver/Src/stm32f4xx_hal_spi.o
 .text.__libc_init_array
                0x00000000080068f8       0x48 c:/st/stm32cubeide_1.5.0/stm32cubeide/plugins/com.st.stm32cube.ide.mcu.externaltools.gnu-tools-for-stm32.7-2018-q2-update.win32_1.5.0.202011040924/tools/bin/../lib/gcc/arm-none-eabi/7.3.1/../../../../arm-none-eabi/lib/thumb/v7e-m/fpv4-sp/hard\libc_nano.a(lib_a-init.o)
                0x00000000080068f8                __libc_init_array
 .text.memcpy   0x0000000008006940       0x16 c:/st/stm32cubeide_1.5.0/stm32cubeide/plugins/com.st.stm32cube.ide.mcu.externaltools.gnu-tools-for-stm32.7-2018-q2-update.win32_1.5.0.202011040924/tools/bin/../lib/gcc/arm-none-eabi/7.3.1/../../../../arm-none-eabi/lib/thumb/v7e-m/fpv4-sp/hard\libc_nano.a(lib_a-memcpy-stub.o)
                0x0000000008006940                memcpy
 .text.memset   0x0000000008006956       0x10 c:/st/stm32cubeide_1.5.0/stm32cubeide/plugins/com.st.stm32cube.ide.mcu.externaltools.gnu-tools-for-stm32.7-2018-q2-update.win32_1.5.0.202011040924/tools/bin/../lib/gcc/arm-none-eabi/7.3.1/../../../../arm-none-eabi/lib/thumb/v7e-m/fpv4-sp/hard\libc_nano.a(lib_a-memset.o)
                0x0000000008006956                memset
 *fill*         0x0000000008006966        0x2 
 .text.ceil     0x0000000008006968      0x100 c:/st/stm32cubeide_1.5.0/stm32cubeide/plugins/com.st.stm32cube.ide.mcu.externaltools.gnu-tools-for-stm32.7-2018-q2-update.win32_1.5.0.202011040924/tools/bin/../lib/gcc/arm-none-eabi/7.3.1/../../../../arm-none-eabi/lib/thumb/v7e-m/fpv4-sp/hard\libm.a(lib_a-s_ceil.o)
                0x0000000008006968                ceil
 .text.floor    0x0000000008006a68      0x108 c:/st/stm32cubeide_1.5.0/stm32cubeide/plugins/com.st.stm32cube.ide.mcu.externaltools.gnu-tools-for-stm32.7-2018-q2-update.win32_1.5.0.202011040924/tools/bin/../lib/gcc/arm-none-eabi/7.3.1/../../../../arm-none-eabi/lib/thumb/v7e-m/fpv4-sp/hard\libm.a(lib_a-s_floor.o)
                0x0000000008006a68                floor
 .text.round    0x0000000008006b70       0x94 c:/st/stm32cubeide_1.5.0/stm32cubeide/plugins/com.st.stm32cube.ide.mcu.externaltools.gnu-tools-for-stm32.7-2018-q2-update.win32_1.5.0.202011040924/tools/bin/../lib/gcc/arm-none-eabi/7.3.1/../../../../arm-none-eabi/lib/thumb/v7e-m/fpv4-sp/hard\libm.a(lib_a-s_round.o)
                0x0000000008006b70                round
 *(.glue_7)
 .glue_7        0x0000000008006c04        0x0 linker stubs
 *(.glue_7t)
 .glue_7t       0x0000000008006c04        0x0 linker stubs
 *(.eh_frame)
 .eh_frame      0x0000000008006c04        0x0 c:/st/stm32cubeide_1.5.0/stm32cubeide/plugins/com.st.stm32cube.ide.mcu.externaltools.gnu-tools-for-stm32.7-2018-q2-update.win32_1.5.0.202011040924/tools/bin/../lib/gcc/arm-none-eabi/7.3.1/thumb/v7e-m/fpv4-sp/hard/crtbegin.o
 *(.init)
 .init          0x0000000008006c04        0x4 c:/st/stm32cubeide_1.5.0/stm32cubeide/plugins/com.st.stm32cube.ide.mcu.externaltools.gnu-tools-for-stm32.7-2018-q2-update.win32_1.5.0.202011040924/tools/bin/../lib/gcc/arm-none-eabi/7.3.1/thumb/v7e-m/fpv4-sp/hard/crti.o
                0x0000000008006c04                _init
 .init          0x0000000008006c08        0x8 c:/st/stm32cubeide_1.5.0/stm32cubeide/plugins/com.st.stm32cube.ide.mcu.externaltools.gnu-tools-for-stm32.7-2018-q2-update.win32_1.5.0.202011040924/tools/bin/../lib/gcc/arm-none-eabi/7.3.1/thumb/v7e-m/fpv4-sp/hard/crtn.o
 *(.fini)
 .fini          0x0000000008006c10        0x4 c:/st/stm32cubeide_1.5.0/stm32cubeide/plugins/com.st.stm32cube.ide.mcu.externaltools.gnu-tools-for-stm32.7-2018-q2-update.win32_1.5.0.202011040924/tools/bin/../lib/gcc/arm-none-eabi/7.3.1/thumb/v7e-m/fpv4-sp/hard/crti.o
                0x0000000008006c10                _fini
 .fini          0x0000000008006c14        0x8 c:/st/stm32cubeide_1.5.0/stm32cubeide/plugins/com.st.stm32cube.ide.mcu.externaltools.gnu-tools-for-stm32.7-2018-q2-update.win32_1.5.0.202011040924/tools/bin/../lib/gcc/arm-none-eabi/7.3.1/thumb/v7e-m/fpv4-sp/hard/crtn.o
                0x0000000008006c1c                . = ALIGN (0x4)
                0x0000000008006c1c                _etext = .

.vfp11_veneer   0x0000000008006c1c        0x0
 .vfp11_veneer  0x0000000008006c1c        0x0 linker stubs

.v4_bx          0x0000000008006c1c        0x0
 .v4_bx         0x0000000008006c1c        0x0 linker stubs

.iplt           0x0000000008006c1c        0x0
 .iplt          0x0000000008006c1c        0x0 c:/st/stm32cubeide_1.5.0/stm32cubeide/plugins/com.st.stm32cube.ide.mcu.externaltools.gnu-tools-for-stm32.7-2018-q2-update.win32_1.5.0.202011040924/tools/bin/../lib/gcc/arm-none-eabi/7.3.1/thumb/v7e-m/fpv4-sp/hard/crtbegin.o

.rodata         0x0000000008006c1c      0x190
                0x0000000008006c1c                . = ALIGN (0x4)
 *(.rodata)
 .rodata        0x0000000008006c1c       0x1e Core/Src/main.o
 *(.rodata*)
 *fill*         0x0000000008006c3a        0x2 
 .rodata.RadioRegsInit
                0x0000000008006c3c       0x33 Core/Lora/Phy/sx1272/sx1272.o
                0x0000000008006c3c                RadioRegsInit
 *fill*         0x0000000008006c6f        0x1 
 .rodata.FskBandwidths
                0x0000000008006c70       0xb0 Core/Lora/Phy/sx1272/sx1272.o
                0x0000000008006c70                FskBandwidths
 .rodata.DaysInMonth
                0x0000000008006d20        0xc Core/Src/hw_rtc.o
 .rodata.DaysInMonthLeapYear
                0x0000000008006d2c        0xc Core/Src/hw_rtc.o
 .rodata.Radio  0x0000000008006d38       0x64 Core/Src/lora_init.o
                0x0000000008006d38                Radio
 .rodata.AHBPrescTable
                0x0000000008006d9c       0x10 Core/Src/system_stm32f4xx.o
                0x0000000008006d9c                AHBPrescTable
                0x0000000008006dac                . = ALIGN (0x4)

.ARM.extab      0x0000000008006dac        0x0
                0x0000000008006dac                . = ALIGN (0x4)
 *(.ARM.extab* .gnu.linkonce.armextab.*)
                0x0000000008006dac                . = ALIGN (0x4)

.ARM            0x0000000008006dac        0x8
                0x0000000008006dac                . = ALIGN (0x4)
                0x0000000008006dac                __exidx_start = .
 *(.ARM.exidx*)
 .ARM.exidx     0x0000000008006dac        0x8 c:/st/stm32cubeide_1.5.0/stm32cubeide/plugins/com.st.stm32cube.ide.mcu.externaltools.gnu-tools-for-stm32.7-2018-q2-update.win32_1.5.0.202011040924/tools/bin/../lib/gcc/arm-none-eabi/7.3.1/thumb/v7e-m/fpv4-sp/hard\libgcc.a(_udivmoddi4.o)
                0x0000000008006db4                __exidx_end = .
                0x0000000008006db4                . = ALIGN (0x4)

.rel.dyn        0x0000000008006db4        0x0
 .rel.iplt      0x0000000008006db4        0x0 c:/st/stm32cubeide_1.5.0/stm32cubeide/plugins/com.st.stm32cube.ide.mcu.externaltools.gnu-tools-for-stm32.7-2018-q2-update.win32_1.5.0.202011040924/tools/bin/../lib/gcc/arm-none-eabi/7.3.1/thumb/v7e-m/fpv4-sp/hard/crtbegin.o

.preinit_array  0x0000000008006db4        0x0
                0x0000000008006db4                . = ALIGN (0x4)
                0x0000000008006db4                PROVIDE (__preinit_array_start = .)
 *(.preinit_array*)
                0x0000000008006db4                PROVIDE (__preinit_array_end = .)
                0x0000000008006db4                . = ALIGN (0x4)

.init_array     0x0000000008006db4        0x4
                0x0000000008006db4                . = ALIGN (0x4)
                0x0000000008006db4                PROVIDE (__init_array_start = .)
 *(SORT_BY_NAME(.init_array.*))
 *(.init_array*)
 .init_array    0x0000000008006db4        0x4 c:/st/stm32cubeide_1.5.0/stm32cubeide/plugins/com.st.stm32cube.ide.mcu.externaltools.gnu-tools-for-stm32.7-2018-q2-update.win32_1.5.0.202011040924/tools/bin/../lib/gcc/arm-none-eabi/7.3.1/thumb/v7e-m/fpv4-sp/hard/crtbegin.o
                0x0000000008006db8                PROVIDE (__init_array_end = .)
                0x0000000008006db8                . = ALIGN (0x4)

.fini_array     0x0000000008006db8        0x4
                0x0000000008006db8                . = ALIGN (0x4)
                [!provide]                        PROVIDE (__fini_array_start = .)
 *(SORT_BY_NAME(.fini_array.*))
 *(.fini_array*)
 .fini_array    0x0000000008006db8        0x4 c:/st/stm32cubeide_1.5.0/stm32cubeide/plugins/com.st.stm32cube.ide.mcu.externaltools.gnu-tools-for-stm32.7-2018-q2-update.win32_1.5.0.202011040924/tools/bin/../lib/gcc/arm-none-eabi/7.3.1/thumb/v7e-m/fpv4-sp/hard/crtbegin.o
                [!provide]                        PROVIDE (__fini_array_end = .)
                0x0000000008006dbc                . = ALIGN (0x4)
                0x0000000008006dbc                _sidata = LOADADDR (.data)

.data           0x0000000020000000       0x40 load address 0x0000000008006dbc
                0x0000000020000000                . = ALIGN (0x4)
                0x0000000020000000                _sdata = .
 *(.data)
 *(.data*)
 .data.DioIrq   0x0000000020000000       0x18 Core/Lora/Phy/sx1272/sx1272.o
                0x0000000020000000                DioIrq
 .data.BoardCallbacks
                0x0000000020000018       0x18 Core/Src/lora_init.o
 .data.BufferSize
                0x0000000020000030        0x2 Core/Src/main.o
                0x0000000020000030                BufferSize
 *fill*         0x0000000020000032        0x2 
 .data.SystemCoreClock
                0x0000000020000034        0x4 Core/Src/system_stm32f4xx.o
                0x0000000020000034                SystemCoreClock
 .data.uwTickPrio
                0x0000000020000038        0x4 Drivers/STM32F4xx_HAL_Driver/Src/stm32f4xx_hal.o
                0x0000000020000038                uwTickPrio
 .data.uwTickFreq
                0x000000002000003c        0x1 Drivers/STM32F4xx_HAL_Driver/Src/stm32f4xx_hal.o
                0x000000002000003c                uwTickFreq
 *(.RamFunc)
 *(.RamFunc*)
                0x0000000020000040                . = ALIGN (0x4)
 *fill*         0x000000002000003d        0x3 
                0x0000000020000040                _edata = .

.igot.plt       0x0000000020000040        0x0 load address 0x0000000008006dfc
 .igot.plt      0x0000000020000040        0x0 c:/st/stm32cubeide_1.5.0/stm32cubeide/plugins/com.st.stm32cube.ide.mcu.externaltools.gnu-tools-for-stm32.7-2018-q2-update.win32_1.5.0.202011040924/tools/bin/../lib/gcc/arm-none-eabi/7.3.1/thumb/v7e-m/fpv4-sp/hard/crtbegin.o
                0x0000000020000040                . = ALIGN (0x4)

.bss            0x0000000020000040      0x544 load address 0x0000000008006dfc
                0x0000000020000040                _sbss = .
                0x0000000020000040                __bss_start__ = _sbss
 *(.bss)
 .bss           0x0000000020000040       0x1c c:/st/stm32cubeide_1.5.0/stm32cubeide/plugins/com.st.stm32cube.ide.mcu.externaltools.gnu-tools-for-stm32.7-2018-q2-update.win32_1.5.0.202011040924/tools/bin/../lib/gcc/arm-none-eabi/7.3.1/thumb/v7e-m/fpv4-sp/hard/crtbegin.o
 *(.bss*)
 .bss.RadioEvents
                0x000000002000005c        0x4 Core/Lora/Phy/sx1272/sx1272.o
 .bss.RxTxBuffer
                0x0000000020000060      0x100 Core/Lora/Phy/sx1272/sx1272.o
 .bss.LoRaBoardCallbacks
                0x0000000020000160        0x4 Core/Lora/Phy/sx1272/sx1272.o
 .bss.StopModeDisable
                0x0000000020000164        0x4 Core/Lora/Utilities/low_power.o
 .bss.OffModeDisable
                0x0000000020000168        0x4 Core/Lora/Utilities/low_power.o
 .bss.TimerListHead
                0x000000002000016c        0x4 Core/Lora/Utilities/timeServer.o
 .bss.GpioIrq   0x0000000020000170       0x40 Core/Src/hw_gpio.o
 .bss.HW_RTC_Initalized
                0x00000000200001b0        0x1 Core/Src/hw_rtc.o
 *fill*         0x00000000200001b1        0x1 
 .bss.McuWakeUpTimeCal
                0x00000000200001b2        0x2 Core/Src/hw_rtc.o
 .bss.RTC_AlarmStructure
                0x00000000200001b4       0x28 Core/Src/hw_rtc.o
 .bss.RtcTimerContext
                0x00000000200001dc       0x1c Core/Src/hw_rtc.o
 .bss.State     0x00000000200001f8        0x1 Core/Src/main.o
                0x00000000200001f8                State
 .bss.RssiValue
                0x00000000200001f9        0x1 Core/Src/main.o
                0x00000000200001f9                RssiValue
 .bss.SnrValue  0x00000000200001fa        0x1 Core/Src/main.o
                0x00000000200001fa                SnrValue
 *fill*         0x00000000200001fb        0x1 
 .bss.RadioEvents
                0x00000000200001fc       0x1c Core/Src/main.o
 *(COMMON)
 COMMON         0x0000000020000218       0xb0 Core/Lora/Phy/sx1272/sx1272.o
                0x0000000020000218                SX1272
                0x0000000020000280                TxTimeoutTimer
                0x0000000020000298                RxTimeoutSyncWord
                0x00000000200002b0                RxTimeoutTimer
 COMMON         0x00000000200002c8       0x20 Core/Src/hw_rtc.o
                0x00000000200002c8                RtcHandle
 COMMON         0x00000000200002e8       0x58 Core/Src/hw_spi.o
                0x00000000200002e8                hspi
 COMMON         0x0000000020000340      0x23e Core/Src/main.o
                0x0000000020000340                info
                0x000000002000034c                hspi2
                0x00000000200003a4                buff
                0x00000000200003ac                misDat
                0x0000000020000444                hspi4
                0x000000002000049c                aRxBuffer
                0x00000000200004dc                Buffer
                0x000000002000051c                hspi1
                0x0000000020000574                BufferSPI
 *fill*         0x000000002000057e        0x2 
 COMMON         0x0000000020000580        0x4 Drivers/STM32F4xx_HAL_Driver/Src/stm32f4xx_hal.o
                0x0000000020000580                uwTick
                0x0000000020000584                . = ALIGN (0x4)
                0x0000000020000584                _ebss = .
                0x0000000020000584                __bss_end__ = _ebss

._user_heap_stack
                0x0000000020000584      0x604 load address 0x0000000008006dfc
                0x0000000020000588                . = ALIGN (0x8)
 *fill*         0x0000000020000584        0x4 
                [!provide]                        PROVIDE (end = .)
                0x0000000020000588                PROVIDE (_end = .)
                0x0000000020000788                . = (. + _Min_Heap_Size)
 *fill*         0x0000000020000588      0x200 
                0x0000000020000b88                . = (. + _Min_Stack_Size)
 *fill*         0x0000000020000788      0x400 
                0x0000000020000b88                . = ALIGN (0x8)

/DISCARD/
 libc.a(*)
 libm.a(*)
 libgcc.a(*)

.ARM.attributes
                0x0000000000000000       0x30
 *(.ARM.attributes)
 .ARM.attributes
                0x0000000000000000       0x22 c:/st/stm32cubeide_1.5.0/stm32cubeide/plugins/com.st.stm32cube.ide.mcu.externaltools.gnu-tools-for-stm32.7-2018-q2-update.win32_1.5.0.202011040924/tools/bin/../lib/gcc/arm-none-eabi/7.3.1/thumb/v7e-m/fpv4-sp/hard/crti.o
 .ARM.attributes
                0x0000000000000022       0x34 c:/st/stm32cubeide_1.5.0/stm32cubeide/plugins/com.st.stm32cube.ide.mcu.externaltools.gnu-tools-for-stm32.7-2018-q2-update.win32_1.5.0.202011040924/tools/bin/../lib/gcc/arm-none-eabi/7.3.1/thumb/v7e-m/fpv4-sp/hard/crtbegin.o
 .ARM.attributes
                0x0000000000000056       0x39 Core/Lora/Phy/sx1272/sx1272.o
 .ARM.attributes
                0x000000000000008f       0x39 Core/Lora/Utilities/delay.o
 .ARM.attributes
                0x00000000000000c8       0x39 Core/Lora/Utilities/low_power.o
 .ARM.attributes
                0x0000000000000101       0x39 Core/Lora/Utilities/timeServer.o
 .ARM.attributes
                0x000000000000013a       0x39 Core/Lora/Utilities/utilities.o
 .ARM.attributes
                0x0000000000000173       0x39 Core/Src/debug.o
 .ARM.attributes
                0x00000000000001ac       0x39 Core/Src/hw_gpio.o
 .ARM.attributes
                0x00000000000001e5       0x39 Core/Src/hw_rtc.o
 .ARM.attributes
                0x000000000000021e       0x39 Core/Src/hw_spi.o
 .ARM.attributes
                0x0000000000000257       0x39 Core/Src/lora_init.o
 .ARM.attributes
                0x0000000000000290       0x39 Core/Src/main.o
 .ARM.attributes
                0x00000000000002c9       0x39 Core/Src/stm32f4xx_hal_msp.o
 .ARM.attributes
                0x0000000000000302       0x39 Core/Src/stm32f4xx_it.o
 .ARM.attributes
                0x000000000000033b       0x39 Core/Src/system_stm32f4xx.o
 .ARM.attributes
                0x0000000000000374       0x21 Core/Startup/startup_stm32f411vctx.o
 .ARM.attributes
                0x0000000000000395       0x39 Drivers/STM32F4xx_HAL_Driver/Src/stm32f4xx_hal.o
 .ARM.attributes
                0x00000000000003ce       0x39 Drivers/STM32F4xx_HAL_Driver/Src/stm32f4xx_hal_cortex.o
 .ARM.attributes
                0x0000000000000407       0x39 Drivers/STM32F4xx_HAL_Driver/Src/stm32f4xx_hal_gpio.o
 .ARM.attributes
                0x0000000000000440       0x39 Drivers/STM32F4xx_HAL_Driver/Src/stm32f4xx_hal_rcc.o
 .ARM.attributes
                0x0000000000000479       0x39 Drivers/STM32F4xx_HAL_Driver/Src/stm32f4xx_hal_rcc_ex.o
 .ARM.attributes
                0x00000000000004b2       0x39 Drivers/STM32F4xx_HAL_Driver/Src/stm32f4xx_hal_rtc.o
 .ARM.attributes
                0x00000000000004eb       0x39 Drivers/STM32F4xx_HAL_Driver/Src/stm32f4xx_hal_rtc_ex.o
 .ARM.attributes
                0x0000000000000524       0x39 Drivers/STM32F4xx_HAL_Driver/Src/stm32f4xx_hal_spi.o
 .ARM.attributes
                0x000000000000055d       0x34 c:/st/stm32cubeide_1.5.0/stm32cubeide/plugins/com.st.stm32cube.ide.mcu.externaltools.gnu-tools-for-stm32.7-2018-q2-update.win32_1.5.0.202011040924/tools/bin/../lib/gcc/arm-none-eabi/7.3.1/../../../../arm-none-eabi/lib/thumb/v7e-m/fpv4-sp/hard\libc_nano.a(lib_a-init.o)
 .ARM.attributes
                0x0000000000000591       0x34 c:/st/stm32cubeide_1.5.0/stm32cubeide/plugins/com.st.stm32cube.ide.mcu.externaltools.gnu-tools-for-stm32.7-2018-q2-update.win32_1.5.0.202011040924/tools/bin/../lib/gcc/arm-none-eabi/7.3.1/../../../../arm-none-eabi/lib/thumb/v7e-m/fpv4-sp/hard\libc_nano.a(lib_a-memcpy-stub.o)
 .ARM.attributes
                0x00000000000005c5       0x34 c:/st/stm32cubeide_1.5.0/stm32cubeide/plugins/com.st.stm32cube.ide.mcu.externaltools.gnu-tools-for-stm32.7-2018-q2-update.win32_1.5.0.202011040924/tools/bin/../lib/gcc/arm-none-eabi/7.3.1/../../../../arm-none-eabi/lib/thumb/v7e-m/fpv4-sp/hard\libc_nano.a(lib_a-memset.o)
 .ARM.attributes
                0x00000000000005f9       0x34 c:/st/stm32cubeide_1.5.0/stm32cubeide/plugins/com.st.stm32cube.ide.mcu.externaltools.gnu-tools-for-stm32.7-2018-q2-update.win32_1.5.0.202011040924/tools/bin/../lib/gcc/arm-none-eabi/7.3.1/../../../../arm-none-eabi/lib/thumb/v7e-m/fpv4-sp/hard\libm.a(lib_a-s_ceil.o)
 .ARM.attributes
                0x000000000000062d       0x34 c:/st/stm32cubeide_1.5.0/stm32cubeide/plugins/com.st.stm32cube.ide.mcu.externaltools.gnu-tools-for-stm32.7-2018-q2-update.win32_1.5.0.202011040924/tools/bin/../lib/gcc/arm-none-eabi/7.3.1/../../../../arm-none-eabi/lib/thumb/v7e-m/fpv4-sp/hard\libm.a(lib_a-s_floor.o)
 .ARM.attributes
                0x0000000000000661       0x34 c:/st/stm32cubeide_1.5.0/stm32cubeide/plugins/com.st.stm32cube.ide.mcu.externaltools.gnu-tools-for-stm32.7-2018-q2-update.win32_1.5.0.202011040924/tools/bin/../lib/gcc/arm-none-eabi/7.3.1/../../../../arm-none-eabi/lib/thumb/v7e-m/fpv4-sp/hard\libm.a(lib_a-s_round.o)
 .ARM.attributes
                0x0000000000000695       0x22 c:/st/stm32cubeide_1.5.0/stm32cubeide/plugins/com.st.stm32cube.ide.mcu.externaltools.gnu-tools-for-stm32.7-2018-q2-update.win32_1.5.0.202011040924/tools/bin/../lib/gcc/arm-none-eabi/7.3.1/thumb/v7e-m/fpv4-sp/hard\libgcc.a(_arm_addsubdf3.o)
 .ARM.attributes
                0x00000000000006b7       0x22 c:/st/stm32cubeide_1.5.0/stm32cubeide/plugins/com.st.stm32cube.ide.mcu.externaltools.gnu-tools-for-stm32.7-2018-q2-update.win32_1.5.0.202011040924/tools/bin/../lib/gcc/arm-none-eabi/7.3.1/thumb/v7e-m/fpv4-sp/hard\libgcc.a(_arm_muldivdf3.o)
 .ARM.attributes
                0x00000000000006d9       0x22 c:/st/stm32cubeide_1.5.0/stm32cubeide/plugins/com.st.stm32cube.ide.mcu.externaltools.gnu-tools-for-stm32.7-2018-q2-update.win32_1.5.0.202011040924/tools/bin/../lib/gcc/arm-none-eabi/7.3.1/thumb/v7e-m/fpv4-sp/hard\libgcc.a(_arm_cmpdf2.o)
 .ARM.attributes
                0x00000000000006fb       0x22 c:/st/stm32cubeide_1.5.0/stm32cubeide/plugins/com.st.stm32cube.ide.mcu.externaltools.gnu-tools-for-stm32.7-2018-q2-update.win32_1.5.0.202011040924/tools/bin/../lib/gcc/arm-none-eabi/7.3.1/thumb/v7e-m/fpv4-sp/hard\libgcc.a(_arm_fixunsdfsi.o)
 .ARM.attributes
                0x000000000000071d       0x22 c:/st/stm32cubeide_1.5.0/stm32cubeide/plugins/com.st.stm32cube.ide.mcu.externaltools.gnu-tools-for-stm32.7-2018-q2-update.win32_1.5.0.202011040924/tools/bin/../lib/gcc/arm-none-eabi/7.3.1/thumb/v7e-m/fpv4-sp/hard\libgcc.a(_aeabi_uldivmod.o)
 .ARM.attributes
                0x000000000000073f       0x34 c:/st/stm32cubeide_1.5.0/stm32cubeide/plugins/com.st.stm32cube.ide.mcu.externaltools.gnu-tools-for-stm32.7-2018-q2-update.win32_1.5.0.202011040924/tools/bin/../lib/gcc/arm-none-eabi/7.3.1/thumb/v7e-m/fpv4-sp/hard\libgcc.a(_udivmoddi4.o)
 .ARM.attributes
                0x0000000000000773       0x22 c:/st/stm32cubeide_1.5.0/stm32cubeide/plugins/com.st.stm32cube.ide.mcu.externaltools.gnu-tools-for-stm32.7-2018-q2-update.win32_1.5.0.202011040924/tools/bin/../lib/gcc/arm-none-eabi/7.3.1/thumb/v7e-m/fpv4-sp/hard\libgcc.a(_dvmd_tls.o)
 .ARM.attributes
                0x0000000000000795       0x22 c:/st/stm32cubeide_1.5.0/stm32cubeide/plugins/com.st.stm32cube.ide.mcu.externaltools.gnu-tools-for-stm32.7-2018-q2-update.win32_1.5.0.202011040924/tools/bin/../lib/gcc/arm-none-eabi/7.3.1/thumb/v7e-m/fpv4-sp/hard/crtn.o
OUTPUT(RDMv6_LoRa.elf elf32-littlearm)

.debug_info     0x0000000000000000    0x164ba
 .debug_info    0x0000000000000000     0x21c3 Core/Lora/Phy/sx1272/sx1272.o
 .debug_info    0x00000000000021c3      0xa10 Core/Lora/Utilities/delay.o
 .debug_info    0x0000000000002bd3     0x1001 Core/Lora/Utilities/low_power.o
 .debug_info    0x0000000000003bd4     0x1271 Core/Lora/Utilities/timeServer.o
 .debug_info    0x0000000000004e45      0xb71 Core/Lora/Utilities/utilities.o
 .debug_info    0x00000000000059b6     0x103e Core/Src/debug.o
 .debug_info    0x00000000000069f4     0x13f8 Core/Src/hw_gpio.o
 .debug_info    0x0000000000007dec     0x1763 Core/Src/hw_rtc.o
 .debug_info    0x000000000000954f     0x15be Core/Src/hw_spi.o
 .debug_info    0x000000000000ab0d     0x1789 Core/Src/lora_init.o
 .debug_info    0x000000000000c296     0x2020 Core/Src/main.o
 .debug_info    0x000000000000e2b6      0xfd6 Core/Src/stm32f4xx_hal_msp.o
 .debug_info    0x000000000000f28c      0xe37 Core/Src/stm32f4xx_it.o
 .debug_info    0x00000000000100c3      0x57e Core/Src/system_stm32f4xx.o
 .debug_info    0x0000000000010641       0x22 Core/Startup/startup_stm32f411vctx.o
 .debug_info    0x0000000000010663      0x8d5 Drivers/STM32F4xx_HAL_Driver/Src/stm32f4xx_hal.o
 .debug_info    0x0000000000010f38      0xd98 Drivers/STM32F4xx_HAL_Driver/Src/stm32f4xx_hal_cortex.o
 .debug_info    0x0000000000011cd0      0x7d7 Drivers/STM32F4xx_HAL_Driver/Src/stm32f4xx_hal_gpio.o
 .debug_info    0x00000000000124a7      0x92a Drivers/STM32F4xx_HAL_Driver/Src/stm32f4xx_hal_rcc.o
 .debug_info    0x0000000000012dd1      0x618 Drivers/STM32F4xx_HAL_Driver/Src/stm32f4xx_hal_rcc_ex.o
 .debug_info    0x00000000000133e9      0xbb3 Drivers/STM32F4xx_HAL_Driver/Src/stm32f4xx_hal_rtc.o
 .debug_info    0x0000000000013f9c      0xeec Drivers/STM32F4xx_HAL_Driver/Src/stm32f4xx_hal_rtc_ex.o
 .debug_info    0x0000000000014e88     0x1632 Drivers/STM32F4xx_HAL_Driver/Src/stm32f4xx_hal_spi.o

.debug_abbrev   0x0000000000000000     0x321e
 .debug_abbrev  0x0000000000000000      0x34f Core/Lora/Phy/sx1272/sx1272.o
 .debug_abbrev  0x000000000000034f      0x1da Core/Lora/Utilities/delay.o
 .debug_abbrev  0x0000000000000529      0x2d0 Core/Lora/Utilities/low_power.o
 .debug_abbrev  0x00000000000007f9      0x394 Core/Lora/Utilities/timeServer.o
 .debug_abbrev  0x0000000000000b8d      0x232 Core/Lora/Utilities/utilities.o
 .debug_abbrev  0x0000000000000dbf      0x1ee Core/Src/debug.o
 .debug_abbrev  0x0000000000000fad      0x228 Core/Src/hw_gpio.o
 .debug_abbrev  0x00000000000011d5      0x35a Core/Src/hw_rtc.o
 .debug_abbrev  0x000000000000152f      0x260 Core/Src/hw_spi.o
 .debug_abbrev  0x000000000000178f      0x244 Core/Src/lora_init.o
 .debug_abbrev  0x00000000000019d3      0x2bc Core/Src/main.o
 .debug_abbrev  0x0000000000001c8f      0x20a Core/Src/stm32f4xx_hal_msp.o
 .debug_abbrev  0x0000000000001e99      0x1d6 Core/Src/stm32f4xx_it.o
 .debug_abbrev  0x000000000000206f      0x12b Core/Src/system_stm32f4xx.o
 .debug_abbrev  0x000000000000219a       0x12 Core/Startup/startup_stm32f411vctx.o
 .debug_abbrev  0x00000000000021ac      0x1f2 Drivers/STM32F4xx_HAL_Driver/Src/stm32f4xx_hal.o
 .debug_abbrev  0x000000000000239e      0x2fa Drivers/STM32F4xx_HAL_Driver/Src/stm32f4xx_hal_cortex.o
 .debug_abbrev  0x0000000000002698      0x1c9 Drivers/STM32F4xx_HAL_Driver/Src/stm32f4xx_hal_gpio.o
 .debug_abbrev  0x0000000000002861      0x245 Drivers/STM32F4xx_HAL_Driver/Src/stm32f4xx_hal_rcc.o
 .debug_abbrev  0x0000000000002aa6      0x173 Drivers/STM32F4xx_HAL_Driver/Src/stm32f4xx_hal_rcc_ex.o
 .debug_abbrev  0x0000000000002c19      0x1cd Drivers/STM32F4xx_HAL_Driver/Src/stm32f4xx_hal_rtc.o
 .debug_abbrev  0x0000000000002de6      0x1f8 Drivers/STM32F4xx_HAL_Driver/Src/stm32f4xx_hal_rtc_ex.o
 .debug_abbrev  0x0000000000002fde      0x240 Drivers/STM32F4xx_HAL_Driver/Src/stm32f4xx_hal_spi.o

.debug_aranges  0x0000000000000000      0xd40
 .debug_aranges
                0x0000000000000000      0x140 Core/Lora/Phy/sx1272/sx1272.o
 .debug_aranges
                0x0000000000000140       0x28 Core/Lora/Utilities/delay.o
 .debug_aranges
                0x0000000000000168       0x68 Core/Lora/Utilities/low_power.o
 .debug_aranges
                0x00000000000001d0       0x90 Core/Lora/Utilities/timeServer.o
 .debug_aranges
                0x0000000000000260       0x50 Core/Lora/Utilities/utilities.o
 .debug_aranges
                0x00000000000002b0       0x28 Core/Src/debug.o
 .debug_aranges
                0x00000000000002d8       0x48 Core/Src/hw_gpio.o
 .debug_aranges
                0x0000000000000320       0xc8 Core/Src/hw_rtc.o
 .debug_aranges
                0x00000000000003e8       0x48 Core/Src/hw_spi.o
 .debug_aranges
                0x0000000000000430       0x68 Core/Src/lora_init.o
 .debug_aranges
                0x0000000000000498       0x70 Core/Src/main.o
 .debug_aranges
                0x0000000000000508       0x58 Core/Src/stm32f4xx_hal_msp.o
 .debug_aranges
                0x0000000000000560       0xa0 Core/Src/stm32f4xx_it.o
 .debug_aranges
                0x0000000000000600       0x28 Core/Src/system_stm32f4xx.o
 .debug_aranges
                0x0000000000000628       0x28 Core/Startup/startup_stm32f411vctx.o
 .debug_aranges
                0x0000000000000650       0xf0 Drivers/STM32F4xx_HAL_Driver/Src/stm32f4xx_hal.o
 .debug_aranges
                0x0000000000000740      0x118 Drivers/STM32F4xx_HAL_Driver/Src/stm32f4xx_hal_cortex.o
 .debug_aranges
                0x0000000000000858       0x58 Drivers/STM32F4xx_HAL_Driver/Src/stm32f4xx_hal_gpio.o
 .debug_aranges
                0x00000000000008b0       0x88 Drivers/STM32F4xx_HAL_Driver/Src/stm32f4xx_hal_rcc.o
 .debug_aranges
                0x0000000000000938       0x50 Drivers/STM32F4xx_HAL_Driver/Src/stm32f4xx_hal_rcc_ex.o
 .debug_aranges
                0x0000000000000988       0xb8 Drivers/STM32F4xx_HAL_Driver/Src/stm32f4xx_hal_rtc.o
 .debug_aranges
                0x0000000000000a40      0x130 Drivers/STM32F4xx_HAL_Driver/Src/stm32f4xx_hal_rtc_ex.o
 .debug_aranges
                0x0000000000000b70      0x1d0 Drivers/STM32F4xx_HAL_Driver/Src/stm32f4xx_hal_spi.o

.debug_ranges   0x0000000000000000      0xbf0
 .debug_ranges  0x0000000000000000      0x148 Core/Lora/Phy/sx1272/sx1272.o
 .debug_ranges  0x0000000000000148       0x18 Core/Lora/Utilities/delay.o
 .debug_ranges  0x0000000000000160       0x58 Core/Lora/Utilities/low_power.o
 .debug_ranges  0x00000000000001b8       0x80 Core/Lora/Utilities/timeServer.o
 .debug_ranges  0x0000000000000238       0x40 Core/Lora/Utilities/utilities.o
 .debug_ranges  0x0000000000000278       0x18 Core/Src/debug.o
 .debug_ranges  0x0000000000000290       0x38 Core/Src/hw_gpio.o
 .debug_ranges  0x00000000000002c8       0xb8 Core/Src/hw_rtc.o
 .debug_ranges  0x0000000000000380       0x38 Core/Src/hw_spi.o
 .debug_ranges  0x00000000000003b8       0x58 Core/Src/lora_init.o
 .debug_ranges  0x0000000000000410       0x60 Core/Src/main.o
 .debug_ranges  0x0000000000000470       0x48 Core/Src/stm32f4xx_hal_msp.o
 .debug_ranges  0x00000000000004b8       0x90 Core/Src/stm32f4xx_it.o
 .debug_ranges  0x0000000000000548       0x18 Core/Src/system_stm32f4xx.o
 .debug_ranges  0x0000000000000560       0x20 Core/Startup/startup_stm32f411vctx.o
 .debug_ranges  0x0000000000000580       0xe0 Drivers/STM32F4xx_HAL_Driver/Src/stm32f4xx_hal.o
 .debug_ranges  0x0000000000000660      0x108 Drivers/STM32F4xx_HAL_Driver/Src/stm32f4xx_hal_cortex.o
 .debug_ranges  0x0000000000000768       0x48 Drivers/STM32F4xx_HAL_Driver/Src/stm32f4xx_hal_gpio.o
 .debug_ranges  0x00000000000007b0       0x78 Drivers/STM32F4xx_HAL_Driver/Src/stm32f4xx_hal_rcc.o
 .debug_ranges  0x0000000000000828       0x40 Drivers/STM32F4xx_HAL_Driver/Src/stm32f4xx_hal_rcc_ex.o
 .debug_ranges  0x0000000000000868       0xa8 Drivers/STM32F4xx_HAL_Driver/Src/stm32f4xx_hal_rtc.o
 .debug_ranges  0x0000000000000910      0x120 Drivers/STM32F4xx_HAL_Driver/Src/stm32f4xx_hal_rtc_ex.o
 .debug_ranges  0x0000000000000a30      0x1c0 Drivers/STM32F4xx_HAL_Driver/Src/stm32f4xx_hal_spi.o

.debug_macro    0x0000000000000000     0x62fc
 .debug_macro   0x0000000000000000      0x426 Core/Lora/Phy/sx1272/sx1272.o
 .debug_macro   0x0000000000000426     0x14bc Core/Lora/Phy/sx1272/sx1272.o
 .debug_macro   0x00000000000018e2      0x73a Core/Lora/Phy/sx1272/sx1272.o
 .debug_macro   0x000000000000201c       0x47 Core/Lora/Phy/sx1272/sx1272.o
 .debug_macro   0x0000000000002063       0x22 Core/Lora/Phy/sx1272/sx1272.o
 .debug_macro   0x0000000000002085      0x2aa Core/Lora/Utilities/delay.o
 .debug_macro   0x000000000000232f      0x3ec Core/Lora/Utilities/low_power.o
 .debug_macro   0x000000000000271b       0x34 Core/Lora/Utilities/low_power.o
 .debug_macro   0x000000000000274f      0x411 Core/Lora/Utilities/timeServer.o
 .debug_macro   0x0000000000002b60       0x10 Core/Lora/Utilities/timeServer.o
 .debug_macro   0x0000000000002b70       0x10 Core/Lora/Utilities/timeServer.o
 .debug_macro   0x0000000000002b80       0x10 Core/Lora/Utilities/timeServer.o
 .debug_macro   0x0000000000002b90       0x35 Core/Lora/Utilities/timeServer.o
 .debug_macro   0x0000000000002bc5       0x10 Core/Lora/Utilities/timeServer.o
 .debug_macro   0x0000000000002bd5      0x39f Core/Lora/Utilities/utilities.o
 .debug_macro   0x0000000000002f74      0x3d9 Core/Src/debug.o
 .debug_macro   0x000000000000334d      0x3d9 Core/Src/hw_gpio.o
 .debug_macro   0x0000000000003726      0x488 Core/Src/hw_rtc.o
 .debug_macro   0x0000000000003bae       0x16 Core/Src/hw_rtc.o
 .debug_macro   0x0000000000003bc4      0x3dd Core/Src/hw_spi.o
 .debug_macro   0x0000000000003fa1      0x413 Core/Src/lora_init.o
 .debug_macro   0x00000000000043b4      0x3a6 Core/Src/main.o
 .debug_macro   0x000000000000475a       0xdf Core/Src/main.o
 .debug_macro   0x0000000000004839       0x5a Core/Src/main.o
 .debug_macro   0x0000000000004893      0x32a Core/Src/main.o
 .debug_macro   0x0000000000004bbd       0x3a Core/Src/main.o
 .debug_macro   0x0000000000004bf7      0x1dd Core/Src/stm32f4xx_hal_msp.o
 .debug_macro   0x0000000000004dd4      0x3ed Core/Src/stm32f4xx_it.o
 .debug_macro   0x00000000000051c1      0x1d9 Core/Src/system_stm32f4xx.o
 .debug_macro   0x000000000000539a      0x233 Drivers/STM32F4xx_HAL_Driver/Src/stm32f4xx_hal.o
 .debug_macro   0x00000000000055cd      0x1d3 Drivers/STM32F4xx_HAL_Driver/Src/stm32f4xx_hal_cortex.o
 .debug_macro   0x00000000000057a0      0x209 Drivers/STM32F4xx_HAL_Driver/Src/stm32f4xx_hal_gpio.o
 .debug_macro   0x00000000000059a9      0x1f7 Drivers/STM32F4xx_HAL_Driver/Src/stm32f4xx_hal_rcc.o
 .debug_macro   0x0000000000005ba0      0x1d3 Drivers/STM32F4xx_HAL_Driver/Src/stm32f4xx_hal_rcc_ex.o
 .debug_macro   0x0000000000005d73      0x1d4 Drivers/STM32F4xx_HAL_Driver/Src/stm32f4xx_hal_rtc.o
 .debug_macro   0x0000000000005f47      0x1d3 Drivers/STM32F4xx_HAL_Driver/Src/stm32f4xx_hal_rtc_ex.o
 .debug_macro   0x000000000000611a      0x1e2 Drivers/STM32F4xx_HAL_Driver/Src/stm32f4xx_hal_spi.o

.debug_line     0x0000000000000000     0xe70a
 .debug_line    0x0000000000000000     0x112c Core/Lora/Phy/sx1272/sx1272.o
 .debug_line    0x000000000000112c      0x844 Core/Lora/Utilities/delay.o
 .debug_line    0x0000000000001970      0xab9 Core/Lora/Utilities/low_power.o
 .debug_line    0x0000000000002429      0xbac Core/Lora/Utilities/timeServer.o
 .debug_line    0x0000000000002fd5      0x970 Core/Lora/Utilities/utilities.o
 .debug_line    0x0000000000003945      0x980 Core/Src/debug.o
 .debug_line    0x00000000000042c5      0xa00 Core/Src/hw_gpio.o
 .debug_line    0x0000000000004cc5      0xc23 Core/Src/hw_rtc.o
 .debug_line    0x00000000000058e8      0xa43 Core/Src/hw_spi.o
 .debug_line    0x000000000000632b      0xab6 Core/Src/lora_init.o
 .debug_line    0x0000000000006de1      0xaf5 Core/Src/main.o
 .debug_line    0x00000000000078d6      0x782 Core/Src/stm32f4xx_hal_msp.o
 .debug_line    0x0000000000008058      0xab5 Core/Src/stm32f4xx_it.o
 .debug_line    0x0000000000008b0d      0x6db Core/Src/system_stm32f4xx.o
 .debug_line    0x00000000000091e8       0x85 Core/Startup/startup_stm32f411vctx.o
 .debug_line    0x000000000000926d      0x8c5 Drivers/STM32F4xx_HAL_Driver/Src/stm32f4xx_hal.o
 .debug_line    0x0000000000009b32      0x9e9 Drivers/STM32F4xx_HAL_Driver/Src/stm32f4xx_hal_cortex.o
 .debug_line    0x000000000000a51b      0x868 Drivers/STM32F4xx_HAL_Driver/Src/stm32f4xx_hal_gpio.o
 .debug_line    0x000000000000ad83      0x91d Drivers/STM32F4xx_HAL_Driver/Src/stm32f4xx_hal_rcc.o
 .debug_line    0x000000000000b6a0      0x802 Drivers/STM32F4xx_HAL_Driver/Src/stm32f4xx_hal_rcc_ex.o
 .debug_line    0x000000000000bea2      0xa55 Drivers/STM32F4xx_HAL_Driver/Src/stm32f4xx_hal_rtc.o
 .debug_line    0x000000000000c8f7      0xd92 Drivers/STM32F4xx_HAL_Driver/Src/stm32f4xx_hal_rtc_ex.o
 .debug_line    0x000000000000d689     0x1081 Drivers/STM32F4xx_HAL_Driver/Src/stm32f4xx_hal_spi.o

.debug_str      0x0000000000000000    0x9548e
 .debug_str     0x0000000000000000    0x91519 Core/Lora/Phy/sx1272/sx1272.o
                                      0x91a33 (size before relaxing)
 .debug_str     0x0000000000091519       0x1f Core/Lora/Utilities/delay.o
                                      0x87f16 (size before relaxing)
 .debug_str     0x0000000000091538      0x295 Core/Lora/Utilities/low_power.o
                                      0x897c7 (size before relaxing)
 .debug_str     0x00000000000917cd      0x301 Core/Lora/Utilities/timeServer.o
                                      0x898fd (size before relaxing)
 .debug_str     0x0000000000091ace      0x15e Core/Lora/Utilities/utilities.o
                                      0x8924e (size before relaxing)
 .debug_str     0x0000000000091c2c      0x155 Core/Src/debug.o
                                      0x896f8 (size before relaxing)
 .debug_str     0x0000000000091d81      0x440 Core/Src/hw_gpio.o
                                      0x89b3e (size before relaxing)
 .debug_str     0x00000000000921c1      0x78c Core/Src/hw_rtc.o
                                      0x8a34f (size before relaxing)
 .debug_str     0x000000000009294d      0x42e Core/Src/hw_spi.o
                                      0x89b4a (size before relaxing)
 .debug_str     0x0000000000092d7b       0xfd Core/Src/lora_init.o
                                      0x915e2 (size before relaxing)
 .debug_str     0x0000000000092e78      0x877 Core/Src/main.o
                                      0x893c4 (size before relaxing)
 .debug_str     0x00000000000936ef       0xaf Core/Src/stm32f4xx_hal_msp.o
                                      0x848ae (size before relaxing)
 .debug_str     0x000000000009379e      0x14f Core/Src/stm32f4xx_it.o
                                      0x89693 (size before relaxing)
 .debug_str     0x00000000000938ed       0xc4 Core/Src/system_stm32f4xx.o
                                      0x83e68 (size before relaxing)
 .debug_str     0x00000000000939b1       0x36 Core/Startup/startup_stm32f411vctx.o
                                         0x61 (size before relaxing)
 .debug_str     0x00000000000939e7      0x57b Drivers/STM32F4xx_HAL_Driver/Src/stm32f4xx_hal.o
                                      0x847dd (size before relaxing)
 .debug_str     0x0000000000093f62      0x389 Drivers/STM32F4xx_HAL_Driver/Src/stm32f4xx_hal_cortex.o
                                      0x845ba (size before relaxing)
 .debug_str     0x00000000000942eb      0x1bb Drivers/STM32F4xx_HAL_Driver/Src/stm32f4xx_hal_gpio.o
                                      0x840a7 (size before relaxing)
 .debug_str     0x00000000000944a6      0x24e Drivers/STM32F4xx_HAL_Driver/Src/stm32f4xx_hal_rcc.o
                                      0x84255 (size before relaxing)
 .debug_str     0x00000000000946f4      0x121 Drivers/STM32F4xx_HAL_Driver/Src/stm32f4xx_hal_rcc_ex.o
                                      0x83fd3 (size before relaxing)
 .debug_str     0x0000000000094815      0x1a3 Drivers/STM32F4xx_HAL_Driver/Src/stm32f4xx_hal_rtc.o
                                      0x84203 (size before relaxing)
 .debug_str     0x00000000000949b8      0x577 Drivers/STM32F4xx_HAL_Driver/Src/stm32f4xx_hal_rtc_ex.o
                                      0x84549 (size before relaxing)
 .debug_str     0x0000000000094f2f      0x55f Drivers/STM32F4xx_HAL_Driver/Src/stm32f4xx_hal_spi.o
                                      0x846c4 (size before relaxing)

.comment        0x0000000000000000       0x7b
 .comment       0x0000000000000000       0x7b Core/Lora/Phy/sx1272/sx1272.o
                                         0x7c (size before relaxing)
 .comment       0x000000000000007b       0x7c Core/Lora/Utilities/delay.o
 .comment       0x000000000000007b       0x7c Core/Lora/Utilities/low_power.o
 .comment       0x000000000000007b       0x7c Core/Lora/Utilities/timeServer.o
 .comment       0x000000000000007b       0x7c Core/Lora/Utilities/utilities.o
 .comment       0x000000000000007b       0x7c Core/Src/debug.o
 .comment       0x000000000000007b       0x7c Core/Src/hw_gpio.o
 .comment       0x000000000000007b       0x7c Core/Src/hw_rtc.o
 .comment       0x000000000000007b       0x7c Core/Src/hw_spi.o
 .comment       0x000000000000007b       0x7c Core/Src/lora_init.o
 .comment       0x000000000000007b       0x7c Core/Src/main.o
 .comment       0x000000000000007b       0x7c Core/Src/stm32f4xx_hal_msp.o
 .comment       0x000000000000007b       0x7c Core/Src/stm32f4xx_it.o
 .comment       0x000000000000007b       0x7c Core/Src/system_stm32f4xx.o
 .comment       0x000000000000007b       0x7c Drivers/STM32F4xx_HAL_Driver/Src/stm32f4xx_hal.o
 .comment       0x000000000000007b       0x7c Drivers/STM32F4xx_HAL_Driver/Src/stm32f4xx_hal_cortex.o
 .comment       0x000000000000007b       0x7c Drivers/STM32F4xx_HAL_Driver/Src/stm32f4xx_hal_gpio.o
 .comment       0x000000000000007b       0x7c Drivers/STM32F4xx_HAL_Driver/Src/stm32f4xx_hal_rcc.o
 .comment       0x000000000000007b       0x7c Drivers/STM32F4xx_HAL_Driver/Src/stm32f4xx_hal_rcc_ex.o
 .comment       0x000000000000007b       0x7c Drivers/STM32F4xx_HAL_Driver/Src/stm32f4xx_hal_rtc.o
 .comment       0x000000000000007b       0x7c Drivers/STM32F4xx_HAL_Driver/Src/stm32f4xx_hal_rtc_ex.o
 .comment       0x000000000000007b       0x7c Drivers/STM32F4xx_HAL_Driver/Src/stm32f4xx_hal_spi.o

.debug_frame    0x0000000000000000     0x3638
 .debug_frame   0x0000000000000000      0x550 Core/Lora/Phy/sx1272/sx1272.o
 .debug_frame   0x0000000000000550       0x5c Core/Lora/Utilities/delay.o
 .debug_frame   0x00000000000005ac      0x164 Core/Lora/Utilities/low_power.o
 .debug_frame   0x0000000000000710      0x248 Core/Lora/Utilities/timeServer.o
 .debug_frame   0x0000000000000958      0x11c Core/Lora/Utilities/utilities.o
 .debug_frame   0x0000000000000a74       0x4c Core/Src/debug.o
 .debug_frame   0x0000000000000ac0       0xec Core/Src/hw_gpio.o
 .debug_frame   0x0000000000000bac      0x330 Core/Src/hw_rtc.o
 .debug_frame   0x0000000000000edc       0xdc Core/Src/hw_spi.o
 .debug_frame   0x0000000000000fb8      0x18c Core/Src/lora_init.o
 .debug_frame   0x0000000000001144      0x160 Core/Src/main.o
 .debug_frame   0x00000000000012a4      0x13c Core/Src/stm32f4xx_hal_msp.o
 .debug_frame   0x00000000000013e0      0x1e4 Core/Src/stm32f4xx_it.o
 .debug_frame   0x00000000000015c4       0x58 Core/Src/system_stm32f4xx.o
 .debug_frame   0x000000000000161c      0x374 Drivers/STM32F4xx_HAL_Driver/Src/stm32f4xx_hal.o
 .debug_frame   0x0000000000001990      0x498 Drivers/STM32F4xx_HAL_Driver/Src/stm32f4xx_hal_cortex.o
 .debug_frame   0x0000000000001e28      0x14c Drivers/STM32F4xx_HAL_Driver/Src/stm32f4xx_hal_gpio.o
 .debug_frame   0x0000000000001f74      0x1f0 Drivers/STM32F4xx_HAL_Driver/Src/stm32f4xx_hal_rcc.o
 .debug_frame   0x0000000000002164      0x118 Drivers/STM32F4xx_HAL_Driver/Src/stm32f4xx_hal_rcc_ex.o
 .debug_frame   0x000000000000227c      0x308 Drivers/STM32F4xx_HAL_Driver/Src/stm32f4xx_hal_rtc.o
 .debug_frame   0x0000000000002584      0x548 Drivers/STM32F4xx_HAL_Driver/Src/stm32f4xx_hal_rtc_ex.o
 .debug_frame   0x0000000000002acc      0x824 Drivers/STM32F4xx_HAL_Driver/Src/stm32f4xx_hal_spi.o
 .debug_frame   0x00000000000032f0       0x2c c:/st/stm32cubeide_1.5.0/stm32cubeide/plugins/com.st.stm32cube.ide.mcu.externaltools.gnu-tools-for-stm32.7-2018-q2-update.win32_1.5.0.202011040924/tools/bin/../lib/gcc/arm-none-eabi/7.3.1/../../../../arm-none-eabi/lib/thumb/v7e-m/fpv4-sp/hard\libc_nano.a(lib_a-init.o)
 .debug_frame   0x000000000000331c       0x28 c:/st/stm32cubeide_1.5.0/stm32cubeide/plugins/com.st.stm32cube.ide.mcu.externaltools.gnu-tools-for-stm32.7-2018-q2-update.win32_1.5.0.202011040924/tools/bin/../lib/gcc/arm-none-eabi/7.3.1/../../../../arm-none-eabi/lib/thumb/v7e-m/fpv4-sp/hard\libc_nano.a(lib_a-memcpy-stub.o)
 .debug_frame   0x0000000000003344       0x20 c:/st/stm32cubeide_1.5.0/stm32cubeide/plugins/com.st.stm32cube.ide.mcu.externaltools.gnu-tools-for-stm32.7-2018-q2-update.win32_1.5.0.202011040924/tools/bin/../lib/gcc/arm-none-eabi/7.3.1/../../../../arm-none-eabi/lib/thumb/v7e-m/fpv4-sp/hard\libc_nano.a(lib_a-memset.o)
 .debug_frame   0x0000000000003364       0x30 c:/st/stm32cubeide_1.5.0/stm32cubeide/plugins/com.st.stm32cube.ide.mcu.externaltools.gnu-tools-for-stm32.7-2018-q2-update.win32_1.5.0.202011040924/tools/bin/../lib/gcc/arm-none-eabi/7.3.1/../../../../arm-none-eabi/lib/thumb/v7e-m/fpv4-sp/hard\libm.a(lib_a-s_ceil.o)
 .debug_frame   0x0000000000003394       0x30 c:/st/stm32cubeide_1.5.0/stm32cubeide/plugins/com.st.stm32cube.ide.mcu.externaltools.gnu-tools-for-stm32.7-2018-q2-update.win32_1.5.0.202011040924/tools/bin/../lib/gcc/arm-none-eabi/7.3.1/../../../../arm-none-eabi/lib/thumb/v7e-m/fpv4-sp/hard\libm.a(lib_a-s_floor.o)
 .debug_frame   0x00000000000033c4       0x30 c:/st/stm32cubeide_1.5.0/stm32cubeide/plugins/com.st.stm32cube.ide.mcu.externaltools.gnu-tools-for-stm32.7-2018-q2-update.win32_1.5.0.202011040924/tools/bin/../lib/gcc/arm-none-eabi/7.3.1/../../../../arm-none-eabi/lib/thumb/v7e-m/fpv4-sp/hard\libm.a(lib_a-s_round.o)
 .debug_frame   0x00000000000033f4       0xac c:/st/stm32cubeide_1.5.0/stm32cubeide/plugins/com.st.stm32cube.ide.mcu.externaltools.gnu-tools-for-stm32.7-2018-q2-update.win32_1.5.0.202011040924/tools/bin/../lib/gcc/arm-none-eabi/7.3.1/thumb/v7e-m/fpv4-sp/hard\libgcc.a(_arm_addsubdf3.o)
 .debug_frame   0x00000000000034a0       0x50 c:/st/stm32cubeide_1.5.0/stm32cubeide/plugins/com.st.stm32cube.ide.mcu.externaltools.gnu-tools-for-stm32.7-2018-q2-update.win32_1.5.0.202011040924/tools/bin/../lib/gcc/arm-none-eabi/7.3.1/thumb/v7e-m/fpv4-sp/hard\libgcc.a(_arm_muldivdf3.o)
 .debug_frame   0x00000000000034f0       0xc4 c:/st/stm32cubeide_1.5.0/stm32cubeide/plugins/com.st.stm32cube.ide.mcu.externaltools.gnu-tools-for-stm32.7-2018-q2-update.win32_1.5.0.202011040924/tools/bin/../lib/gcc/arm-none-eabi/7.3.1/thumb/v7e-m/fpv4-sp/hard\libgcc.a(_arm_cmpdf2.o)
 .debug_frame   0x00000000000035b4       0x24 c:/st/stm32cubeide_1.5.0/stm32cubeide/plugins/com.st.stm32cube.ide.mcu.externaltools.gnu-tools-for-stm32.7-2018-q2-update.win32_1.5.0.202011040924/tools/bin/../lib/gcc/arm-none-eabi/7.3.1/thumb/v7e-m/fpv4-sp/hard\libgcc.a(_arm_fixunsdfsi.o)
 .debug_frame   0x00000000000035d8       0x2c c:/st/stm32cubeide_1.5.0/stm32cubeide/plugins/com.st.stm32cube.ide.mcu.externaltools.gnu-tools-for-stm32.7-2018-q2-update.win32_1.5.0.202011040924/tools/bin/../lib/gcc/arm-none-eabi/7.3.1/thumb/v7e-m/fpv4-sp/hard\libgcc.a(_aeabi_uldivmod.o)
 .debug_frame   0x0000000000003604       0x34 c:/st/stm32cubeide_1.5.0/stm32cubeide/plugins/com.st.stm32cube.ide.mcu.externaltools.gnu-tools-for-stm32.7-2018-q2-update.win32_1.5.0.202011040924/tools/bin/../lib/gcc/arm-none-eabi/7.3.1/thumb/v7e-m/fpv4-sp/hard\libgcc.a(_udivmoddi4.o)
