hw_rtc.c:548:17:HW_RTC_GetCalendarValue	24	static
hw_rtc.c:214:6:HW_RTC_setMcuWakeUpTime	40	static
hw_rtc.c:241:9:HW_RTC_getMcuWakeUpTime	0	static
hw_rtc.c:251:10:HW_RTC_GetMinimumTimeout	0	static
hw_rtc.c:261:10:HW_RTC_ms2Tick	8	static
hw_rtc.c:272:13:HW_RTC_Tick2ms	0	static
hw_rtc.c:311:10:HW_RTC_GetTimerElapsedTime	32	static
hw_rtc.c:326:10:HW_RTC_GetTimerValue	32	static
hw_rtc.c:341:6:HW_RTC_StopAlarm	8	static
hw_rtc.c:285:6:HW_RTC_SetAlarm	48	static
hw_rtc.c:356:6:HW_RTC_IrqHandler	8	static
hw_rtc.c:385:6:HW_RTC_DelayMs	16	static,ignoring_inline_asm
hw_rtc.c:405:10:HW_RTC_SetTimerContext	8	static
hw_rtc.c:151:6:HW_RTC_Init	40	static
hw_rtc.c:416:10:HW_RTC_GetTimerContext	0	static
hw_rtc.c:595:10:HW_RTC_GetCalendarTime	40	static
hw_rtc.c:612:6:HW_RTC_BKUPWrite	16	static
hw_rtc.c:618:6:HW_RTC_BKUPRead	16	static
hw_rtc.c:624:13:RtcTempCompensation	16	static
