stm32f4xx_it.c:71:6:NMI_Handler	0	static
stm32f4xx_it.c:86:6:HardFault_Handler	0	static
stm32f4xx_it.c:101:6:MemManage_Handler	0	static
stm32f4xx_it.c:116:6:BusFault_Handler	0	static
stm32f4xx_it.c:131:6:UsageFault_Handler	0	static
stm32f4xx_it.c:146:6:SVC_Handler	0	static
stm32f4xx_it.c:159:6:DebugMon_Handler	0	static
stm32f4xx_it.c:172:6:PendSV_Handler	0	static
stm32f4xx_it.c:185:6:SysTick_Handler	0	static
stm32f4xx_it.c:197:6:RTC_Alarm_IRQHandler	0	static
stm32f4xx_it.c:206:6:EXTI0_IRQHandler	0	static
stm32f4xx_it.c:211:6:EXTI1_IRQHandler	0	static
stm32f4xx_it.c:216:6:EXTI2_IRQHandler	0	static
stm32f4xx_it.c:221:6:EXTI3_IRQHandler	0	static
stm32f4xx_it.c:226:6:EXTI4_IRQHandler	0	static
stm32f4xx_it.c:232:6:EXTI9_5_IRQHandler	8	static
stm32f4xx_it.c:245:6:EXTI15_10_IRQHandler	8	static
