Archive member included to satisfy reference by file (symbol)

c:/st/stm32cubeide_1.5.0/stm32cubeide/plugins/com.st.stm32cube.ide.mcu.externaltools.gnu-tools-for-stm32.7-2018-q2-update.win32_1.5.0.202011040924/tools/bin/../lib/gcc/arm-none-eabi/7.3.1/../../../../arm-none-eabi/lib/thumb/v7e-m/fpv4-sp/hard\libc_nano.a(lib_a-errno.o)
                              Core/Src/syscalls.o (__errno)
c:/st/stm32cubeide_1.5.0/stm32cubeide/plugins/com.st.stm32cube.ide.mcu.externaltools.gnu-tools-for-stm32.7-2018-q2-update.win32_1.5.0.202011040924/tools/bin/../lib/gcc/arm-none-eabi/7.3.1/../../../../arm-none-eabi/lib/thumb/v7e-m/fpv4-sp/hard\libc_nano.a(lib_a-exit.o)
                              c:/st/stm32cubeide_1.5.0/stm32cubeide/plugins/com.st.stm32cube.ide.mcu.externaltools.gnu-tools-for-stm32.7-2018-q2-update.win32_1.5.0.202011040924/tools/bin/../lib/gcc/arm-none-eabi/7.3.1/../../../../arm-none-eabi/lib/thumb/v7e-m/fpv4-sp/hard/crt0.o (exit)
c:/st/stm32cubeide_1.5.0/stm32cubeide/plugins/com.st.stm32cube.ide.mcu.externaltools.gnu-tools-for-stm32.7-2018-q2-update.win32_1.5.0.202011040924/tools/bin/../lib/gcc/arm-none-eabi/7.3.1/../../../../arm-none-eabi/lib/thumb/v7e-m/fpv4-sp/hard\libc_nano.a(lib_a-impure.o)
                              c:/st/stm32cubeide_1.5.0/stm32cubeide/plugins/com.st.stm32cube.ide.mcu.externaltools.gnu-tools-for-stm32.7-2018-q2-update.win32_1.5.0.202011040924/tools/bin/../lib/gcc/arm-none-eabi/7.3.1/../../../../arm-none-eabi/lib/thumb/v7e-m/fpv4-sp/hard\libc_nano.a(lib_a-exit.o) (_global_impure_ptr)
c:/st/stm32cubeide_1.5.0/stm32cubeide/plugins/com.st.stm32cube.ide.mcu.externaltools.gnu-tools-for-stm32.7-2018-q2-update.win32_1.5.0.202011040924/tools/bin/../lib/gcc/arm-none-eabi/7.3.1/../../../../arm-none-eabi/lib/thumb/v7e-m/fpv4-sp/hard\libc_nano.a(lib_a-init.o)
                              c:/st/stm32cubeide_1.5.0/stm32cubeide/plugins/com.st.stm32cube.ide.mcu.externaltools.gnu-tools-for-stm32.7-2018-q2-update.win32_1.5.0.202011040924/tools/bin/../lib/gcc/arm-none-eabi/7.3.1/../../../../arm-none-eabi/lib/thumb/v7e-m/fpv4-sp/hard/crt0.o (__libc_init_array)
c:/st/stm32cubeide_1.5.0/stm32cubeide/plugins/com.st.stm32cube.ide.mcu.externaltools.gnu-tools-for-stm32.7-2018-q2-update.win32_1.5.0.202011040924/tools/bin/../lib/gcc/arm-none-eabi/7.3.1/../../../../arm-none-eabi/lib/thumb/v7e-m/fpv4-sp/hard\libc_nano.a(lib_a-memcpy-stub.o)
                              Core/Src/main.o (memcpy)
c:/st/stm32cubeide_1.5.0/stm32cubeide/plugins/com.st.stm32cube.ide.mcu.externaltools.gnu-tools-for-stm32.7-2018-q2-update.win32_1.5.0.202011040924/tools/bin/../lib/gcc/arm-none-eabi/7.3.1/../../../../arm-none-eabi/lib/thumb/v7e-m/fpv4-sp/hard\libc_nano.a(lib_a-memset.o)
                              c:/st/stm32cubeide_1.5.0/stm32cubeide/plugins/com.st.stm32cube.ide.mcu.externaltools.gnu-tools-for-stm32.7-2018-q2-update.win32_1.5.0.202011040924/tools/bin/../lib/gcc/arm-none-eabi/7.3.1/../../../../arm-none-eabi/lib/thumb/v7e-m/fpv4-sp/hard/crt0.o (memset)
c:/st/stm32cubeide_1.5.0/stm32cubeide/plugins/com.st.stm32cube.ide.mcu.externaltools.gnu-tools-for-stm32.7-2018-q2-update.win32_1.5.0.202011040924/tools/bin/../lib/gcc/arm-none-eabi/7.3.1/../../../../arm-none-eabi/lib/thumb/v7e-m/fpv4-sp/hard\libm.a(lib_a-s_ceil.o)
                              Core/Lora/Phy/sx1272/sx1272.o (ceil)
c:/st/stm32cubeide_1.5.0/stm32cubeide/plugins/com.st.stm32cube.ide.mcu.externaltools.gnu-tools-for-stm32.7-2018-q2-update.win32_1.5.0.202011040924/tools/bin/../lib/gcc/arm-none-eabi/7.3.1/../../../../arm-none-eabi/lib/thumb/v7e-m/fpv4-sp/hard\libm.a(lib_a-s_floor.o)
                              Core/Lora/Phy/sx1272/sx1272.o (floor)
c:/st/stm32cubeide_1.5.0/stm32cubeide/plugins/com.st.stm32cube.ide.mcu.externaltools.gnu-tools-for-stm32.7-2018-q2-update.win32_1.5.0.202011040924/tools/bin/../lib/gcc/arm-none-eabi/7.3.1/../../../../arm-none-eabi/lib/thumb/v7e-m/fpv4-sp/hard\libm.a(lib_a-s_round.o)
                              Core/Lora/Phy/sx1272/sx1272.o (round)
c:/st/stm32cubeide_1.5.0/stm32cubeide/plugins/com.st.stm32cube.ide.mcu.externaltools.gnu-tools-for-stm32.7-2018-q2-update.win32_1.5.0.202011040924/tools/bin/../lib/gcc/arm-none-eabi/7.3.1/thumb/v7e-m/fpv4-sp/hard\libgcc.a(_arm_addsubdf3.o)
                              Core/Lora/Phy/sx1272/sx1272.o (__aeabi_dadd)
c:/st/stm32cubeide_1.5.0/stm32cubeide/plugins/com.st.stm32cube.ide.mcu.externaltools.gnu-tools-for-stm32.7-2018-q2-update.win32_1.5.0.202011040924/tools/bin/../lib/gcc/arm-none-eabi/7.3.1/thumb/v7e-m/fpv4-sp/hard\libgcc.a(_arm_muldivdf3.o)
                              Core/Lora/Phy/sx1272/sx1272.o (__aeabi_dmul)
c:/st/stm32cubeide_1.5.0/stm32cubeide/plugins/com.st.stm32cube.ide.mcu.externaltools.gnu-tools-for-stm32.7-2018-q2-update.win32_1.5.0.202011040924/tools/bin/../lib/gcc/arm-none-eabi/7.3.1/thumb/v7e-m/fpv4-sp/hard\libgcc.a(_arm_cmpdf2.o)
                              Core/Lora/Phy/sx1272/sx1272.o (__aeabi_dcmpgt)
[...]
Memory Configuration

Name             Origin             Length             Attributes
RAM              0x0000000020000000 0x0000000000020000 xrw
FLASH            0x0000000008000000 0x0000000000040000 xr
*default*        0x0000000000000000 0xffffffffffffffff

Linker script and memory map

LOAD c:/st/stm32cubeide_1.5.0/stm32cubeide/plugins/com.st.stm32cube.ide.mcu.externaltools.gnu-tools-for-stm32.7-2018-q2-update.win32_1.5.0.202011040924/tools/bin/../lib/gcc/arm-none-eabi/7.3.1/thumb/v7e-m/fpv4-sp/hard/crti.o
LOAD c:/st/stm32cubeide_1.5.0/stm32cubeide/plugins/com.st.stm32cube.ide.mcu.externaltools.gnu-tools-for-stm32.7-2018-q2-update.win32_1.5.0.202011040924/tools/bin/../lib/gcc/arm-none-eabi/7.3.1/thumb/v7e-m/fpv4-sp/hard/crtbegin.o
LOAD c:/st/stm32cubeide_1.5.0/stm32cubeide/plugins/com.st.stm32cube.ide.mcu.externaltools.gnu-tools-for-stm32.7-2018-q2-update.win32_1.5.0.202011040924/tools/bin/../lib/gcc/arm-none-eabi/7.3.1/../../../../arm-none-eabi/lib/thumb/v7e-m/fpv4-sp/hard/crt0.o
LOAD Core/Lora/Core/lora.o
LOAD Core/Lora/Crypto/aes.o
LOAD Core/Lora/Crypto/cmac.o
LOAD Core/Lora/Mac/LoRaMac.o
LOAD Core/Lora/Mac/LoRaMacCrypto.o
LOAD Core/Lora/Mac/region/Region.o
LOAD Core/Lora/Mac/region/RegionCommon.o
LOAD Core/Lora/Mac/region/RegionEU868.o
LOAD Core/Lora/Phy/sx1272/sx1272.o
LOAD Core/Lora/Utilities/delay.o
LOAD Core/Lora/Utilities/low_power.o
LOAD Core/Lora/Utilities/timeServer.o
LOAD Core/Lora/Utilities/utilities.o
LOAD Core/Src/debug.o
LOAD Core/Src/gpio.o
LOAD Core/Src/hw_gpio.o
LOAD Core/Src/hw_rtc.o
LOAD Core/Src/hw_spi.o
LOAD Core/Src/lora_init.o
LOAD Core/Src/main.o
LOAD Core/Src/spi.o
LOAD Core/Src/stm32f4xx_hal_msp.o
LOAD Core/Src/stm32f4xx_it.o
LOAD Core/Src/syscalls.o
LOAD Core/Src/sysmem.o
LOAD Core/Src/system_stm32f4xx.o
LOAD Core/Src/uart.o
LOAD Core/Src/vcom.o
LOAD Core/Startup/startup_stm32f411vctx.o
LOAD Drivers/STM32F4xx_HAL_Driver/Src/stm32f4xx_hal.o
LOAD Drivers/STM32F4xx_HAL_Driver/Src/stm32f4xx_hal_cortex.o
LOAD Drivers/STM32F4xx_HAL_Driver/Src/stm32f4xx_hal_dma.o
LOAD Drivers/STM32F4xx_HAL_Driver/Src/stm32f4xx_hal_dma_ex.o
LOAD Drivers/STM32F4xx_HAL_Driver/Src/stm32f4xx_hal_exti.o
LOAD Drivers/STM32F4xx_HAL_Driver/Src/stm32f4xx_hal_flash.o
LOAD Drivers/STM32F4xx_HAL_Driver/Src/stm32f4xx_hal_flash_ex.o
LOAD Drivers/STM32F4xx_HAL_Driver/Src/stm32f4xx_hal_flash_ramfunc.o
LOAD Drivers/STM32F4xx_HAL_Driver/Src/stm32f4xx_hal_gpio.o
LOAD Drivers/STM32F4xx_HAL_Driver/Src/stm32f4xx_hal_pwr.o
LOAD Drivers/STM32F4xx_HAL_Driver/Src/stm32f4xx_hal_pwr_ex.o
LOAD Drivers/STM32F4xx_HAL_Driver/Src/stm32f4xx_hal_rcc.o
LOAD Drivers/STM32F4xx_HAL_Driver/Src/stm32f4xx_hal_rcc_ex.o
LOAD Drivers/STM32F4xx_HAL_Driver/Src/stm32f4xx_hal_rtc.o
LOAD Drivers/STM32F4xx_HAL_Driver/Src/stm32f4xx_hal_rtc_ex.o
LOAD Drivers/STM32F4xx_HAL_Driver/Src/stm32f4xx_hal_spi.o
LOAD Drivers/STM32F4xx_HAL_Driver/Src/stm32f4xx_hal_tim.o
LOAD Drivers/STM32F4xx_HAL_Driver/Src/stm32f4xx_hal_tim_ex.o
START GROUP
LOAD c:/st/stm32cubeide_1.5.0/stm32cubeide/plugins/com.st.stm32cube.ide.mcu.externaltools.gnu-tools-for-stm32.7-2018-q2-update.win32_1.5.0.202011040924/tools/bin/../lib/gcc/arm-none-eabi/7.3.1/../../../../arm-none-eabi/lib/thumb/v7e-m/fpv4-sp/hard\libc_nano.a
LOAD c:/st/stm32cubeide_1.5.0/stm32cubeide/plugins/com.st.stm32cube.ide.mcu.externaltools.gnu-tools-for-stm32.7-2018-q2-update.win32_1.5.0.202011040924/tools/bin/../lib/gcc/arm-none-eabi/7.3.1/../../../../arm-none-eabi/lib/thumb/v7e-m/fpv4-sp/hard\libm.a
END GROUP
START GROUP
LOAD c:/st/stm32cubeide_1.5.0/stm32cubeide/plugins/com.st.stm32cube.ide.mcu.externaltools.gnu-tools-for-stm32.7-2018-q2-update.win32_1.5.0.202011040924/tools/bin/../lib/gcc/arm-none-eabi/7.3.1/thumb/v7e-m/fpv4-sp/hard\libgcc.a
LOAD c:/st/stm32cubeide_1.5.0/stm32cubeide/plugins/com.st.stm32cube.ide.mcu.externaltools.gnu-tools-for-stm32.7-2018-q2-update.win32_1.5.0.202011040924/tools/bin/../lib/gcc/arm-none-eabi/7.3.1/../../../../arm-none-eabi/lib/thumb/v7e-m/fpv4-sp/hard\libc_nano.a
END GROUP
START GROUP
LOAD c:/st/stm32cubeide_1.5.0/stm32cubeide/plugins/com.st.stm32cube.ide.mcu.externaltools.gnu-tools-for-stm32.7-2018-q2-update.win32_1.5.0.202011040924/tools/bin/../lib/gcc/arm-none-eabi/7.3.1/thumb/v7e-m/fpv4-sp/hard\libgcc.a
LOAD c:/st/stm32cubeide_1.5.0/stm32cubeide/plugins/com.st.stm32cube.ide.mcu.externaltools.gnu-tools-for-stm32.7-2018-q2-update.win32_1.5.0.202011040924/tools/bin/../lib/gcc/arm-none-eabi/7.3.1/../../../../arm-none-eabi/lib/thumb/v7e-m/fpv4-sp/hard\libc_nano.a
LOAD c:/st/stm32cubeide_1.5.0/stm32cubeide/plugins/com.st.stm32cube.ide.mcu.externaltools.gnu-tools-for-stm32.7-2018-q2-update.win32_1.5.0.202011040924/tools/bin/../lib/gcc/arm-none-eabi/7.3.1/../../../../arm-none-eabi/lib/thumb/v7e-m/fpv4-sp/hard\libnosys.a
END GROUP
START GROUP
LOAD c:/st/stm32cubeide_1.5.0/stm32cubeide/plugins/com.st.stm32cube.ide.mcu.externaltools.gnu-tools-for-stm32.7-2018-q2-update.win32_1.5.0.202011040924/tools/bin/../lib/gcc/arm-none-eabi/7.3.1/thumb/v7e-m/fpv4-sp/hard\libgcc.a
LOAD c:/st/stm32cubeide_1.5.0/stm32cubeide/plugins/com.st.stm32cube.ide.mcu.externaltools.gnu-tools-for-stm32.7-2018-q2-update.win32_1.5.0.202011040924/tools/bin/../lib/gcc/arm-none-eabi/7.3.1/../../../../arm-none-eabi/lib/thumb/v7e-m/fpv4-sp/hard\libc_nano.a
LOAD c:/st/stm32cubeide_1.5.0/stm32cubeide/plugins/com.st.stm32cube.ide.mcu.externaltools.gnu-tools-for-stm32.7-2018-q2-update.win32_1.5.0.202011040924/tools/bin/../lib/gcc/arm-none-eabi/7.3.1/../../../../arm-none-eabi/lib/thumb/v7e-m/fpv4-sp/hard\libnosys.a
END GROUP
LOAD c:/st/stm32cubeide_1.5.0/stm32cubeide/plugins/com.st.stm32cube.ide.mcu.externaltools.gnu-tools-for-stm32.7-2018-q2-update.win32_1.5.0.202011040924/tools/bin/../lib/gcc/arm-none-eabi/7.3.1/thumb/v7e-m/fpv4-sp/hard/crtend.o
LOAD c:/st/stm32cubeide_1.5.0/stm32cubeide/plugins/com.st.stm32cube.ide.mcu.externaltools.gnu-tools-for-stm32.7-2018-q2-update.win32_1.5.0.202011040924/tools/bin/../lib/gcc/arm-none-eabi/7.3.1/thumb/v7e-m/fpv4-sp/hard/crtn.o
                0x0000000020020000                _estack = (ORIGIN (RAM) + LENGTH (RAM))
                0x0000000000000200                _Min_Heap_Size = 0x200
                0x0000000000000400                _Min_Stack_Size = 0x400

.isr_vector     0x0000000008000000      0x198
                0x0000000008000000                . = ALIGN (0x4)
 *(.isr_vector)
 .isr_vector    0x0000000008000000      0x198 Core/Startup/startup_stm32f411vctx.o
                0x0000000008000000                g_pfnVectors
                0x0000000008000198                . = ALIGN (0x4)

.text           0x0000000008000198     0x448c
                0x0000000008000198                . = ALIGN (0x4)
 *(.text)
 .text          0x0000000008000198       0x40 c:/st/stm32cubeide_1.5.0/stm32cubeide/plugins/com.st.stm32cube.ide.mcu.externaltools.gnu-tools-for-stm32.7-2018-q2-update.win32_1.5.0.202011040924/tools/bin/../lib/gcc/arm-none-eabi/7.3.1/thumb/v7e-m/fpv4-sp/hard/crtbegin.o
 .text          0x00000000080001d8      0x378 c:/st/stm32cubeide_1.5.0/stm32cubeide/plugins/com.st.stm32cube.ide.mcu.externaltools.gnu-tools-for-stm32.7-2018-q2-update.win32_1.5.0.202011040924/tools/bin/../lib/gcc/arm-none-eabi/7.3.1/thumb/v7e-m/fpv4-sp/hard\libgcc.a(_arm_addsubdf3.o)
                0x00000000080001d8                __aeabi_drsub
                0x00000000080001e0                __aeabi_dsub
                0x00000000080001e0                __subdf3
                0x00000000080001e4                __aeabi_dadd
                0x00000000080001e4                __adddf3
                0x000000000800045c                __floatunsidf
                0x000000000800045c                __aeabi_ui2d
                0x000000000800047c                __floatsidf
                0x000000000800047c                __aeabi_i2d
                0x00000000080004a0                __aeabi_f2d
                0x00000000080004a0                __extendsfdf2
                0x00000000080004e4                __floatundidf
                0x00000000080004e4                __aeabi_ul2d
                0x00000000080004f4                __floatdidf
                0x00000000080004f4                __aeabi_l2d
 .text          0x0000000008000550      0x424 c:/st/stm32cubeide_1.5.0/stm32cubeide/plugins/com.st.stm32cube.ide.mcu.externaltools.gnu-tools-for-stm32.7-2018-q2-update.win32_1.5.0.202011040924/tools/bin/../lib/gcc/arm-none-eabi/7.3.1/thumb/v7e-m/fpv4-sp/hard\libgcc.a(_arm_muldivdf3.o)
                0x0000000008000550                __aeabi_dmul
                0x0000000008000550                __muldf3
                0x00000000080007a4                __divdf3
                0x00000000080007a4                __aeabi_ddiv
 .text          0x0000000008000974      0x110 c:/st/stm32cubeide_1.5.0/stm32cubeide/plugins/com.st.stm32cube.ide.mcu.externaltools.gnu-tools-for-stm32.7-2018-q2-update.win32_1.5.0.202011040924/tools/bin/../lib/gcc/arm-none-eabi/7.3.1/thumb/v7e-m/fpv4-sp/hard\libgcc.a(_arm_cmpdf2.o)
                0x0000000008000974                __gtdf2
                0x0000000008000974                __gedf2
                0x000000000800097c                __ltdf2
                0x000000000800097c                __ledf2
                0x0000000008000984                __nedf2
                0x0000000008000984                __eqdf2
                0x0000000008000984                __cmpdf2
                0x0000000008000a00                __aeabi_cdrcmple
                0x0000000008000a10                __aeabi_cdcmpeq
                0x0000000008000a10                __aeabi_cdcmple
                0x0000000008000a20                __aeabi_dcmpeq
                0x0000000008000a34                __aeabi_dcmplt
                0x0000000008000a48                __aeabi_dcmple
                0x0000000008000a5c                __aeabi_dcmpge
                0x0000000008000a70                __aeabi_dcmpgt
 .text          0x0000000008000a84       0x40 c:/st/stm32cubeide_1.5.0/stm32cubeide/plugins/com.st.stm32cube.ide.mcu.externaltools.gnu-tools-for-stm32.7-2018-q2-update.win32_1.5.0.202011040924/tools/bin/../lib/gcc/arm-none-eabi/7.3.1/thumb/v7e-m/fpv4-sp/hard\libgcc.a(_arm_fixunsdfsi.o)
                0x0000000008000a84                __aeabi_d2uiz
                0x0000000008000a84                __fixunsdfsi
 .text          0x0000000008000ac4       0x30 c:/st/stm32cubeide_1.5.0/stm32cubeide/plugins/com.st.stm32cube.ide.mcu.externaltools.gnu-tools-for-stm32.7-2018-q2-update.win32_1.5.0.202011040924/tools/bin/../lib/gcc/arm-none-eabi/7.3.1/thumb/v7e-m/fpv4-sp/hard\libgcc.a(_aeabi_uldivmod.o)
                0x0000000008000ac4                __aeabi_uldivmod
 .text          0x0000000008000af4      0x2cc c:/st/stm32cubeide_1.5.0/stm32cubeide/plugins/com.st.stm32cube.ide.mcu.externaltools.gnu-tools-for-stm32.7-2018-q2-update.win32_1.5.0.202011040924/tools/bin/../lib/gcc/arm-none-eabi/7.3.1/thumb/v7e-m/fpv4-sp/hard\libgcc.a(_udivmoddi4.o)
                0x0000000008000af4                __udivmoddi4
 .text          0x0000000008000dc0        0x4 c:/st/stm32cubeide_1.5.0/stm32cubeide/plugins/com.st.stm32cube.ide.mcu.externaltools.gnu-tools-for-stm32.7-2018-q2-update.win32_1.5.0.202011040924/tools/bin/../lib/gcc/arm-none-eabi/7.3.1/thumb/v7e-m/fpv4-sp/hard\libgcc.a(_dvmd_tls.o)
                0x0000000008000dc0                __aeabi_idiv0
                0x0000000008000dc0                __aeabi_ldiv0
 *(.text*)
 .text.GetFskBandwidthRegValue
                0x0000000008000dc4       0x2c Core/Lora/Phy/sx1272/sx1272.o
 .text.SX1272OnDio4Irq
                0x0000000008000df0       0x18 Core/Lora/Phy/sx1272/sx1272.o
                0x0000000008000df0                SX1272OnDio4Irq
 .text.SX1272BoardInit
                0x0000000008000e08        0xc Core/Lora/Phy/sx1272/sx1272.o
                0x0000000008000e08                SX1272BoardInit
 .text.SX1272GetStatus
                0x0000000008000e14        0xc Core/Lora/Phy/sx1272/sx1272.o
                0x0000000008000e14                SX1272GetStatus
 .text.SX1272Reset
                0x0000000008000e20       0x50 Core/Lora/Phy/sx1272/sx1272.o
                0x0000000008000e20                SX1272Reset
 .text.SX1272WriteBuffer
                0x0000000008000e70       0x40 Core/Lora/Phy/sx1272/sx1272.o
                0x0000000008000e70                SX1272WriteBuffer
 .text.SX1272Write
                0x0000000008000eb0       0x16 Core/Lora/Phy/sx1272/sx1272.o
                0x0000000008000eb0                SX1272Write
 *fill*         0x0000000008000ec6        0x2 
 .text.SX1272SetChannel
                0x0000000008000ec8       0x48 Core/Lora/Phy/sx1272/sx1272.o
                0x0000000008000ec8                SX1272SetChannel
 .text.SX1272ReadBuffer
                0x0000000008000f10       0x40 Core/Lora/Phy/sx1272/sx1272.o
                0x0000000008000f10                SX1272ReadBuffer
 .text.SX1272Read
                0x0000000008000f50       0x16 Core/Lora/Phy/sx1272/sx1272.o
                0x0000000008000f50                SX1272Read
 *fill*         0x0000000008000f66        0x2 
 .text.SX1272GetTimeOnAir
                0x0000000008000f68      0x200 Core/Lora/Phy/sx1272/sx1272.o
                0x0000000008000f68                SX1272GetTimeOnAir
 .text.SX1272ReadRssi
                0x0000000008001168       0x28 Core/Lora/Phy/sx1272/sx1272.o
                0x0000000008001168                SX1272ReadRssi
 .text.SX1272SetOpMode
                0x0000000008001190       0x40 Core/Lora/Phy/sx1272/sx1272.o
                0x0000000008001190                SX1272SetOpMode
 .text.SX1272SetSleep
                0x00000000080011d0       0x38 Core/Lora/Phy/sx1272/sx1272.o
                0x00000000080011d0                SX1272SetSleep
 .text.SX1272SetStby
                0x0000000008001208       0x28 Core/Lora/Phy/sx1272/sx1272.o
                0x0000000008001208                SX1272SetStby
 .text.SX1272SetRx
                0x0000000008001230      0x140 Core/Lora/Phy/sx1272/sx1272.o
                0x0000000008001230                SX1272SetRx
 .text.SX1272SetTx
                0x0000000008001370       0xa8 Core/Lora/Phy/sx1272/sx1272.o
                0x0000000008001370                SX1272SetTx
 .text.SX1272StartCad
                0x0000000008001418       0x38 Core/Lora/Phy/sx1272/sx1272.o
                0x0000000008001418                SX1272StartCad
 .text.SX1272SetModem
                0x0000000008001450       0x78 Core/Lora/Phy/sx1272/sx1272.o
                0x0000000008001450                SX1272SetModem
 .text.SX1272Init
                0x00000000080014c8       0x8c Core/Lora/Phy/sx1272/sx1272.o
                0x00000000080014c8                SX1272Init
 .text.SX1272IsChannelFree
                0x0000000008001554       0x58 Core/Lora/Phy/sx1272/sx1272.o
                0x0000000008001554                SX1272IsChannelFree
 .text.SX1272Random
                0x00000000080015ac       0x3e Core/Lora/Phy/sx1272/sx1272.o
                0x00000000080015ac                SX1272Random
 *fill*         0x00000000080015ea        0x6 
 .text.SX1272SetRxConfig
                0x00000000080015f0      0x290 Core/Lora/Phy/sx1272/sx1272.o
                0x00000000080015f0                SX1272SetRxConfig
 .text.SX1272SetTxConfig
                0x0000000008001880      0x228 Core/Lora/Phy/sx1272/sx1272.o
                0x0000000008001880                SX1272SetTxConfig
 .text.SX1272SetTxContinuousWave
                0x0000000008001aa8       0x80 Core/Lora/Phy/sx1272/sx1272.o
                0x0000000008001aa8                SX1272SetTxContinuousWave
 .text.SX1272OnDio2Irq
                0x0000000008001b28       0xbc Core/Lora/Phy/sx1272/sx1272.o
                0x0000000008001b28                SX1272OnDio2Irq
 .text.SX1272OnDio3Irq
                0x0000000008001be4       0x50 Core/Lora/Phy/sx1272/sx1272.o
                0x0000000008001be4                SX1272OnDio3Irq
 .text.SX1272WriteFifo
                0x0000000008001c34        0xa Core/Lora/Phy/sx1272/sx1272.o
                0x0000000008001c34                SX1272WriteFifo
 *fill*         0x0000000008001c3e        0x2 
 .text.SX1272Send
                0x0000000008001c40       0xf0 Core/Lora/Phy/sx1272/sx1272.o
                0x0000000008001c40                SX1272Send
 .text.SX1272ReadFifo
                0x0000000008001d30        0xa Core/Lora/Phy/sx1272/sx1272.o
                0x0000000008001d30                SX1272ReadFifo
 *fill*         0x0000000008001d3a        0x2 
 .text.SX1272OnDio0Irq
                0x0000000008001d3c      0x224 Core/Lora/Phy/sx1272/sx1272.o
                0x0000000008001d3c                SX1272OnDio0Irq
 .text.SX1272OnDio1Irq
                0x0000000008001f60       0xe0 Core/Lora/Phy/sx1272/sx1272.o
                0x0000000008001f60                SX1272OnDio1Irq
 .text.SX1272SetMaxPayloadLength
                0x0000000008002040       0x34 Core/Lora/Phy/sx1272/sx1272.o
                0x0000000008002040                SX1272SetMaxPayloadLength
 .text.SX1272SetPublicNetwork
                0x0000000008002074       0x28 Core/Lora/Phy/sx1272/sx1272.o
                0x0000000008002074                SX1272SetPublicNetwork
 .text.SX1272OnTimeoutIrq
                0x000000000800209c       0xc0 Core/Lora/Phy/sx1272/sx1272.o
                0x000000000800209c                SX1272OnTimeoutIrq
 .text.DelayMs  0x000000000800215c        0x2 Core/Lora/Utilities/delay.o
                0x000000000800215c                DelayMs
 *fill*         0x000000000800215e        0x2 
 .text.LPM_SetStopMode
                0x0000000008002160       0x2c Core/Lora/Utilities/low_power.o
                0x0000000008002160                LPM_SetStopMode
 .text.LPM_GetMode
                0x000000000800218c       0x2c Core/Lora/Utilities/low_power.o
                0x000000000800218c                LPM_GetMode
 .text.TimerSetTimeout
                0x00000000080021b8       0x2c Core/Lora/Utilities/timeServer.o
 .text.TimerInsertNewHeadTimer
                0x00000000080021e4       0x18 Core/Lora/Utilities/timeServer.o
 .text.TimerInit
                0x00000000080021fc       0x12 Core/Lora/Utilities/timeServer.o
                0x00000000080021fc                TimerInit
 *fill*         0x000000000800220e        0x2 
 .text.TimerStart
                0x0000000008002210       0x6c Core/Lora/Utilities/timeServer.o
                0x0000000008002210                TimerStart
 .text.TimerIrqHandler
                0x000000000800227c       0x78 Core/Lora/Utilities/timeServer.o
                0x000000000800227c                TimerIrqHandler
 .text.TimerStop
                0x00000000080022f4       0x50 Core/Lora/Utilities/timeServer.o
                0x00000000080022f4                TimerStop
 .text.TimerSetValue
                0x0000000008002344       0x22 Core/Lora/Utilities/timeServer.o
                0x0000000008002344                TimerSetValue
 .text.TimerGetCurrentTime
                0x0000000008002366        0xe Core/Lora/Utilities/timeServer.o
                0x0000000008002366                TimerGetCurrentTime
 .text.TimerGetElapsedTime
                0x0000000008002374       0x1e Core/Lora/Utilities/timeServer.o
                0x0000000008002374                TimerGetElapsedTime
 .text.memcpy1  0x0000000008002392       0x14 Core/Lora/Utilities/utilities.o
                0x0000000008002392                memcpy1
 .text.Error_Handler
                0x00000000080023a6        0x2 Core/Src/debug.o
                0x00000000080023a6                Error_Handler
 .text.HW_GPIO_GetBitPos
                0x00000000080023a8       0x38 Core/Src/hw_gpio.o
 .text.HW_GPIO_Init
                0x00000000080023e0       0xb4 Core/Src/hw_gpio.o
                0x00000000080023e0                HW_GPIO_Init
 .text.HW_GPIO_SetIrq
                0x0000000008002494       0x34 Core/Src/hw_gpio.o
                0x0000000008002494                HW_GPIO_SetIrq
 .text.HW_GPIO_IrqHandler
                0x00000000080024c8       0x1c Core/Src/hw_gpio.o
                0x00000000080024c8                HW_GPIO_IrqHandler
 .text.HW_GPIO_Write
                0x00000000080024e4        0x6 Core/Src/hw_gpio.o
                0x00000000080024e4                HW_GPIO_Write
 *fill*         0x00000000080024ea        0x2 
 .text.HW_RTC_GetCalendarValue
                0x00000000080024ec       0xa8 Core/Src/hw_rtc.o
 .text.HW_RTC_GetMinimumTimeout
                0x0000000008002594        0x4 Core/Src/hw_rtc.o
                0x0000000008002594                HW_RTC_GetMinimumTimeout
 .text.HW_RTC_ms2Tick
                0x0000000008002598       0x12 Core/Src/hw_rtc.o
                0x0000000008002598                HW_RTC_ms2Tick
 .text.HW_RTC_Tick2ms
                0x00000000080025aa       0x14 Core/Src/hw_rtc.o
                0x00000000080025aa                HW_RTC_Tick2ms
 *fill*         0x00000000080025be        0x2 
 .text.HW_RTC_GetTimerElapsedTime
                0x00000000080025c0       0x1c Core/Src/hw_rtc.o
                0x00000000080025c0                HW_RTC_GetTimerElapsedTime
 .text.HW_RTC_GetTimerValue
                0x00000000080025dc       0x10 Core/Src/hw_rtc.o
                0x00000000080025dc                HW_RTC_GetTimerValue
 .text.HW_RTC_StopAlarm
                0x00000000080025ec       0x2c Core/Src/hw_rtc.o
                0x00000000080025ec                HW_RTC_StopAlarm
 .text.HW_RTC_SetAlarm
                0x0000000008002618      0x160 Core/Src/hw_rtc.o
                0x0000000008002618                HW_RTC_SetAlarm
 .text.HW_RTC_IrqHandler
                0x0000000008002778       0x40 Core/Src/hw_rtc.o
                0x0000000008002778                HW_RTC_IrqHandler
 .text.HW_RTC_SetTimerContext
                0x00000000080027b8       0x18 Core/Src/hw_rtc.o
                0x00000000080027b8                HW_RTC_SetTimerContext
 .text.HW_RTC_Init
                0x00000000080027d0       0x74 Core/Src/hw_rtc.o
                0x00000000080027d0                HW_RTC_Init
 .text.HW_RTC_GetTimerContext
                0x0000000008002844        0xc Core/Src/hw_rtc.o
                0x0000000008002844                HW_RTC_GetTimerContext
 .text.HW_SPI_IoInit
                0x0000000008002850       0x88 Core/Src/hw_spi.o
                0x0000000008002850                HW_SPI_IoInit
 .text.HW_SPI_Init
                0x00000000080028d8       0x40 Core/Src/hw_spi.o
                0x00000000080028d8                HW_SPI_Init
 .text.HW_SPI_InOut
                0x0000000008002918       0x2c Core/Src/hw_spi.o
                0x0000000008002918                HW_SPI_InOut
 .text.SX1272GetWakeTime
                0x0000000008002944        0x4 Core/Src/lora_init.o
                0x0000000008002944                SX1272GetWakeTime
 .text.SX1272SetXO
                0x0000000008002948        0x2 Core/Src/lora_init.o
                0x0000000008002948                SX1272SetXO
 .text.SX1272SetAntSwLowPower
                0x000000000800294a        0x2 Core/Src/lora_init.o
                0x000000000800294a                SX1272SetAntSwLowPower
 .text.SX1272SetAntSw
                0x000000000800294c       0x14 Core/Src/lora_init.o
                0x000000000800294c                SX1272SetAntSw
 .text.SX1272CheckRfFrequency
                0x0000000008002960        0x4 Core/Src/lora_init.o
                0x0000000008002960                SX1272CheckRfFrequency
 .text.SX1272SetRfTxPower
                0x0000000008002964       0x3a Core/Src/lora_init.o
                0x0000000008002964                SX1272SetRfTxPower
 *fill*         0x000000000800299e        0x2 
 .text.SX1272IoInit
                0x00000000080029a0       0x64 Core/Src/lora_init.o
                0x00000000080029a0                SX1272IoInit
 .text.SX1272IoDeInit
                0x0000000008002a04       0x54 Core/Src/lora_init.o
                0x0000000008002a04                SX1272IoDeInit
 .text.SX1272IoIrqInit
                0x0000000008002a58       0x48 Core/Src/lora_init.o
                0x0000000008002a58                SX1272IoIrqInit
 .text.OnTxDone
                0x0000000008002aa0       0x18 Core/Src/main.o
                0x0000000008002aa0                OnTxDone
 .text.OnTxTimeout
                0x0000000008002ab8       0x18 Core/Src/main.o
                0x0000000008002ab8                OnTxTimeout
 .text.OnRxTimeout
                0x0000000008002ad0       0x18 Core/Src/main.o
                0x0000000008002ad0                OnRxTimeout
 .text.OnRxError
                0x0000000008002ae8       0x18 Core/Src/main.o
                0x0000000008002ae8                OnRxError
 .text.OnRxDone
                0x0000000008002b00       0x48 Core/Src/main.o
                0x0000000008002b00                OnRxDone
 .text.SystemClock_Config
                0x0000000008002b48       0xa8 Core/Src/main.o
                0x0000000008002b48                SystemClock_Config
 .text.startup.main
                0x0000000008002bf0      0x254 Core/Src/main.o
                0x0000000008002bf0                main
 .text.HAL_MspInit
                0x0000000008002e44       0x38 Core/Src/stm32f4xx_hal_msp.o
                0x0000000008002e44                HAL_MspInit
 .text.HAL_RTC_MspInit
                0x0000000008002e7c       0x20 Core/Src/stm32f4xx_hal_msp.o
                0x0000000008002e7c                HAL_RTC_MspInit
 .text.HAL_SPI_MspInit
                0x0000000008002e9c      0x114 Core/Src/stm32f4xx_hal_msp.o
                0x0000000008002e9c                HAL_SPI_MspInit
 .text.HAL_RTC_AlarmAEventCallback
                0x0000000008002fb0        0x4 Core/Src/stm32f4xx_hal_msp.o
                0x0000000008002fb0                HAL_RTC_AlarmAEventCallback
 .text.HAL_GPIO_EXTI_Callback
                0x0000000008002fb4        0x4 Core/Src/stm32f4xx_hal_msp.o
                0x0000000008002fb4                HAL_GPIO_EXTI_Callback
 .text.MSP_GetIRQn
                0x0000000008002fb8       0x4e Core/Src/stm32f4xx_hal_msp.o
                0x0000000008002fb8                MSP_GetIRQn
 .text.NMI_Handler
                0x0000000008003006        0x2 Core/Src/stm32f4xx_it.o
                0x0000000008003006                NMI_Handler
 .text.HardFault_Handler
                0x0000000008003008        0x2 Core/Src/stm32f4xx_it.o
                0x0000000008003008                HardFault_Handler
 .text.MemManage_Handler
                0x000000000800300a        0x2 Core/Src/stm32f4xx_it.o
                0x000000000800300a                MemManage_Handler
 .text.BusFault_Handler
                0x000000000800300c        0x2 Core/Src/stm32f4xx_it.o
                0x000000000800300c                BusFault_Handler
 .text.UsageFault_Handler
                0x000000000800300e        0x2 Core/Src/stm32f4xx_it.o
                0x000000000800300e                UsageFault_Handler
 .text.SVC_Handler
                0x0000000008003010        0x2 Core/Src/stm32f4xx_it.o
                0x0000000008003010                SVC_Handler
 .text.DebugMon_Handler
                0x0000000008003012        0x2 Core/Src/stm32f4xx_it.o
                0x0000000008003012                DebugMon_Handler
 .text.PendSV_Handler
                0x0000000008003014        0x2 Core/Src/stm32f4xx_it.o
                0x0000000008003014                PendSV_Handler
 .text.SysTick_Handler
                0x0000000008003016        0x4 Core/Src/stm32f4xx_it.o
                0x0000000008003016                SysTick_Handler
 .text.RTC_Alarm_IRQHandler
                0x000000000800301a        0x4 Core/Src/stm32f4xx_it.o
                0x000000000800301a                RTC_Alarm_IRQHandler
 .text.EXTI0_IRQHandler
                0x000000000800301e        0x6 Core/Src/stm32f4xx_it.o
                0x000000000800301e                EXTI0_IRQHandler
 .text.EXTI1_IRQHandler
                0x0000000008003024        0x6 Core/Src/stm32f4xx_it.o
                0x0000000008003024                EXTI1_IRQHandler
 .text.EXTI2_IRQHandler
                0x000000000800302a        0x6 Core/Src/stm32f4xx_it.o
                0x000000000800302a                EXTI2_IRQHandler
 .text.EXTI3_IRQHandler
                0x0000000008003030        0x6 Core/Src/stm32f4xx_it.o
                0x0000000008003030                EXTI3_IRQHandler
 .text.EXTI4_IRQHandler
                0x0000000008003036        0x6 Core/Src/stm32f4xx_it.o
                0x0000000008003036                EXTI4_IRQHandler
 .text.EXTI9_5_IRQHandler
                0x000000000800303c       0x28 Core/Src/stm32f4xx_it.o
                0x000000000800303c                EXTI9_5_IRQHandler
 .text.EXTI15_10_IRQHandler
                0x0000000008003064       0x36 Core/Src/stm32f4xx_it.o
                0x0000000008003064                EXTI15_10_IRQHandler
 *fill*         0x000000000800309a        0x2 
 .text.SystemInit
                0x000000000800309c       0x1c Core/Src/system_stm32f4xx.o
                0x000000000800309c                SystemInit
 .text.Reset_Handler
                0x00000000080030b8       0x50 Core/Startup/startup_stm32f411vctx.o
                0x00000000080030b8                Reset_Handler
 .text.Default_Handler
                0x0000000008003108        0x2 Core/Startup/startup_stm32f411vctx.o
                0x0000000008003108                SPI4_IRQHandler
                0x0000000008003108                TIM1_CC_IRQHandler
                0x0000000008003108                DMA2_Stream5_IRQHandler
                0x0000000008003108                DMA1_Stream5_IRQHandler
                0x0000000008003108                PVD_IRQHandler
                0x0000000008003108                SDIO_IRQHandler
                0x0000000008003108                TAMP_STAMP_IRQHandler
                0x0000000008003108                TIM1_UP_TIM10_IRQHandler
                0x0000000008003108                I2C3_ER_IRQHandler
                0x0000000008003108                I2C2_EV_IRQHandler
                0x0000000008003108                DMA1_Stream2_IRQHandler
                0x0000000008003108                FPU_IRQHandler
                0x0000000008003108                DMA2_Stream2_IRQHandler
                0x0000000008003108                SPI1_IRQHandler
                0x0000000008003108                TIM1_BRK_TIM9_IRQHandler
                0x0000000008003108                DMA2_Stream3_IRQHandler
                0x0000000008003108                USART6_IRQHandler
                0x0000000008003108                DMA2_Stream0_IRQHandler
                0x0000000008003108                TIM4_IRQHandler
                0x0000000008003108                I2C1_EV_IRQHandler
                0x0000000008003108                DMA1_Stream6_IRQHandler
                0x0000000008003108                DMA1_Stream1_IRQHandler
                0x0000000008003108                TIM3_IRQHandler
                0x0000000008003108                RCC_IRQHandler
                0x0000000008003108                Default_Handler
                0x0000000008003108                ADC_IRQHandler
                0x0000000008003108                DMA1_Stream7_IRQHandler
                0x0000000008003108                SPI5_IRQHandler
                0x0000000008003108                TIM5_IRQHandler
                0x0000000008003108                DMA2_Stream7_IRQHandler
                0x0000000008003108                I2C3_EV_IRQHandler
                0x0000000008003108                RTC_WKUP_IRQHandler
                0x0000000008003108                SPI2_IRQHandler
                0x0000000008003108                DMA1_Stream0_IRQHandler
                0x0000000008003108                WWDG_IRQHandler
                0x0000000008003108                TIM2_IRQHandler
                0x0000000008003108                OTG_FS_WKUP_IRQHandler
                0x0000000008003108                TIM1_TRG_COM_TIM11_IRQHandler
                0x0000000008003108                USART2_IRQHandler
                0x0000000008003108                I2C2_ER_IRQHandler
                0x0000000008003108                DMA2_Stream1_IRQHandler
                0x0000000008003108                FLASH_IRQHandler
                0x0000000008003108                DMA2_Stream4_IRQHandler
                0x0000000008003108                USART1_IRQHandler
                0x0000000008003108                OTG_FS_IRQHandler
                0x0000000008003108                SPI3_IRQHandler
                0x0000000008003108                DMA1_Stream4_IRQHandler
                0x0000000008003108                I2C1_ER_IRQHandler
                0x0000000008003108                DMA2_Stream6_IRQHandler
                0x0000000008003108                DMA1_Stream3_IRQHandler
 *fill*         0x000000000800310a        0x2 
 .text.HAL_InitTick
                0x000000000800310c       0x48 Drivers/STM32F4xx_HAL_Driver/Src/stm32f4xx_hal.o
                0x000000000800310c                HAL_InitTick
 .text.HAL_Init
                0x0000000008003154       0x34 Drivers/STM32F4xx_HAL_Driver/Src/stm32f4xx_hal.o
                0x0000000008003154                HAL_Init
 .text.HAL_IncTick
                0x0000000008003188       0x18 Drivers/STM32F4xx_HAL_Driver/Src/stm32f4xx_hal.o
                0x0000000008003188                HAL_IncTick
 .text.HAL_GetTick
                0x00000000080031a0        0xc Drivers/STM32F4xx_HAL_Driver/Src/stm32f4xx_hal.o
                0x00000000080031a0                HAL_GetTick
 .text.HAL_NVIC_SetPriorityGrouping
                0x00000000080031ac       0x24 Drivers/STM32F4xx_HAL_Driver/Src/stm32f4xx_hal_cortex.o
                0x00000000080031ac                HAL_NVIC_SetPriorityGrouping
 .text.HAL_NVIC_SetPriority
                0x00000000080031d0       0x68 Drivers/STM32F4xx_HAL_Driver/Src/stm32f4xx_hal_cortex.o
                0x00000000080031d0                HAL_NVIC_SetPriority
 .text.HAL_NVIC_EnableIRQ
                0x0000000008003238       0x1c Drivers/STM32F4xx_HAL_Driver/Src/stm32f4xx_hal_cortex.o
                0x0000000008003238                HAL_NVIC_EnableIRQ
 .text.HAL_SYSTICK_Config
                0x0000000008003254       0x2c Drivers/STM32F4xx_HAL_Driver/Src/stm32f4xx_hal_cortex.o
                0x0000000008003254                HAL_SYSTICK_Config
 .text.HAL_GPIO_Init
                0x0000000008003280      0x19c Drivers/STM32F4xx_HAL_Driver/Src/stm32f4xx_hal_gpio.o
                0x0000000008003280                HAL_GPIO_Init
 .text.HAL_GPIO_WritePin
                0x000000000800341c        0xa Drivers/STM32F4xx_HAL_Driver/Src/stm32f4xx_hal_gpio.o
                0x000000000800341c                HAL_GPIO_WritePin
 *fill*         0x0000000008003426        0x2 
 .text.HAL_GPIO_EXTI_IRQHandler
                0x0000000008003428       0x18 Drivers/STM32F4xx_HAL_Driver/Src/stm32f4xx_hal_gpio.o
                0x0000000008003428                HAL_GPIO_EXTI_IRQHandler
 .text.HAL_RCC_OscConfig
                0x0000000008003440      0x34c Drivers/STM32F4xx_HAL_Driver/Src/stm32f4xx_hal_rcc.o
                0x0000000008003440                HAL_RCC_OscConfig
 .text.HAL_RCC_GetSysClockFreq
                0x000000000800378c       0x5c Drivers/STM32F4xx_HAL_Driver/Src/stm32f4xx_hal_rcc.o
                0x000000000800378c                HAL_RCC_GetSysClockFreq
 .text.HAL_RCC_ClockConfig
                0x00000000080037e8      0x134 Drivers/STM32F4xx_HAL_Driver/Src/stm32f4xx_hal_rcc.o
                0x00000000080037e8                HAL_RCC_ClockConfig
 .text.HAL_RCCEx_PeriphCLKConfig
                0x000000000800391c      0x140 Drivers/STM32F4xx_HAL_Driver/Src/stm32f4xx_hal_rcc_ex.o
                0x000000000800391c                HAL_RCCEx_PeriphCLKConfig
 .text.HAL_RTC_DeactivateAlarm
                0x0000000008003a5c       0x9a Drivers/STM32F4xx_HAL_Driver/Src/stm32f4xx_hal_rtc.o
                0x0000000008003a5c                HAL_RTC_DeactivateAlarm
 .text.HAL_RTC_WaitForSynchro
                0x0000000008003af6       0x30 Drivers/STM32F4xx_HAL_Driver/Src/stm32f4xx_hal_rtc.o
                0x0000000008003af6                HAL_RTC_WaitForSynchro
 .text.RTC_EnterInitMode
                0x0000000008003b26       0x34 Drivers/STM32F4xx_HAL_Driver/Src/stm32f4xx_hal_rtc.o
                0x0000000008003b26                RTC_EnterInitMode
 .text.HAL_RTC_Init
                0x0000000008003b5a       0x9c Drivers/STM32F4xx_HAL_Driver/Src/stm32f4xx_hal_rtc.o
                0x0000000008003b5a                HAL_RTC_Init
 .text.RTC_ByteToBcd2
                0x0000000008003bf6       0x16 Drivers/STM32F4xx_HAL_Driver/Src/stm32f4xx_hal_rtc.o
                0x0000000008003bf6                RTC_ByteToBcd2
 .text.HAL_RTC_SetTime
                0x0000000008003c0c       0xe2 Drivers/STM32F4xx_HAL_Driver/Src/stm32f4xx_hal_rtc.o
                0x0000000008003c0c                HAL_RTC_SetTime
 .text.HAL_RTC_SetDate
                0x0000000008003cee       0xba Drivers/STM32F4xx_HAL_Driver/Src/stm32f4xx_hal_rtc.o
                0x0000000008003cee                HAL_RTC_SetDate
 .text.HAL_RTC_SetAlarm_IT
                0x0000000008003da8      0x15c Drivers/STM32F4xx_HAL_Driver/Src/stm32f4xx_hal_rtc.o
                0x0000000008003da8                HAL_RTC_SetAlarm_IT
 .text.RTC_Bcd2ToByte
                0x0000000008003f04       0x12 Drivers/STM32F4xx_HAL_Driver/Src/stm32f4xx_hal_rtc.o
                0x0000000008003f04                RTC_Bcd2ToByte
 .text.HAL_RTC_GetTime
                0x0000000008003f16       0x4e Drivers/STM32F4xx_HAL_Driver/Src/stm32f4xx_hal_rtc.o
                0x0000000008003f16                HAL_RTC_GetTime
 .text.HAL_RTC_GetDate
                0x0000000008003f64       0x3e Drivers/STM32F4xx_HAL_Driver/Src/stm32f4xx_hal_rtc.o
                0x0000000008003f64                HAL_RTC_GetDate
 .text.HAL_RTCEx_EnableBypassShadow
                0x0000000008003fa2       0x2e Drivers/STM32F4xx_HAL_Driver/Src/stm32f4xx_hal_rtc_ex.o
                0x0000000008003fa2                HAL_RTCEx_EnableBypassShadow
 .text.SPI_WaitFlagStateUntilTimeout.constprop.7
                0x0000000008003fd0       0x76 Drivers/STM32F4xx_HAL_Driver/Src/stm32f4xx_hal_spi.o
 *fill*         0x0000000008004046        0x2 
 .text.SPI_EndRxTxTransaction
                0x0000000008004048       0x58 Drivers/STM32F4xx_HAL_Driver/Src/stm32f4xx_hal_spi.o
 .text.HAL_SPI_Init
                0x00000000080040a0       0x7a Drivers/STM32F4xx_HAL_Driver/Src/stm32f4xx_hal_spi.o
                0x00000000080040a0                HAL_SPI_Init
 .text.HAL_SPI_TransmitReceive
                0x000000000800411a      0x1e0 Drivers/STM32F4xx_HAL_Driver/Src/stm32f4xx_hal_spi.o
                0x000000000800411a                HAL_SPI_TransmitReceive
 *fill*         0x00000000080042fa        0x2 
 .text.__libc_init_array
                0x00000000080042fc       0x48 c:/st/stm32cubeide_1.5.0/stm32cubeide/plugins/com.st.stm32cube.ide.mcu.externaltools.gnu-tools-for-stm32.7-2018-q2-update.win32_1.5.0.202011040924/tools/bin/../lib/gcc/arm-none-eabi/7.3.1/../../../../arm-none-eabi/lib/thumb/v7e-m/fpv4-sp/hard\libc_nano.a(lib_a-init.o)
                0x00000000080042fc                __libc_init_array
 .text.memcpy   0x0000000008004344       0x16 c:/st/stm32cubeide_1.5.0/stm32cubeide/plugins/com.st.stm32cube.ide.mcu.externaltools.gnu-tools-for-stm32.7-2018-q2-update.win32_1.5.0.202011040924/tools/bin/../lib/gcc/arm-none-eabi/7.3.1/../../../../arm-none-eabi/lib/thumb/v7e-m/fpv4-sp/hard\libc_nano.a(lib_a-memcpy-stub.o)
                0x0000000008004344                memcpy
 .text.memset   0x000000000800435a       0x10 c:/st/stm32cubeide_1.5.0/stm32cubeide/plugins/com.st.stm32cube.ide.mcu.externaltools.gnu-tools-for-stm32.7-2018-q2-update.win32_1.5.0.202011040924/tools/bin/../lib/gcc/arm-none-eabi/7.3.1/../../../../arm-none-eabi/lib/thumb/v7e-m/fpv4-sp/hard\libc_nano.a(lib_a-memset.o)
                0x000000000800435a                memset
 *fill*         0x000000000800436a        0x6 
 .text.ceil     0x0000000008004370      0x100 c:/st/stm32cubeide_1.5.0/stm32cubeide/plugins/com.st.stm32cube.ide.mcu.externaltools.gnu-tools-for-stm32.7-2018-q2-update.win32_1.5.0.202011040924/tools/bin/../lib/gcc/arm-none-eabi/7.3.1/../../../../arm-none-eabi/lib/thumb/v7e-m/fpv4-sp/hard\libm.a(lib_a-s_ceil.o)
                0x0000000008004370                ceil
 .text.floor    0x0000000008004470      0x108 c:/st/stm32cubeide_1.5.0/stm32cubeide/plugins/com.st.stm32cube.ide.mcu.externaltools.gnu-tools-for-stm32.7-2018-q2-update.win32_1.5.0.202011040924/tools/bin/../lib/gcc/arm-none-eabi/7.3.1/../../../../arm-none-eabi/lib/thumb/v7e-m/fpv4-sp/hard\libm.a(lib_a-s_floor.o)
                0x0000000008004470                floor
 .text.round    0x0000000008004578       0x94 c:/st/stm32cubeide_1.5.0/stm32cubeide/plugins/com.st.stm32cube.ide.mcu.externaltools.gnu-tools-for-stm32.7-2018-q2-update.win32_1.5.0.202011040924/tools/bin/../lib/gcc/arm-none-eabi/7.3.1/../../../../arm-none-eabi/lib/thumb/v7e-m/fpv4-sp/hard\libm.a(lib_a-s_round.o)
                0x0000000008004578                round
 *(.glue_7)
 .glue_7        0x000000000800460c        0x0 linker stubs
 *(.glue_7t)
 .glue_7t       0x000000000800460c        0x0 linker stubs
 *(.eh_frame)
 .eh_frame      0x000000000800460c        0x0 c:/st/stm32cubeide_1.5.0/stm32cubeide/plugins/com.st.stm32cube.ide.mcu.externaltools.gnu-tools-for-stm32.7-2018-q2-update.win32_1.5.0.202011040924/tools/bin/../lib/gcc/arm-none-eabi/7.3.1/thumb/v7e-m/fpv4-sp/hard/crtbegin.o
 *(.init)
 .init          0x000000000800460c        0x4 c:/st/stm32cubeide_1.5.0/stm32cubeide/plugins/com.st.stm32cube.ide.mcu.externaltools.gnu-tools-for-stm32.7-2018-q2-update.win32_1.5.0.202011040924/tools/bin/../lib/gcc/arm-none-eabi/7.3.1/thumb/v7e-m/fpv4-sp/hard/crti.o
                0x000000000800460c                _init
 .init          0x0000000008004610        0x8 c:/st/stm32cubeide_1.5.0/stm32cubeide/plugins/com.st.stm32cube.ide.mcu.externaltools.gnu-tools-for-stm32.7-2018-q2-update.win32_1.5.0.202011040924/tools/bin/../lib/gcc/arm-none-eabi/7.3.1/thumb/v7e-m/fpv4-sp/hard/crtn.o
 *(.fini)
 .fini          0x0000000008004618        0x4 c:/st/stm32cubeide_1.5.0/stm32cubeide/plugins/com.st.stm32cube.ide.mcu.externaltools.gnu-tools-for-stm32.7-2018-q2-update.win32_1.5.0.202011040924/tools/bin/../lib/gcc/arm-none-eabi/7.3.1/thumb/v7e-m/fpv4-sp/hard/crti.o
                0x0000000008004618                _fini
 .fini          0x000000000800461c        0x8 c:/st/stm32cubeide_1.5.0/stm32cubeide/plugins/com.st.stm32cube.ide.mcu.externaltools.gnu-tools-for-stm32.7-2018-q2-update.win32_1.5.0.202011040924/tools/bin/../lib/gcc/arm-none-eabi/7.3.1/thumb/v7e-m/fpv4-sp/hard/crtn.o
                0x0000000008004624                . = ALIGN (0x4)
                0x0000000008004624                _etext = .

.vfp11_veneer   0x0000000008004624        0x0
 .vfp11_veneer  0x0000000008004624        0x0 linker stubs

.v4_bx          0x0000000008004624        0x0
 .v4_bx         0x0000000008004624        0x0 linker stubs

.iplt           0x0000000008004624        0x0
 .iplt          0x0000000008004624        0x0 c:/st/stm32cubeide_1.5.0/stm32cubeide/plugins/com.st.stm32cube.ide.mcu.externaltools.gnu-tools-for-stm32.7-2018-q2-update.win32_1.5.0.202011040924/tools/bin/../lib/gcc/arm-none-eabi/7.3.1/thumb/v7e-m/fpv4-sp/hard/crtbegin.o

.rodata         0x0000000008004628      0x1a4
                0x0000000008004628                . = ALIGN (0x4)
 *(.rodata)
 *(.rodata*)
 .rodata.CSWTCH.83
                0x0000000008004628       0x18 Core/Lora/Phy/sx1272/sx1272.o
 .rodata.FskBandwidths
                0x0000000008004640       0xb0 Core/Lora/Phy/sx1272/sx1272.o
                0x0000000008004640                FskBandwidths
 .rodata.RadioRegsInit
                0x00000000080046f0       0x33 Core/Lora/Phy/sx1272/sx1272.o
                0x00000000080046f0                RadioRegsInit
 .rodata.DaysInMonth
                0x0000000008004723        0xc Core/Src/hw_rtc.o
 .rodata.DaysInMonthLeapYear
                0x000000000800472f        0xc Core/Src/hw_rtc.o
 *fill*         0x000000000800473b        0x1 
 .rodata.Radio  0x000000000800473c       0x64 Core/Src/lora_init.o
                0x000000000800473c                Radio
 .rodata.main.str1.1
                0x00000000080047a0       0x1c Core/Src/main.o
 .rodata.AHBPrescTable
                0x00000000080047bc       0x10 Core/Src/system_stm32f4xx.o
                0x00000000080047bc                AHBPrescTable
                0x00000000080047cc                . = ALIGN (0x4)

.ARM.extab      0x00000000080047cc        0x0
                0x00000000080047cc                . = ALIGN (0x4)
 *(.ARM.extab* .gnu.linkonce.armextab.*)
                0x00000000080047cc                . = ALIGN (0x4)

.ARM            0x00000000080047cc        0x8
                0x00000000080047cc                . = ALIGN (0x4)
                0x00000000080047cc                __exidx_start = .
 *(.ARM.exidx*)
 .ARM.exidx     0x00000000080047cc        0x8 c:/st/stm32cubeide_1.5.0/stm32cubeide/plugins/com.st.stm32cube.ide.mcu.externaltools.gnu-tools-for-stm32.7-2018-q2-update.win32_1.5.0.202011040924/tools/bin/../lib/gcc/arm-none-eabi/7.3.1/thumb/v7e-m/fpv4-sp/hard\libgcc.a(_udivmoddi4.o)
                0x00000000080047d4                __exidx_end = .
                0x00000000080047d4                . = ALIGN (0x4)

.rel.dyn        0x00000000080047d4        0x0
 .rel.iplt      0x00000000080047d4        0x0 c:/st/stm32cubeide_1.5.0/stm32cubeide/plugins/com.st.stm32cube.ide.mcu.externaltools.gnu-tools-for-stm32.7-2018-q2-update.win32_1.5.0.202011040924/tools/bin/../lib/gcc/arm-none-eabi/7.3.1/thumb/v7e-m/fpv4-sp/hard/crtbegin.o

.preinit_array  0x00000000080047d4        0x0
                0x00000000080047d4                . = ALIGN (0x4)
                0x00000000080047d4                PROVIDE (__preinit_array_start = .)
 *(.preinit_array*)
                0x00000000080047d4                PROVIDE (__preinit_array_end = .)
                0x00000000080047d4                . = ALIGN (0x4)

.init_array     0x00000000080047d4        0x4
                0x00000000080047d4                . = ALIGN (0x4)
                0x00000000080047d4                PROVIDE (__init_array_start = .)
 *(SORT_BY_NAME(.init_array.*))
 *(.init_array*)
 .init_array    0x00000000080047d4        0x4 c:/st/stm32cubeide_1.5.0/stm32cubeide/plugins/com.st.stm32cube.ide.mcu.externaltools.gnu-tools-for-stm32.7-2018-q2-update.win32_1.5.0.202011040924/tools/bin/../lib/gcc/arm-none-eabi/7.3.1/thumb/v7e-m/fpv4-sp/hard/crtbegin.o
                0x00000000080047d8                PROVIDE (__init_array_end = .)
                0x00000000080047d8                . = ALIGN (0x4)

.fini_array     0x00000000080047d8        0x4
                0x00000000080047d8                . = ALIGN (0x4)
                [!provide]                        PROVIDE (__fini_array_start = .)
 *(SORT_BY_NAME(.fini_array.*))
 *(.fini_array*)
 .fini_array    0x00000000080047d8        0x4 c:/st/stm32cubeide_1.5.0/stm32cubeide/plugins/com.st.stm32cube.ide.mcu.externaltools.gnu-tools-for-stm32.7-2018-q2-update.win32_1.5.0.202011040924/tools/bin/../lib/gcc/arm-none-eabi/7.3.1/thumb/v7e-m/fpv4-sp/hard/crtbegin.o
                [!provide]                        PROVIDE (__fini_array_end = .)
                0x00000000080047dc                . = ALIGN (0x4)
                0x00000000080047dc                _sidata = LOADADDR (.data)

.data           0x0000000020000000       0x40 load address 0x00000000080047dc
                0x0000000020000000                . = ALIGN (0x4)
                0x0000000020000000                _sdata = .
 *(.data)
 *(.data*)
 .data.DioIrq   0x0000000020000000       0x18 Core/Lora/Phy/sx1272/sx1272.o
                0x0000000020000000                DioIrq
 .data.BoardCallbacks
                0x0000000020000018       0x18 Core/Src/lora_init.o
 .data.BufferSize
                0x0000000020000030        0x2 Core/Src/main.o
                0x0000000020000030                BufferSize
 *fill*         0x0000000020000032        0x2 
 .data.SystemCoreClock
                0x0000000020000034        0x4 Core/Src/system_stm32f4xx.o
                0x0000000020000034                SystemCoreClock
 .data.uwTickFreq
                0x0000000020000038        0x1 Drivers/STM32F4xx_HAL_Driver/Src/stm32f4xx_hal.o
                0x0000000020000038                uwTickFreq
 *fill*         0x0000000020000039        0x3 
 .data.uwTickPrio
                0x000000002000003c        0x4 Drivers/STM32F4xx_HAL_Driver/Src/stm32f4xx_hal.o
                0x000000002000003c                uwTickPrio
 *(.RamFunc)
 *(.RamFunc*)
                0x0000000020000040                . = ALIGN (0x4)
                0x0000000020000040                _edata = .

.igot.plt       0x0000000020000040        0x0 load address 0x000000000800481c
 .igot.plt      0x0000000020000040        0x0 c:/st/stm32cubeide_1.5.0/stm32cubeide/plugins/com.st.stm32cube.ide.mcu.externaltools.gnu-tools-for-stm32.7-2018-q2-update.win32_1.5.0.202011040924/tools/bin/../lib/gcc/arm-none-eabi/7.3.1/thumb/v7e-m/fpv4-sp/hard/crtbegin.o
                0x0000000020000040                . = ALIGN (0x4)

.bss            0x0000000020000040      0x540 load address 0x000000000800481c
                0x0000000020000040                _sbss = .
                0x0000000020000040                __bss_start__ = _sbss
 *(.bss)
 .bss           0x0000000020000040       0x1c c:/st/stm32cubeide_1.5.0/stm32cubeide/plugins/com.st.stm32cube.ide.mcu.externaltools.gnu-tools-for-stm32.7-2018-q2-update.win32_1.5.0.202011040924/tools/bin/../lib/gcc/arm-none-eabi/7.3.1/thumb/v7e-m/fpv4-sp/hard/crtbegin.o
 *(.bss*)
 .bss.LoRaBoardCallbacks
                0x000000002000005c        0x4 Core/Lora/Phy/sx1272/sx1272.o
 .bss.RadioEvents
                0x0000000020000060        0x4 Core/Lora/Phy/sx1272/sx1272.o
 .bss.RxTxBuffer
                0x0000000020000064      0x100 Core/Lora/Phy/sx1272/sx1272.o
 .bss.OffModeDisable
                0x0000000020000164        0x4 Core/Lora/Utilities/low_power.o
 .bss.StopModeDisable
                0x0000000020000168        0x4 Core/Lora/Utilities/low_power.o
 .bss.TimerListHead
                0x000000002000016c        0x4 Core/Lora/Utilities/timeServer.o
 .bss.GpioIrq   0x0000000020000170       0x40 Core/Src/hw_gpio.o
 .bss.HW_RTC_Initalized
                0x00000000200001b0        0x1 Core/Src/hw_rtc.o
 *fill*         0x00000000200001b1        0x1 
 .bss.McuWakeUpTimeCal
                0x00000000200001b2        0x2 Core/Src/hw_rtc.o
 .bss.RTC_AlarmStructure
                0x00000000200001b4       0x28 Core/Src/hw_rtc.o
 .bss.RtcTimerContext
                0x00000000200001dc       0x1c Core/Src/hw_rtc.o
 .bss.RadioEvents
                0x00000000200001f8       0x1c Core/Src/main.o
 .bss.RssiValue
                0x0000000020000214        0x1 Core/Src/main.o
                0x0000000020000214                RssiValue
 .bss.SnrValue  0x0000000020000215        0x1 Core/Src/main.o
                0x0000000020000215                SnrValue
 .bss.State     0x0000000020000216        0x1 Core/Src/main.o
                0x0000000020000216                State
 *(COMMON)
 *fill*         0x0000000020000217        0x1 
 COMMON         0x0000000020000218       0xb0 Core/Lora/Phy/sx1272/sx1272.o
                0x0000000020000218                SX1272
                0x0000000020000280                TxTimeoutTimer
                0x0000000020000298                RxTimeoutSyncWord
                0x00000000200002b0                RxTimeoutTimer
 COMMON         0x00000000200002c8       0x20 Core/Src/hw_rtc.o
                0x00000000200002c8                RtcHandle
 COMMON         0x00000000200002e8       0x58 Core/Src/hw_spi.o
                0x00000000200002e8                hspi
 COMMON         0x0000000020000340      0x23a Core/Src/main.o
                0x0000000020000340                info
                0x000000002000034c                hspi2
                0x00000000200003a4                buff
                0x00000000200003a9                misDat
                0x0000000020000440                hspi4
                0x0000000020000498                aRxBuffer
                0x00000000200004d8                Buffer
                0x0000000020000518                hspi1
                0x0000000020000570                BufferSPI
 *fill*         0x000000002000057a        0x2 
 COMMON         0x000000002000057c        0x4 Drivers/STM32F4xx_HAL_Driver/Src/stm32f4xx_hal.o
                0x000000002000057c                uwTick
                0x0000000020000580                . = ALIGN (0x4)
                0x0000000020000580                _ebss = .
                0x0000000020000580                __bss_end__ = _ebss

._user_heap_stack
                0x0000000020000580      0x600 load address 0x000000000800481c
                0x0000000020000580                . = ALIGN (0x8)
                [!provide]                        PROVIDE (end = .)
                0x0000000020000580                PROVIDE (_end = .)
                0x0000000020000780                . = (. + _Min_Heap_Size)
 *fill*         0x0000000020000580      0x200 
                0x0000000020000b80                . = (. + _Min_Stack_Size)
 *fill*         0x0000000020000780      0x400 
                0x0000000020000b80                . = ALIGN (0x8)

/DISCARD/
 libc.a(*)
 libm.a(*)
 libgcc.a(*)

.ARM.attributes
                0x0000000000000000       0x30
 *(.ARM.attributes)
 .ARM.attributes
                0x0000000000000000       0x22 c:/st/stm32cubeide_1.5.0/stm32cubeide/plugins/com.st.stm32cube.ide.mcu.externaltools.gnu-tools-for-stm32.7-2018-q2-update.win32_1.5.0.202011040924/tools/bin/../lib/gcc/arm-none-eabi/7.3.1/thumb/v7e-m/fpv4-sp/hard/crti.o
 .ARM.attributes
                0x0000000000000022       0x34 c:/st/stm32cubeide_1.5.0/stm32cubeide/plugins/com.st.stm32cube.ide.mcu.externaltools.gnu-tools-for-stm32.7-2018-q2-update.win32_1.5.0.202011040924/tools/bin/../lib/gcc/arm-none-eabi/7.3.1/thumb/v7e-m/fpv4-sp/hard/crtbegin.o
 .ARM.attributes
                0x0000000000000056       0x39 Core/Lora/Phy/sx1272/sx1272.o
 .ARM.attributes
                0x000000000000008f       0x39 Core/Lora/Utilities/delay.o
 .ARM.attributes
                0x00000000000000c8       0x39 Core/Lora/Utilities/low_power.o
 .ARM.attributes
                0x0000000000000101       0x39 Core/Lora/Utilities/timeServer.o
 .ARM.attributes
                0x000000000000013a       0x39 Core/Lora/Utilities/utilities.o
 .ARM.attributes
                0x0000000000000173       0x39 Core/Src/debug.o
 .ARM.attributes
                0x00000000000001ac       0x39 Core/Src/hw_gpio.o
 .ARM.attributes
                0x00000000000001e5       0x39 Core/Src/hw_rtc.o
 .ARM.attributes
                0x000000000000021e       0x39 Core/Src/hw_spi.o
 .ARM.attributes
                0x0000000000000257       0x39 Core/Src/lora_init.o
 .ARM.attributes
                0x0000000000000290       0x39 Core/Src/main.o
 .ARM.attributes
                0x00000000000002c9       0x39 Core/Src/stm32f4xx_hal_msp.o
 .ARM.attributes
                0x0000000000000302       0x39 Core/Src/stm32f4xx_it.o
 .ARM.attributes
                0x000000000000033b       0x39 Core/Src/system_stm32f4xx.o
 .ARM.attributes
                0x0000000000000374       0x21 Core/Startup/startup_stm32f411vctx.o
 .ARM.attributes
                0x0000000000000395       0x39 Drivers/STM32F4xx_HAL_Driver/Src/stm32f4xx_hal.o
 .ARM.attributes
                0x00000000000003ce       0x39 Drivers/STM32F4xx_HAL_Driver/Src/stm32f4xx_hal_cortex.o
 .ARM.attributes
                0x0000000000000407       0x39 Drivers/STM32F4xx_HAL_Driver/Src/stm32f4xx_hal_gpio.o
 .ARM.attributes
                0x0000000000000440       0x39 Drivers/STM32F4xx_HAL_Driver/Src/stm32f4xx_hal_rcc.o
 .ARM.attributes
                0x0000000000000479       0x39 Drivers/STM32F4xx_HAL_Driver/Src/stm32f4xx_hal_rcc_ex.o
 .ARM.attributes
                0x00000000000004b2       0x39 Drivers/STM32F4xx_HAL_Driver/Src/stm32f4xx_hal_rtc.o
 .ARM.attributes
                0x00000000000004eb       0x39 Drivers/STM32F4xx_HAL_Driver/Src/stm32f4xx_hal_rtc_ex.o
 .ARM.attributes
                0x0000000000000524       0x39 Drivers/STM32F4xx_HAL_Driver/Src/stm32f4xx_hal_spi.o
 .ARM.attributes
                0x000000000000055d       0x34 c:/st/stm32cubeide_1.5.0/stm32cubeide/plugins/com.st.stm32cube.ide.mcu.externaltools.gnu-tools-for-stm32.7-2018-q2-update.win32_1.5.0.202011040924/tools/bin/../lib/gcc/arm-none-eabi/7.3.1/../../../../arm-none-eabi/lib/thumb/v7e-m/fpv4-sp/hard\libc_nano.a(lib_a-init.o)
 .ARM.attributes
                0x0000000000000591       0x34 c:/st/stm32cubeide_1.5.0/stm32cubeide/plugins/com.st.stm32cube.ide.mcu.externaltools.gnu-tools-for-stm32.7-2018-q2-update.win32_1.5.0.202011040924/tools/bin/../lib/gcc/arm-none-eabi/7.3.1/../../../../arm-none-eabi/lib/thumb/v7e-m/fpv4-sp/hard\libc_nano.a(lib_a-memcpy-stub.o)
 .ARM.attributes
                0x00000000000005c5       0x34 c:/st/stm32cubeide_1.5.0/stm32cubeide/plugins/com.st.stm32cube.ide.mcu.externaltools.gnu-tools-for-stm32.7-2018-q2-update.win32_1.5.0.202011040924/tools/bin/../lib/gcc/arm-none-eabi/7.3.1/../../../../arm-none-eabi/lib/thumb/v7e-m/fpv4-sp/hard\libc_nano.a(lib_a-memset.o)
 .ARM.attributes
                0x00000000000005f9       0x34 c:/st/stm32cubeide_1.5.0/stm32cubeide/plugins/com.st.stm32cube.ide.mcu.externaltools.gnu-tools-for-stm32.7-2018-q2-update.win32_1.5.0.202011040924/tools/bin/../lib/gcc/arm-none-eabi/7.3.1/../../../../arm-none-eabi/lib/thumb/v7e-m/fpv4-sp/hard\libm.a(lib_a-s_ceil.o)
 .ARM.attributes
                0x000000000000062d       0x34 c:/st/stm32cubeide_1.5.0/stm32cubeide/plugins/com.st.stm32cube.ide.mcu.externaltools.gnu-tools-for-stm32.7-2018-q2-update.win32_1.5.0.202011040924/tools/bin/../lib/gcc/arm-none-eabi/7.3.1/../../../../arm-none-eabi/lib/thumb/v7e-m/fpv4-sp/hard\libm.a(lib_a-s_floor.o)
 .ARM.attributes
                0x0000000000000661       0x34 c:/st/stm32cubeide_1.5.0/stm32cubeide/plugins/com.st.stm32cube.ide.mcu.externaltools.gnu-tools-for-stm32.7-2018-q2-update.win32_1.5.0.202011040924/tools/bin/../lib/gcc/arm-none-eabi/7.3.1/../../../../arm-none-eabi/lib/thumb/v7e-m/fpv4-sp/hard\libm.a(lib_a-s_round.o)
 .ARM.attributes
                0x0000000000000695       0x22 c:/st/stm32cubeide_1.5.0/stm32cubeide/plugins/com.st.stm32cube.ide.mcu.externaltools.gnu-tools-for-stm32.7-2018-q2-update.win32_1.5.0.202011040924/tools/bin/../lib/gcc/arm-none-eabi/7.3.1/thumb/v7e-m/fpv4-sp/hard\libgcc.a(_arm_addsubdf3.o)
 .ARM.attributes
                0x00000000000006b7       0x22 c:/st/stm32cubeide_1.5.0/stm32cubeide/plugins/com.st.stm32cube.ide.mcu.externaltools.gnu-tools-for-stm32.7-2018-q2-update.win32_1.5.0.202011040924/tools/bin/../lib/gcc/arm-none-eabi/7.3.1/thumb/v7e-m/fpv4-sp/hard\libgcc.a(_arm_muldivdf3.o)
 .ARM.attributes
                0x00000000000006d9       0x22 c:/st/stm32cubeide_1.5.0/stm32cubeide/plugins/com.st.stm32cube.ide.mcu.externaltools.gnu-tools-for-stm32.7-2018-q2-update.win32_1.5.0.202011040924/tools/bin/../lib/gcc/arm-none-eabi/7.3.1/thumb/v7e-m/fpv4-sp/hard\libgcc.a(_arm_cmpdf2.o)
 .ARM.attributes
                0x00000000000006fb       0x22 c:/st/stm32cubeide_1.5.0/stm32cubeide/plugins/com.st.stm32cube.ide.mcu.externaltools.gnu-tools-for-stm32.7-2018-q2-update.win32_1.5.0.202011040924/tools/bin/../lib/gcc/arm-none-eabi/7.3.1/thumb/v7e-m/fpv4-sp/hard\libgcc.a(_arm_fixunsdfsi.o)
 .ARM.attributes
                0x000000000000071d       0x22 c:/st/stm32cubeide_1.5.0/stm32cubeide/plugins/com.st.stm32cube.ide.mcu.externaltools.gnu-tools-for-stm32.7-2018-q2-update.win32_1.5.0.202011040924/tools/bin/../lib/gcc/arm-none-eabi/7.3.1/thumb/v7e-m/fpv4-sp/hard\libgcc.a(_aeabi_uldivmod.o)
 .ARM.attributes
                0x000000000000073f       0x34 c:/st/stm32cubeide_1.5.0/stm32cubeide/plugins/com.st.stm32cube.ide.mcu.externaltools.gnu-tools-for-stm32.7-2018-q2-update.win32_1.5.0.202011040924/tools/bin/../lib/gcc/arm-none-eabi/7.3.1/thumb/v7e-m/fpv4-sp/hard\libgcc.a(_udivmoddi4.o)
 .ARM.attributes
                0x0000000000000773       0x22 c:/st/stm32cubeide_1.5.0/stm32cubeide/plugins/com.st.stm32cube.ide.mcu.externaltools.gnu-tools-for-stm32.7-2018-q2-update.win32_1.5.0.202011040924/tools/bin/../lib/gcc/arm-none-eabi/7.3.1/thumb/v7e-m/fpv4-sp/hard\libgcc.a(_dvmd_tls.o)
 .ARM.attributes
                0x0000000000000795       0x22 c:/st/stm32cubeide_1.5.0/stm32cubeide/plugins/com.st.stm32cube.ide.mcu.externaltools.gnu-tools-for-stm32.7-2018-q2-update.win32_1.5.0.202011040924/tools/bin/../lib/gcc/arm-none-eabi/7.3.1/thumb/v7e-m/fpv4-sp/hard/crtn.o
OUTPUT(RDMv6_LoRa_2.elf elf32-littlearm)

.comment        0x0000000000000000       0x7b
 .comment       0x0000000000000000       0x7b Core/Lora/Phy/sx1272/sx1272.o
                                         0x7c (size before relaxing)
 .comment       0x000000000000007b       0x7c Core/Lora/Utilities/delay.o
 .comment       0x000000000000007b       0x7c Core/Lora/Utilities/low_power.o
 .comment       0x000000000000007b       0x7c Core/Lora/Utilities/timeServer.o
 .comment       0x000000000000007b       0x7c Core/Lora/Utilities/utilities.o
 .comment       0x000000000000007b       0x7c Core/Src/debug.o
 .comment       0x000000000000007b       0x7c Core/Src/hw_gpio.o
 .comment       0x000000000000007b       0x7c Core/Src/hw_rtc.o
 .comment       0x000000000000007b       0x7c Core/Src/hw_spi.o
 .comment       0x000000000000007b       0x7c Core/Src/lora_init.o
 .comment       0x000000000000007b       0x7c Core/Src/main.o
 .comment       0x000000000000007b       0x7c Core/Src/stm32f4xx_hal_msp.o
 .comment       0x000000000000007b       0x7c Core/Src/stm32f4xx_it.o
 .comment       0x000000000000007b       0x7c Core/Src/system_stm32f4xx.o
 .comment       0x000000000000007b       0x7c Drivers/STM32F4xx_HAL_Driver/Src/stm32f4xx_hal.o
 .comment       0x000000000000007b       0x7c Drivers/STM32F4xx_HAL_Driver/Src/stm32f4xx_hal_cortex.o
 .comment       0x000000000000007b       0x7c Drivers/STM32F4xx_HAL_Driver/Src/stm32f4xx_hal_gpio.o
 .comment       0x000000000000007b       0x7c Drivers/STM32F4xx_HAL_Driver/Src/stm32f4xx_hal_rcc.o
 .comment       0x000000000000007b       0x7c Drivers/STM32F4xx_HAL_Driver/Src/stm32f4xx_hal_rcc_ex.o
 .comment       0x000000000000007b       0x7c Drivers/STM32F4xx_HAL_Driver/Src/stm32f4xx_hal_rtc.o
 .comment       0x000000000000007b       0x7c Drivers/STM32F4xx_HAL_Driver/Src/stm32f4xx_hal_rtc_ex.o
 .comment       0x000000000000007b       0x7c Drivers/STM32F4xx_HAL_Driver/Src/stm32f4xx_hal_spi.o

.debug_frame    0x0000000000000000      0x348
 .debug_frame   0x0000000000000000       0x2c c:/st/stm32cubeide_1.5.0/stm32cubeide/plugins/com.st.stm32cube.ide.mcu.externaltools.gnu-tools-for-stm32.7-2018-q2-update.win32_1.5.0.202011040924/tools/bin/../lib/gcc/arm-none-eabi/7.3.1/../../../../arm-none-eabi/lib/thumb/v7e-m/fpv4-sp/hard\libc_nano.a(lib_a-init.o)
 .debug_frame   0x000000000000002c       0x28 c:/st/stm32cubeide_1.5.0/stm32cubeide/plugins/com.st.stm32cube.ide.mcu.externaltools.gnu-tools-for-stm32.7-2018-q2-update.win32_1.5.0.202011040924/tools/bin/../lib/gcc/arm-none-eabi/7.3.1/../../../../arm-none-eabi/lib/thumb/v7e-m/fpv4-sp/hard\libc_nano.a(lib_a-memcpy-stub.o)
 .debug_frame   0x0000000000000054       0x20 c:/st/stm32cubeide_1.5.0/stm32cubeide/plugins/com.st.stm32cube.ide.mcu.externaltools.gnu-tools-for-stm32.7-2018-q2-update.win32_1.5.0.202011040924/tools/bin/../lib/gcc/arm-none-eabi/7.3.1/../../../../arm-none-eabi/lib/thumb/v7e-m/fpv4-sp/hard\libc_nano.a(lib_a-memset.o)
 .debug_frame   0x0000000000000074       0x30 c:/st/stm32cubeide_1.5.0/stm32cubeide/plugins/com.st.stm32cube.ide.mcu.externaltools.gnu-tools-for-stm32.7-2018-q2-update.win32_1.5.0.202011040924/tools/bin/../lib/gcc/arm-none-eabi/7.3.1/../../../../arm-none-eabi/lib/thumb/v7e-m/fpv4-sp/hard\libm.a(lib_a-s_ceil.o)
 .debug_frame   0x00000000000000a4       0x30 c:/st/stm32cubeide_1.5.0/stm32cubeide/plugins/com.st.stm32cube.ide.mcu.externaltools.gnu-tools-for-stm32.7-2018-q2-update.win32_1.5.0.202011040924/tools/bin/../lib/gcc/arm-none-eabi/7.3.1/../../../../arm-none-eabi/lib/thumb/v7e-m/fpv4-sp/hard\libm.a(lib_a-s_floor.o)
 .debug_frame   0x00000000000000d4       0x30 c:/st/stm32cubeide_1.5.0/stm32cubeide/plugins/com.st.stm32cube.ide.mcu.externaltools.gnu-tools-for-stm32.7-2018-q2-update.win32_1.5.0.202011040924/tools/bin/../lib/gcc/arm-none-eabi/7.3.1/../../../../arm-none-eabi/lib/thumb/v7e-m/fpv4-sp/hard\libm.a(lib_a-s_round.o)
 .debug_frame   0x0000000000000104       0xac c:/st/stm32cubeide_1.5.0/stm32cubeide/plugins/com.st.stm32cube.ide.mcu.externaltools.gnu-tools-for-stm32.7-2018-q2-update.win32_1.5.0.202011040924/tools/bin/../lib/gcc/arm-none-eabi/7.3.1/thumb/v7e-m/fpv4-sp/hard\libgcc.a(_arm_addsubdf3.o)
 .debug_frame   0x00000000000001b0       0x50 c:/st/stm32cubeide_1.5.0/stm32cubeide/plugins/com.st.stm32cube.ide.mcu.externaltools.gnu-tools-for-stm32.7-2018-q2-update.win32_1.5.0.202011040924/tools/bin/../lib/gcc/arm-none-eabi/7.3.1/thumb/v7e-m/fpv4-sp/hard\libgcc.a(_arm_muldivdf3.o)
 .debug_frame   0x0000000000000200       0xc4 c:/st/stm32cubeide_1.5.0/stm32cubeide/plugins/com.st.stm32cube.ide.mcu.externaltools.gnu-tools-for-stm32.7-2018-q2-update.win32_1.5.0.202011040924/tools/bin/../lib/gcc/arm-none-eabi/7.3.1/thumb/v7e-m/fpv4-sp/hard\libgcc.a(_arm_cmpdf2.o)
 .debug_frame   0x00000000000002c4       0x24 c:/st/stm32cubeide_1.5.0/stm32cubeide/plugins/com.st.stm32cube.ide.mcu.externaltools.gnu-tools-for-stm32.7-2018-q2-update.win32_1.5.0.202011040924/tools/bin/../lib/gcc/arm-none-eabi/7.3.1/thumb/v7e-m/fpv4-sp/hard\libgcc.a(_arm_fixunsdfsi.o)
 .debug_frame   0x00000000000002e8       0x2c c:/st/stm32cubeide_1.5.0/stm32cubeide/plugins/com.st.stm32cube.ide.mcu.externaltools.gnu-tools-for-stm32.7-2018-q2-update.win32_1.5.0.202011040924/tools/bin/../lib/gcc/arm-none-eabi/7.3.1/thumb/v7e-m/fpv4-sp/hard\libgcc.a(_aeabi_uldivmod.o)
 .debug_frame   0x0000000000000314       0x34 c:/st/stm32cubeide_1.5.0/stm32cubeide/plugins/com.st.stm32cube.ide.mcu.externaltools.gnu-tools-for-stm32.7-2018-q2-update.win32_1.5.0.202011040924/tools/bin/../lib/gcc/arm-none-eabi/7.3.1/thumb/v7e-m/fpv4-sp/hard\libgcc.a(_udivmoddi4.o)
