stm32f4xx_it.c:70:6:NMI_Handler	4	static
stm32f4xx_it.c:76:6:HardFault_Handler	4	static
stm32f4xx_it.c:85:6:MemManage_Handler	4	static
stm32f4xx_it.c:95:6:BusFault_Handler	4	static
stm32f4xx_it.c:105:6:UsageFault_Handler	4	static
stm32f4xx_it.c:115:6:SVC_Handler	4	static
stm32f4xx_it.c:121:6:DebugMon_Handler	4	static
stm32f4xx_it.c:128:6:PendSV_Handler	4	static
stm32f4xx_it.c:134:6:SysTick_Handler	8	static
stm32f4xx_it.c:145:6:USART2_IRQHandler	8	static
stm32f4xx_it.c:149:6:RTC_IRQHandler	8	static
stm32f4xx_it.c:153:6:EXTI0_IRQHandler	8	static
stm32f4xx_it.c:158:6:EXTI1_IRQHandler	8	static
stm32f4xx_it.c:163:6:EXTI2_IRQHandler	8	static
stm32f4xx_it.c:168:6:EXTI3_IRQHandler	8	static
stm32f4xx_it.c:173:6:EXTI4_IRQHandler	8	static
stm32f4xx_it.c:179:6:EXTI9_5_IRQHandler	8	static
stm32f4xx_it.c:192:6:EXTI15_10_IRQHandler	8	static
