sx1272.c:237:6:SX1272BoardInit	16	static
sx1272.c:242:10:SX1272Init	24	static
sx1272.c:274:14:SX1272GetStatus	4	static
sx1272.c:279:6:SX1272SetChannel	32	static
sx1272.c:292:6:SX1272IsChannelFree	32	static
sx1272.c:328:10:SX1272Random	16	static
sx1272.c:370:16:GetFskBandwidthRegValue	24	static
sx1272.c:385:6:SX1272SetRxConfig	32	static
sx1272.c:528:6:SX1272SetTxConfig	32	static
sx1272.c:653:10:SX1272GetTimeOnAir	104	static
sx1272.c:710:6:SX1272Send	24	static
sx1272.c:784:6:SX1272SetSleep	8	static
sx1272.c:797:6:SX1272SetStby	8	static
sx1272.c:806:6:SX1272SetRx	24	static
sx1272.c:923:6:SX1272SetTx	16	static
sx1272.c:988:6:SX1272StartCad	8	static
sx1272.c:1021:6:SX1272SetTxContinuousWave	64	static
sx1272.c:1041:9:SX1272ReadRssi	24	static
sx1272.c:1060:6:SX1272Reset	32	static
sx1272.c:1083:6:SX1272SetOpMode	16	static
sx1272.c:1099:6:SX1272SetModem	16	static
sx1272.c:1136:6:SX1272Write	16	static
sx1272.c:1142:9:SX1272Read	24	static
sx1272.c:1149:6:SX1272WriteBuffer	24	static
sx1272.c:1166:6:SX1272ReadBuffer	24	static
sx1272.c:1184:6:SX1272WriteFifo	16	static
sx1272.c:1189:6:SX1272ReadFifo	16	static
sx1272.c:1194:6:SX1272SetMaxPayloadLength	16	static
sx1272.c:1212:6:SX1272SetPublicNetwork	16	static
sx1272.c:1228:10:SX1272GetWakeupTime	8	static
sx1272.c:1233:6:SX1272OnTimeoutIrq	24	static
sx1272.c:1305:6:SX1272OnDio0Irq	32	static
sx1272.c:1479:6:SX1272OnDio1Irq	16	static
sx1272.c:1565:6:SX1272OnDio2Irq	40	static
sx1272.c:1639:6:SX1272OnDio3Irq	16	static
sx1272.c:1670:6:SX1272OnDio4Irq	16	static
sx1272.c:1689:6:SX1272OnDio5Irq	16	static
