sx1272.c:236:6:SX1272BoardInit	16	static
sx1272.c:241:10:SX1272Init	24	static
sx1272.c:273:14:SX1272GetStatus	4	static
sx1272.c:278:6:SX1272SetChannel	32	static
sx1272.c:291:6:SX1272IsChannelFree	32	static
sx1272.c:327:10:SX1272Random	16	static
sx1272.c:369:16:GetFskBandwidthRegValue	24	static
sx1272.c:384:6:SX1272SetRxConfig	32	static
sx1272.c:527:6:SX1272SetTxConfig	32	static
sx1272.c:652:10:SX1272GetTimeOnAir	104	static
sx1272.c:709:6:SX1272Send	24	static
sx1272.c:783:6:SX1272SetSleep	8	static
sx1272.c:796:6:SX1272SetStby	8	static
sx1272.c:805:6:SX1272SetRx	24	static
sx1272.c:922:6:SX1272SetTx	16	static
sx1272.c:987:6:SX1272StartCad	8	static
sx1272.c:1020:6:SX1272SetTxContinuousWave	64	static
sx1272.c:1040:9:SX1272ReadRssi	24	static
sx1272.c:1059:6:SX1272Reset	32	static
sx1272.c:1082:6:SX1272SetOpMode	16	static
sx1272.c:1098:6:SX1272SetModem	16	static
sx1272.c:1135:6:SX1272Write	16	static
sx1272.c:1140:9:SX1272Read	24	static
sx1272.c:1147:6:SX1272WriteBuffer	24	static
sx1272.c:1164:6:SX1272ReadBuffer	24	static
sx1272.c:1182:6:SX1272WriteFifo	16	static
sx1272.c:1187:6:SX1272ReadFifo	16	static
sx1272.c:1192:6:SX1272SetMaxPayloadLength	16	static
sx1272.c:1210:6:SX1272SetPublicNetwork	16	static
sx1272.c:1226:10:SX1272GetWakeupTime	8	static
sx1272.c:1231:6:SX1272OnTimeoutIrq	24	static
sx1272.c:1303:6:SX1272OnDio0Irq	32	static
sx1272.c:1477:6:SX1272OnDio1Irq	16	static
sx1272.c:1563:6:SX1272OnDio2Irq	40	static
sx1272.c:1636:6:SX1272OnDio3Irq	16	static
sx1272.c:1667:6:SX1272OnDio4Irq	16	static
sx1272.c:1686:6:SX1272OnDio5Irq	16	static
