low_power.c:34:6:LPM_SetOffMode	32	static,ignoring_inline_asm
low_power.c:62:6:LPM_SetStopMode	32	static,ignoring_inline_asm
low_power.c:89:6:LPM_EnterLowPower	8	static
low_power.c:122:15:LPM_GetMode	24	static,ignoring_inline_asm
low_power.c:151:13:LPM_EnterSleepMode	4	static
low_power.c:152:13:LPM_ExitSleepMode	4	static
low_power.c:153:13:LPM_EnterStopMode	4	static
low_power.c:154:13:LPM_ExitStopMode	4	static
low_power.c:155:13:LPM_EnterOffMode	4	static
low_power.c:156:13:LPM_ExitOffMode	4	static
