sx1272.c:238:6:SX1272BoardInit	16	static
sx1272.c:243:10:SX1272Init	24	static
sx1272.c:275:14:SX1272GetStatus	4	static
sx1272.c:280:6:SX1272SetChannel	32	static
sx1272.c:293:6:SX1272IsChannelFree	32	static
sx1272.c:329:10:SX1272Random	16	static
sx1272.c:371:16:GetFskBandwidthRegValue	24	static
sx1272.c:386:6:SX1272SetRxConfig	32	static
sx1272.c:529:6:SX1272SetTxConfig	32	static
sx1272.c:654:10:SX1272GetTimeOnAir	104	static
sx1272.c:711:6:SX1272Send	24	static
sx1272.c:785:6:SX1272SetSleep	8	static
sx1272.c:798:6:SX1272SetStby	8	static
sx1272.c:807:6:SX1272SetRx	24	static
sx1272.c:924:6:SX1272SetTx	16	static
sx1272.c:989:6:SX1272StartCad	8	static
sx1272.c:1022:6:SX1272SetTxContinuousWave	64	static
sx1272.c:1042:9:SX1272ReadRssi	24	static
sx1272.c:1061:6:SX1272Reset	32	static
sx1272.c:1084:6:SX1272SetOpMode	16	static
sx1272.c:1100:6:SX1272SetModem	16	static
sx1272.c:1137:6:SX1272Write	16	static
sx1272.c:1143:9:SX1272Read	24	static
sx1272.c:1150:6:SX1272WriteBuffer	24	static
sx1272.c:1167:6:SX1272ReadBuffer	24	static
sx1272.c:1185:6:SX1272WriteFifo	16	static
sx1272.c:1190:6:SX1272ReadFifo	16	static
sx1272.c:1195:6:SX1272SetMaxPayloadLength	16	static
sx1272.c:1213:6:SX1272SetPublicNetwork	16	static
sx1272.c:1229:10:SX1272GetWakeupTime	8	static
sx1272.c:1234:6:SX1272OnTimeoutIrq	24	static
sx1272.c:1306:6:SX1272OnDio0Irq	32	static
sx1272.c:1480:6:SX1272OnDio1Irq	16	static
sx1272.c:1566:6:SX1272OnDio2Irq	40	static
sx1272.c:1640:6:SX1272OnDio3Irq	16	static
sx1272.c:1671:6:SX1272OnDio4Irq	16	static
sx1272.c:1690:6:SX1272OnDio5Irq	16	static
